<!doctype html public "-//w3c//dtd html 4.0 transitional//en">
<html><head>
<title>Static Call Graph - [.\Objects\stm32f4Demo.axf]</title></head>
<body><HR>
<H1>Static Call Graph for image .\Objects\stm32f4Demo.axf</H1><HR>
<BR><P>#&#060CALLGRAPH&#062# ARM Linker, 5060528: Last Updated: Sat Mar 17 22:08:21 2018
<BR><P>
<H3>Maximum Stack Usage =       1520 bytes + Unknown(Cycles, Untraceable Function Pointers)</H3><H3>
Call chain for Maximum Stack Depth:</H3>
task2_tgui(void*) &rArr; TGuiRun() &rArr; TSlider::TSlider(long, long, long, long, const char*, TWidget*, bool) &rArr; TBufPainter::drawHorizSlider(long, long, long, long, long, long, bool, unsigned long) &rArr; TBufPainter::drawButton(long, long, long, long, const char*, bool) &rArr; TBufPainter::drawCenterEnText(long, long, long, long, const char*, unsigned long, unsigned long, bool, bool) &rArr; TBufPainter::drawEnText(long, long, const char*, long, bool) &rArr; TBufPainter::displayEnChar(long, long, unsigned char, bool) &rArr; TBufPainter::drawChar(long, long, const unsigned short*, bool) &rArr; TBufPainter::drawPoint(long, long) &rArr; TBufPainter::paintMeta(TRect*) &rArr; gui_dma2d_memset &rArr; DMA2D_Init
<P>
<H3>
Mutually Recursive functions
</H3> <LI><a href="#[25]">ADC_IRQHandler</a>&nbsp;&nbsp;&nbsp;&rArr;&nbsp;&nbsp;&nbsp;<a href="#[25]">ADC_IRQHandler</a><BR>
 <LI><a href="#[256]">TWidget::rectCut(TRect*)</a>&nbsp;&nbsp;&nbsp;&rArr;&nbsp;&nbsp;&nbsp;<a href="#[256]">TWidget::rectCut(TRect*)</a><BR>
 <LI><a href="#[22a]">TObject::destroyChild(TObject*)</a>&nbsp;&nbsp;&nbsp;&rArr;&nbsp;&nbsp;&nbsp;<a href="#[22a]">TObject::destroyChild(TObject*)</a><BR>
 <LI><a href="#[21f]">TWidget::chgChildsXY(TWidget*)</a>&nbsp;&nbsp;&nbsp;&rArr;&nbsp;&nbsp;&nbsp;<a href="#[21f]">TWidget::chgChildsXY(TWidget*)</a><BR>
 <LI><a href="#[243]">TWidget::chgAllInValid(TObjList*, TWidget*, TRect*, TRect*)</a>&nbsp;&nbsp;&nbsp;&rArr;&nbsp;&nbsp;&nbsp;<a href="#[243]">TWidget::chgAllInValid(TObjList*, TWidget*, TRect*, TRect*)</a><BR>
 <LI><a href="#[1f3]">TWidget::showAll(TWidget*)</a>&nbsp;&nbsp;&nbsp;&rArr;&nbsp;&nbsp;&nbsp;<a href="#[1f3]">TWidget::showAll(TWidget*)</a><BR>
 <LI><a href="#[1f1]">TApplication::visitAll(TObject*, TApplication*)</a>&nbsp;&nbsp;&nbsp;&rArr;&nbsp;&nbsp;&nbsp;<a href="#[1f1]">TApplication::visitAll(TObject*, TApplication*)</a><BR>
</UL>
<P>
<H3>
Function Pointers
</H3><UL>
 <LI><a href="#[25]">ADC_IRQHandler</a> from startup_stm32f429_439xx.o(.text) referenced from startup_stm32f429_439xx.o(RESET)
 <LI><a href="#[d]">BusFault_Handler</a> from stm32f4xx_it.o(i.BusFault_Handler) referenced from startup_stm32f429_439xx.o(RESET)
 <LI><a href="#[27]">CAN1_RX0_IRQHandler</a> from startup_stm32f429_439xx.o(.text) referenced from startup_stm32f429_439xx.o(RESET)
 <LI><a href="#[28]">CAN1_RX1_IRQHandler</a> from startup_stm32f429_439xx.o(.text) referenced from startup_stm32f429_439xx.o(RESET)
 <LI><a href="#[29]">CAN1_SCE_IRQHandler</a> from startup_stm32f429_439xx.o(.text) referenced from startup_stm32f429_439xx.o(RESET)
 <LI><a href="#[26]">CAN1_TX_IRQHandler</a> from startup_stm32f429_439xx.o(.text) referenced from startup_stm32f429_439xx.o(RESET)
 <LI><a href="#[53]">CAN2_RX0_IRQHandler</a> from startup_stm32f429_439xx.o(.text) referenced from startup_stm32f429_439xx.o(RESET)
 <LI><a href="#[54]">CAN2_RX1_IRQHandler</a> from startup_stm32f429_439xx.o(.text) referenced from startup_stm32f429_439xx.o(RESET)
 <LI><a href="#[55]">CAN2_SCE_IRQHandler</a> from startup_stm32f429_439xx.o(.text) referenced from startup_stm32f429_439xx.o(RESET)
 <LI><a href="#[52]">CAN2_TX_IRQHandler</a> from startup_stm32f429_439xx.o(.text) referenced from startup_stm32f429_439xx.o(RESET)
 <LI><a href="#[62]">CRYP_IRQHandler</a> from startup_stm32f429_439xx.o(.text) referenced from startup_stm32f429_439xx.o(RESET)
 <LI><a href="#[61]">DCMI_IRQHandler</a> from startup_stm32f429_439xx.o(.text) referenced from startup_stm32f429_439xx.o(RESET)
 <LI><a href="#[1e]">DMA1_Stream0_IRQHandler</a> from startup_stm32f429_439xx.o(.text) referenced from startup_stm32f429_439xx.o(RESET)
 <LI><a href="#[1f]">DMA1_Stream1_IRQHandler</a> from startup_stm32f429_439xx.o(.text) referenced from startup_stm32f429_439xx.o(RESET)
 <LI><a href="#[20]">DMA1_Stream2_IRQHandler</a> from startup_stm32f429_439xx.o(.text) referenced from startup_stm32f429_439xx.o(RESET)
 <LI><a href="#[21]">DMA1_Stream3_IRQHandler</a> from startup_stm32f429_439xx.o(.text) referenced from startup_stm32f429_439xx.o(RESET)
 <LI><a href="#[22]">DMA1_Stream4_IRQHandler</a> from startup_stm32f429_439xx.o(.text) referenced from startup_stm32f429_439xx.o(RESET)
 <LI><a href="#[23]">DMA1_Stream5_IRQHandler</a> from startup_stm32f429_439xx.o(.text) referenced from startup_stm32f429_439xx.o(RESET)
 <LI><a href="#[24]">DMA1_Stream6_IRQHandler</a> from startup_stm32f429_439xx.o(.text) referenced from startup_stm32f429_439xx.o(RESET)
 <LI><a href="#[42]">DMA1_Stream7_IRQHandler</a> from startup_stm32f429_439xx.o(.text) referenced from startup_stm32f429_439xx.o(RESET)
 <LI><a href="#[6d]">DMA2D_IRQHandler</a> from startup_stm32f429_439xx.o(.text) referenced from startup_stm32f429_439xx.o(RESET)
 <LI><a href="#[4b]">DMA2_Stream0_IRQHandler</a> from startup_stm32f429_439xx.o(.text) referenced from startup_stm32f429_439xx.o(RESET)
 <LI><a href="#[4c]">DMA2_Stream1_IRQHandler</a> from startup_stm32f429_439xx.o(.text) referenced from startup_stm32f429_439xx.o(RESET)
 <LI><a href="#[4d]">DMA2_Stream2_IRQHandler</a> from startup_stm32f429_439xx.o(.text) referenced from startup_stm32f429_439xx.o(RESET)
 <LI><a href="#[4e]">DMA2_Stream3_IRQHandler</a> from startup_stm32f429_439xx.o(.text) referenced from startup_stm32f429_439xx.o(RESET)
 <LI><a href="#[4f]">DMA2_Stream4_IRQHandler</a> from startup_stm32f429_439xx.o(.text) referenced from startup_stm32f429_439xx.o(RESET)
 <LI><a href="#[57]">DMA2_Stream5_IRQHandler</a> from startup_stm32f429_439xx.o(.text) referenced from startup_stm32f429_439xx.o(RESET)
 <LI><a href="#[58]">DMA2_Stream6_IRQHandler</a> from startup_stm32f429_439xx.o(.text) referenced from startup_stm32f429_439xx.o(RESET)
 <LI><a href="#[59]">DMA2_Stream7_IRQHandler</a> from startup_stm32f429_439xx.o(.text) referenced from startup_stm32f429_439xx.o(RESET)
 <LI><a href="#[10]">DebugMon_Handler</a> from stm32f4xx_it.o(i.DebugMon_Handler) referenced from startup_stm32f429_439xx.o(RESET)
 <LI><a href="#[50]">ETH_IRQHandler</a> from startup_stm32f429_439xx.o(.text) referenced from startup_stm32f429_439xx.o(RESET)
 <LI><a href="#[51]">ETH_WKUP_IRQHandler</a> from startup_stm32f429_439xx.o(.text) referenced from startup_stm32f429_439xx.o(RESET)
 <LI><a href="#[19]">EXTI0_IRQHandler</a> from startup_stm32f429_439xx.o(.text) referenced from startup_stm32f429_439xx.o(RESET)
 <LI><a href="#[3b]">EXTI15_10_IRQHandler</a> from stm32f4xx_it.o(i.EXTI15_10_IRQHandler) referenced from startup_stm32f429_439xx.o(RESET)
 <LI><a href="#[1a]">EXTI1_IRQHandler</a> from startup_stm32f429_439xx.o(.text) referenced from startup_stm32f429_439xx.o(RESET)
 <LI><a href="#[1b]">EXTI2_IRQHandler</a> from startup_stm32f429_439xx.o(.text) referenced from startup_stm32f429_439xx.o(RESET)
 <LI><a href="#[1c]">EXTI3_IRQHandler</a> from startup_stm32f429_439xx.o(.text) referenced from startup_stm32f429_439xx.o(RESET)
 <LI><a href="#[1d]">EXTI4_IRQHandler</a> from startup_stm32f429_439xx.o(.text) referenced from startup_stm32f429_439xx.o(RESET)
 <LI><a href="#[2a]">EXTI9_5_IRQHandler</a> from startup_stm32f429_439xx.o(.text) referenced from startup_stm32f429_439xx.o(RESET)
 <LI><a href="#[17]">FLASH_IRQHandler</a> from startup_stm32f429_439xx.o(.text) referenced from startup_stm32f429_439xx.o(RESET)
 <LI><a href="#[43]">FMC_IRQHandler</a> from startup_stm32f429_439xx.o(.text) referenced from startup_stm32f429_439xx.o(RESET)
 <LI><a href="#[64]">FPU_IRQHandler</a> from startup_stm32f429_439xx.o(.text) referenced from startup_stm32f429_439xx.o(RESET)
 <LI><a href="#[63]">HASH_RNG_IRQHandler</a> from startup_stm32f429_439xx.o(.text) referenced from startup_stm32f429_439xx.o(RESET)
 <LI><a href="#[b]">HardFault_Handler</a> from stm32f4xx_it.o(i.HardFault_Handler) referenced from startup_stm32f429_439xx.o(RESET)
 <LI><a href="#[33]">I2C1_ER_IRQHandler</a> from startup_stm32f429_439xx.o(.text) referenced from startup_stm32f429_439xx.o(RESET)
 <LI><a href="#[32]">I2C1_EV_IRQHandler</a> from startup_stm32f429_439xx.o(.text) referenced from startup_stm32f429_439xx.o(RESET)
 <LI><a href="#[35]">I2C2_ER_IRQHandler</a> from startup_stm32f429_439xx.o(.text) referenced from startup_stm32f429_439xx.o(RESET)
 <LI><a href="#[34]">I2C2_EV_IRQHandler</a> from startup_stm32f429_439xx.o(.text) referenced from startup_stm32f429_439xx.o(RESET)
 <LI><a href="#[5c]">I2C3_ER_IRQHandler</a> from startup_stm32f429_439xx.o(.text) referenced from startup_stm32f429_439xx.o(RESET)
 <LI><a href="#[5b]">I2C3_EV_IRQHandler</a> from startup_stm32f429_439xx.o(.text) referenced from startup_stm32f429_439xx.o(RESET)
 <LI><a href="#[6c]">LTDC_ER_IRQHandler</a> from startup_stm32f429_439xx.o(.text) referenced from startup_stm32f429_439xx.o(RESET)
 <LI><a href="#[6b]">LTDC_IRQHandler</a> from startup_stm32f429_439xx.o(.text) referenced from startup_stm32f429_439xx.o(RESET)
 <LI><a href="#[c]">MemManage_Handler</a> from stm32f4xx_it.o(i.MemManage_Handler) referenced from startup_stm32f429_439xx.o(RESET)
 <LI><a href="#[a]">NMI_Handler</a> from stm32f4xx_it.o(i.NMI_Handler) referenced from startup_stm32f429_439xx.o(RESET)
 <LI><a href="#[56]">OTG_FS_IRQHandler</a> from startup_stm32f429_439xx.o(.text) referenced from startup_stm32f429_439xx.o(RESET)
 <LI><a href="#[3d]">OTG_FS_WKUP_IRQHandler</a> from startup_stm32f429_439xx.o(.text) referenced from startup_stm32f429_439xx.o(RESET)
 <LI><a href="#[5e]">OTG_HS_EP1_IN_IRQHandler</a> from startup_stm32f429_439xx.o(.text) referenced from startup_stm32f429_439xx.o(RESET)
 <LI><a href="#[5d]">OTG_HS_EP1_OUT_IRQHandler</a> from startup_stm32f429_439xx.o(.text) referenced from startup_stm32f429_439xx.o(RESET)
 <LI><a href="#[60]">OTG_HS_IRQHandler</a> from startup_stm32f429_439xx.o(.text) referenced from startup_stm32f429_439xx.o(RESET)
 <LI><a href="#[5f]">OTG_HS_WKUP_IRQHandler</a> from startup_stm32f429_439xx.o(.text) referenced from startup_stm32f429_439xx.o(RESET)
 <LI><a href="#[14]">PVD_IRQHandler</a> from startup_stm32f429_439xx.o(.text) referenced from startup_stm32f429_439xx.o(RESET)
 <LI><a href="#[11]">PendSV_Handler</a> from port.o(.emb_text) referenced from startup_stm32f429_439xx.o(RESET)
 <LI><a href="#[18]">RCC_IRQHandler</a> from startup_stm32f429_439xx.o(.text) referenced from startup_stm32f429_439xx.o(RESET)
 <LI><a href="#[3c]">RTC_Alarm_IRQHandler</a> from startup_stm32f429_439xx.o(.text) referenced from startup_stm32f429_439xx.o(RESET)
 <LI><a href="#[16]">RTC_WKUP_IRQHandler</a> from startup_stm32f429_439xx.o(.text) referenced from startup_stm32f429_439xx.o(RESET)
 <LI><a href="#[9]">Reset_Handler</a> from startup_stm32f429_439xx.o(.text) referenced from startup_stm32f429_439xx.o(RESET)
 <LI><a href="#[6a]">SAI1_IRQHandler</a> from startup_stm32f429_439xx.o(.text) referenced from startup_stm32f429_439xx.o(RESET)
 <LI><a href="#[44]">SDIO_IRQHandler</a> from startup_stm32f429_439xx.o(.text) referenced from startup_stm32f429_439xx.o(RESET)
 <LI><a href="#[70]">SDRAMConfig</a> from sdram_conf.o(i.SDRAMConfig) referenced from startup_stm32f429_439xx.o(.text)
 <LI><a href="#[36]">SPI1_IRQHandler</a> from startup_stm32f429_439xx.o(.text) referenced from startup_stm32f429_439xx.o(RESET)
 <LI><a href="#[37]">SPI2_IRQHandler</a> from startup_stm32f429_439xx.o(.text) referenced from startup_stm32f429_439xx.o(RESET)
 <LI><a href="#[46]">SPI3_IRQHandler</a> from startup_stm32f429_439xx.o(.text) referenced from startup_stm32f429_439xx.o(RESET)
 <LI><a href="#[67]">SPI4_IRQHandler</a> from startup_stm32f429_439xx.o(.text) referenced from startup_stm32f429_439xx.o(RESET)
 <LI><a href="#[68]">SPI5_IRQHandler</a> from startup_stm32f429_439xx.o(.text) referenced from startup_stm32f429_439xx.o(RESET)
 <LI><a href="#[69]">SPI6_IRQHandler</a> from startup_stm32f429_439xx.o(.text) referenced from startup_stm32f429_439xx.o(RESET)
 <LI><a href="#[f]">SVC_Handler</a> from port.o(.emb_text) referenced from startup_stm32f429_439xx.o(RESET)
 <LI><a href="#[12]">SysTick_Handler</a> from port.o(i.SysTick_Handler) referenced from startup_stm32f429_439xx.o(RESET)
 <LI><a href="#[6f]">SystemInit</a> from system_stm32f4xx.o(i.SystemInit) referenced from startup_stm32f429_439xx.o(.text)
 <LI><a href="#[15]">TAMP_STAMP_IRQHandler</a> from startup_stm32f429_439xx.o(.text) referenced from startup_stm32f429_439xx.o(RESET)
 <LI><a href="#[2b]">TIM1_BRK_TIM9_IRQHandler</a> from startup_stm32f429_439xx.o(.text) referenced from startup_stm32f429_439xx.o(RESET)
 <LI><a href="#[2e]">TIM1_CC_IRQHandler</a> from startup_stm32f429_439xx.o(.text) referenced from startup_stm32f429_439xx.o(RESET)
 <LI><a href="#[2d]">TIM1_TRG_COM_TIM11_IRQHandler</a> from startup_stm32f429_439xx.o(.text) referenced from startup_stm32f429_439xx.o(RESET)
 <LI><a href="#[2c]">TIM1_UP_TIM10_IRQHandler</a> from startup_stm32f429_439xx.o(.text) referenced from startup_stm32f429_439xx.o(RESET)
 <LI><a href="#[2f]">TIM2_IRQHandler</a> from startup_stm32f429_439xx.o(.text) referenced from startup_stm32f429_439xx.o(RESET)
 <LI><a href="#[30]">TIM3_IRQHandler</a> from startup_stm32f429_439xx.o(.text) referenced from startup_stm32f429_439xx.o(RESET)
 <LI><a href="#[31]">TIM4_IRQHandler</a> from startup_stm32f429_439xx.o(.text) referenced from startup_stm32f429_439xx.o(RESET)
 <LI><a href="#[45]">TIM5_IRQHandler</a> from startup_stm32f429_439xx.o(.text) referenced from startup_stm32f429_439xx.o(RESET)
 <LI><a href="#[49]">TIM6_DAC_IRQHandler</a> from stm32f4xx_it.o(i.TIM6_DAC_IRQHandler) referenced from startup_stm32f429_439xx.o(RESET)
 <LI><a href="#[4a]">TIM7_IRQHandler</a> from startup_stm32f429_439xx.o(.text) referenced from startup_stm32f429_439xx.o(RESET)
 <LI><a href="#[3e]">TIM8_BRK_TIM12_IRQHandler</a> from startup_stm32f429_439xx.o(.text) referenced from startup_stm32f429_439xx.o(RESET)
 <LI><a href="#[41]">TIM8_CC_IRQHandler</a> from startup_stm32f429_439xx.o(.text) referenced from startup_stm32f429_439xx.o(RESET)
 <LI><a href="#[40]">TIM8_TRG_COM_TIM14_IRQHandler</a> from startup_stm32f429_439xx.o(.text) referenced from startup_stm32f429_439xx.o(RESET)
 <LI><a href="#[3f]">TIM8_UP_TIM13_IRQHandler</a> from startup_stm32f429_439xx.o(.text) referenced from startup_stm32f429_439xx.o(RESET)
 <LI><a href="#[47]">UART4_IRQHandler</a> from startup_stm32f429_439xx.o(.text) referenced from startup_stm32f429_439xx.o(RESET)
 <LI><a href="#[48]">UART5_IRQHandler</a> from startup_stm32f429_439xx.o(.text) referenced from startup_stm32f429_439xx.o(RESET)
 <LI><a href="#[65]">UART7_IRQHandler</a> from startup_stm32f429_439xx.o(.text) referenced from startup_stm32f429_439xx.o(RESET)
 <LI><a href="#[66]">UART8_IRQHandler</a> from startup_stm32f429_439xx.o(.text) referenced from startup_stm32f429_439xx.o(RESET)
 <LI><a href="#[38]">USART1_IRQHandler</a> from stm32f4xx_it.o(i.USART1_IRQHandler) referenced from startup_stm32f429_439xx.o(RESET)
 <LI><a href="#[39]">USART2_IRQHandler</a> from startup_stm32f429_439xx.o(.text) referenced from startup_stm32f429_439xx.o(RESET)
 <LI><a href="#[3a]">USART3_IRQHandler</a> from startup_stm32f429_439xx.o(.text) referenced from startup_stm32f429_439xx.o(RESET)
 <LI><a href="#[5a]">USART6_IRQHandler</a> from startup_stm32f429_439xx.o(.text) referenced from startup_stm32f429_439xx.o(RESET)
 <LI><a href="#[e]">UsageFault_Handler</a> from stm32f4xx_it.o(i.UsageFault_Handler) referenced from startup_stm32f429_439xx.o(RESET)
 <LI><a href="#[13]">WWDG_IRQHandler</a> from startup_stm32f429_439xx.o(.text) referenced from startup_stm32f429_439xx.o(RESET)
 <LI><a href="#[75]">task0_temp(void*)</a> from main.o(i._Z10task0_tempPv) referenced from main.o(i.main)
 <LI><a href="#[77]">task2_tgui(void*)</a> from main.o(i._Z10task2_tguiPv) referenced from main.o(i.main)
 <LI><a href="#[78]">task3_driver(void*)</a> from main.o(i._Z12task3_driverPv) referenced from main.o(i.main)
 <LI><a href="#[73]">__default_new_handler()</a> from arm_newhandler_noexceptions.o(.text) referenced from new.o(i._Znwj)
 <LI><a href="#[76]">task1_led(void*)</a> from main.o(i._Z9task1_ledPv) referenced from main.o(i.main)
 <LI><a href="#[94]">TPushButton::sig_depress(long, long)</a> from tpushbutton.o(i._ZN11TPushButton11sig_depressEll) referenced from tpushbutton.o(.constdata__ZTV11TPushButton)
 <LI><a href="#[95]">TPushButton::sig_release(long, long)</a> from tpushbutton.o(i._ZN11TPushButton11sig_releaseEll) referenced from tpushbutton.o(.constdata__ZTV11TPushButton)
 <LI><a href="#[80]">TPushButton::show()</a> from tpushbutton.o(i._ZN11TPushButton4showEv) referenced from tpushbutton.o(.constdata__ZTV11TPushButton)
 <LI><a href="#[96]">TPushButton::release()</a> from tpushbutton.o(i._ZN11TPushButton7releaseEv) referenced from tpushbutton.o(.constdata__ZTV11TPushButton)
 <LI><a href="#[7e]">TPushButton::~TPushButton__deallocating()</a> from tpushbutton.o(i._ZN11TPushButtonD0Ev) referenced from tpushbutton.o(.constdata__ZTV11TPushButton)
 <LI><a href="#[7d]">TPushButton::~TPushButton()</a> from tguimain.o(i._ZN11TPushButtonD1Ev) referenced from tpushbutton.o(.constdata__ZTV11TPushButton)
 <LI><a href="#[98]">TTouchEvent::~TTouchEvent__deallocating()</a> from tapplication.o(i._ZN11TTouchEventD0Ev) referenced from tapplication.o(.constdata__ZTV11TTouchEvent)
 <LI><a href="#[97]">TTouchEvent::~TTouchEvent()</a> from tapplication.o(i._ZN11TTouchEventD1Ev) referenced from tapplication.o(.constdata__ZTV11TTouchEvent)
 <LI><a href="#[9a]">tCollection&lang;TConnection*&rang;::deleteItem(void*)</a> from tobject.o(t._ZN11tCollectionIP11TConnectionE10deleteItemEPv) referenced from tobject.o(.constdata__ZTV11tCollectionIP11TConnectionE)
 <LI><a href="#[9b]">tCollection&lang;TObject*&rang;::deleteItem(void*)</a> from tconnection.o(t._ZN11tCollectionIP7TObjectE10deleteItemEPv) referenced from tconnection.o(.constdata__ZTV11tCollectionIP7TObjectE)
 <LI><a href="#[9c]">tCollection&lang;TWidget*&rang;::deleteItem(void*)</a> from twidget.o(t._ZN11tCollectionIP7TWidgetE10deleteItemEPv) referenced from twidget.o(.constdata__ZTV11tCollectionIP7TWidgetE)
 <LI><a href="#[9d]">tWidgetList::clear()</a> from twidget.o(i._ZN11tWidgetList5clearEv) referenced from twidget.o(.constdata__ZTV11tWidgetList)
 <LI><a href="#[9f]">tWidgetList::~tWidgetList__deallocating()</a> from twidget.o(i._ZN11tWidgetListD0Ev) referenced from twidget.o(.constdata__ZTV11tWidgetList)
 <LI><a href="#[9e]">tWidgetList::~tWidgetList()</a> from twidget.o(i._ZN11tWidgetListD1Ev) referenced from twidget.o(.constdata__ZTV11tWidgetList)
 <LI><a href="#[a2]">TConnectList::clear()</a> from tobject.o(i._ZN12TConnectList5clearEv) referenced from tobject.o(.constdata__ZTV12TConnectList)
 <LI><a href="#[a7]">TRadioButton::sig_depress(long, long)</a> from tradiobutton.o(i._ZN12TRadioButton11sig_depressEll) referenced from tradiobutton.o(.constdata__ZTV12TRadioButton)
 <LI><a href="#[a8]">TRadioButton::sig_release(long, long)</a> from tradiobutton.o(i._ZN12TRadioButton11sig_releaseEll) referenced from tradiobutton.o(.constdata__ZTV12TRadioButton)
 <LI><a href="#[a6]">TRadioButton::show()</a> from tradiobutton.o(i._ZN12TRadioButton4showEv) referenced from tradiobutton.o(.constdata__ZTV12TRadioButton)
 <LI><a href="#[a9]">TRadioButton::release()</a> from tradiobutton.o(i._ZN12TRadioButton7releaseEv) referenced from tradiobutton.o(.constdata__ZTV12TRadioButton)
 <LI><a href="#[a5]">TRadioButton::~TRadioButton__deallocating()</a> from tradiobutton.o(i._ZN12TRadioButtonD0Ev) referenced from tradiobutton.o(.constdata__ZTV12TRadioButton)
 <LI><a href="#[a4]">TRadioButton::~TRadioButton()</a> from tguimain.o(i._ZN12TRadioButtonD1Ev) referenced from tradiobutton.o(.constdata__ZTV12TRadioButton)
 <LI><a href="#[ac]">TTouchDirver::obtainData()</a> from tdirver.o(i._ZN12TTouchDirver10obtainDataEv) referenced from tdirver.o(.constdata__ZTV12TTouchDirver)
 <LI><a href="#[ab]">TTouchDirver::dataBack()</a> from tdirver.o(i._ZN12TTouchDirver8dataBackEv) referenced from tdirver.o(.constdata__ZTV12TTouchDirver)
 <LI><a href="#[aa]">TTouchDirver::dataFront()</a> from tdirver.o(i._ZN12TTouchDirver9dataFrontEv) referenced from tdirver.o(.constdata__ZTV12TTouchDirver)
 <LI><a href="#[93]">TAbstractButton::closeEvent(TCloseEvent*)</a> from tabstractbutton.o(i._ZN15TAbstractButton10closeEventEP11TCloseEvent) referenced from tpushbutton.o(.constdata__ZTV11TPushButton)
 <LI><a href="#[93]">TAbstractButton::closeEvent(TCloseEvent*)</a> from tabstractbutton.o(i._ZN15TAbstractButton10closeEventEP11TCloseEvent) referenced from tradiobutton.o(.constdata__ZTV12TRadioButton)
 <LI><a href="#[93]">TAbstractButton::closeEvent(TCloseEvent*)</a> from tabstractbutton.o(i._ZN15TAbstractButton10closeEventEP11TCloseEvent) referenced from tabstractbutton.o(.constdata__ZTV15TAbstractButton)
 <LI><a href="#[93]">TAbstractButton::closeEvent(TCloseEvent*)</a> from tabstractbutton.o(i._ZN15TAbstractButton10closeEventEP11TCloseEvent) referenced from tcheckbox.o(.constdata__ZTV9TCheckBox)
 <LI><a href="#[8e]">TAbstractButton::enterEvent(TEvent*)</a> from tabstractbutton.o(i._ZN15TAbstractButton10enterEventEP6TEvent) referenced from tpushbutton.o(.constdata__ZTV11TPushButton)
 <LI><a href="#[8e]">TAbstractButton::enterEvent(TEvent*)</a> from tabstractbutton.o(i._ZN15TAbstractButton10enterEventEP6TEvent) referenced from tradiobutton.o(.constdata__ZTV12TRadioButton)
 <LI><a href="#[8e]">TAbstractButton::enterEvent(TEvent*)</a> from tabstractbutton.o(i._ZN15TAbstractButton10enterEventEP6TEvent) referenced from tabstractbutton.o(.constdata__ZTV15TAbstractButton)
 <LI><a href="#[8e]">TAbstractButton::enterEvent(TEvent*)</a> from tabstractbutton.o(i._ZN15TAbstractButton10enterEventEP6TEvent) referenced from tcheckbox.o(.constdata__ZTV9TCheckBox)
 <LI><a href="#[8f]">TAbstractButton::leaveEvent(TEvent*)</a> from tabstractbutton.o(i._ZN15TAbstractButton10leaveEventEP6TEvent) referenced from tpushbutton.o(.constdata__ZTV11TPushButton)
 <LI><a href="#[8f]">TAbstractButton::leaveEvent(TEvent*)</a> from tabstractbutton.o(i._ZN15TAbstractButton10leaveEventEP6TEvent) referenced from tradiobutton.o(.constdata__ZTV12TRadioButton)
 <LI><a href="#[8f]">TAbstractButton::leaveEvent(TEvent*)</a> from tabstractbutton.o(i._ZN15TAbstractButton10leaveEventEP6TEvent) referenced from tabstractbutton.o(.constdata__ZTV15TAbstractButton)
 <LI><a href="#[8f]">TAbstractButton::leaveEvent(TEvent*)</a> from tabstractbutton.o(i._ZN15TAbstractButton10leaveEventEP6TEvent) referenced from tcheckbox.o(.constdata__ZTV9TCheckBox)
 <LI><a href="#[90]">TAbstractButton::painTEvent(TPainTEvent*)</a> from tabstractbutton.o(i._ZN15TAbstractButton10painTEventEP11TPainTEvent) referenced from tpushbutton.o(.constdata__ZTV11TPushButton)
 <LI><a href="#[90]">TAbstractButton::painTEvent(TPainTEvent*)</a> from tabstractbutton.o(i._ZN15TAbstractButton10painTEventEP11TPainTEvent) referenced from tradiobutton.o(.constdata__ZTV12TRadioButton)
 <LI><a href="#[90]">TAbstractButton::painTEvent(TPainTEvent*)</a> from tabstractbutton.o(i._ZN15TAbstractButton10painTEventEP11TPainTEvent) referenced from tabstractbutton.o(.constdata__ZTV15TAbstractButton)
 <LI><a href="#[90]">TAbstractButton::painTEvent(TPainTEvent*)</a> from tabstractbutton.o(i._ZN15TAbstractButton10painTEventEP11TPainTEvent) referenced from tcheckbox.o(.constdata__ZTV9TCheckBox)
 <LI><a href="#[92]">TAbstractButton::resizeEvent(TResizeEvent*)</a> from tabstractbutton.o(i._ZN15TAbstractButton11resizeEventEP12TResizeEvent) referenced from tpushbutton.o(.constdata__ZTV11TPushButton)
 <LI><a href="#[92]">TAbstractButton::resizeEvent(TResizeEvent*)</a> from tabstractbutton.o(i._ZN15TAbstractButton11resizeEventEP12TResizeEvent) referenced from tradiobutton.o(.constdata__ZTV12TRadioButton)
 <LI><a href="#[92]">TAbstractButton::resizeEvent(TResizeEvent*)</a> from tabstractbutton.o(i._ZN15TAbstractButton11resizeEventEP12TResizeEvent) referenced from tabstractbutton.o(.constdata__ZTV15TAbstractButton)
 <LI><a href="#[92]">TAbstractButton::resizeEvent(TResizeEvent*)</a> from tabstractbutton.o(i._ZN15TAbstractButton11resizeEventEP12TResizeEvent) referenced from tcheckbox.o(.constdata__ZTV9TCheckBox)
 <LI><a href="#[8c]">TAbstractButton::focusInEvent(TFocusEvent*)</a> from tabstractbutton.o(i._ZN15TAbstractButton12focusInEventEP11TFocusEvent) referenced from tpushbutton.o(.constdata__ZTV11TPushButton)
 <LI><a href="#[8c]">TAbstractButton::focusInEvent(TFocusEvent*)</a> from tabstractbutton.o(i._ZN15TAbstractButton12focusInEventEP11TFocusEvent) referenced from tradiobutton.o(.constdata__ZTV12TRadioButton)
 <LI><a href="#[8c]">TAbstractButton::focusInEvent(TFocusEvent*)</a> from tabstractbutton.o(i._ZN15TAbstractButton12focusInEventEP11TFocusEvent) referenced from tabstractbutton.o(.constdata__ZTV15TAbstractButton)
 <LI><a href="#[8c]">TAbstractButton::focusInEvent(TFocusEvent*)</a> from tabstractbutton.o(i._ZN15TAbstractButton12focusInEventEP11TFocusEvent) referenced from tcheckbox.o(.constdata__ZTV9TCheckBox)
 <LI><a href="#[8d]">TAbstractButton::focusOuTEvent(TFocusEvent*)</a> from tabstractbutton.o(i._ZN15TAbstractButton13focusOuTEventEP11TFocusEvent) referenced from tpushbutton.o(.constdata__ZTV11TPushButton)
 <LI><a href="#[8d]">TAbstractButton::focusOuTEvent(TFocusEvent*)</a> from tabstractbutton.o(i._ZN15TAbstractButton13focusOuTEventEP11TFocusEvent) referenced from tradiobutton.o(.constdata__ZTV12TRadioButton)
 <LI><a href="#[8d]">TAbstractButton::focusOuTEvent(TFocusEvent*)</a> from tabstractbutton.o(i._ZN15TAbstractButton13focusOuTEventEP11TFocusEvent) referenced from tabstractbutton.o(.constdata__ZTV15TAbstractButton)
 <LI><a href="#[8d]">TAbstractButton::focusOuTEvent(TFocusEvent*)</a> from tabstractbutton.o(i._ZN15TAbstractButton13focusOuTEventEP11TFocusEvent) referenced from tcheckbox.o(.constdata__ZTV9TCheckBox)
 <LI><a href="#[8a]">TAbstractButton::keyPressEvent(TKeyEvent*)</a> from tabstractbutton.o(i._ZN15TAbstractButton13keyPressEventEP9TKeyEvent) referenced from tpushbutton.o(.constdata__ZTV11TPushButton)
 <LI><a href="#[8a]">TAbstractButton::keyPressEvent(TKeyEvent*)</a> from tabstractbutton.o(i._ZN15TAbstractButton13keyPressEventEP9TKeyEvent) referenced from tradiobutton.o(.constdata__ZTV12TRadioButton)
 <LI><a href="#[8a]">TAbstractButton::keyPressEvent(TKeyEvent*)</a> from tabstractbutton.o(i._ZN15TAbstractButton13keyPressEventEP9TKeyEvent) referenced from tabstractbutton.o(.constdata__ZTV15TAbstractButton)
 <LI><a href="#[8a]">TAbstractButton::keyPressEvent(TKeyEvent*)</a> from tabstractbutton.o(i._ZN15TAbstractButton13keyPressEventEP9TKeyEvent) referenced from tcheckbox.o(.constdata__ZTV9TCheckBox)
 <LI><a href="#[89]">TAbstractButton::mouseMoveEvent(TMouseEvent*)</a> from tabstractbutton.o(i._ZN15TAbstractButton14mouseMoveEventEP11TMouseEvent) referenced from tpushbutton.o(.constdata__ZTV11TPushButton)
 <LI><a href="#[89]">TAbstractButton::mouseMoveEvent(TMouseEvent*)</a> from tabstractbutton.o(i._ZN15TAbstractButton14mouseMoveEventEP11TMouseEvent) referenced from tradiobutton.o(.constdata__ZTV12TRadioButton)
 <LI><a href="#[89]">TAbstractButton::mouseMoveEvent(TMouseEvent*)</a> from tabstractbutton.o(i._ZN15TAbstractButton14mouseMoveEventEP11TMouseEvent) referenced from tabstractbutton.o(.constdata__ZTV15TAbstractButton)
 <LI><a href="#[89]">TAbstractButton::mouseMoveEvent(TMouseEvent*)</a> from tabstractbutton.o(i._ZN15TAbstractButton14mouseMoveEventEP11TMouseEvent) referenced from tcheckbox.o(.constdata__ZTV9TCheckBox)
 <LI><a href="#[84]">TAbstractButton::touchMoveEvent(TTouchEvent*)</a> from tabstractbutton.o(i._ZN15TAbstractButton14touchMoveEventEP11TTouchEvent) referenced from tpushbutton.o(.constdata__ZTV11TPushButton)
 <LI><a href="#[84]">TAbstractButton::touchMoveEvent(TTouchEvent*)</a> from tabstractbutton.o(i._ZN15TAbstractButton14touchMoveEventEP11TTouchEvent) referenced from tradiobutton.o(.constdata__ZTV12TRadioButton)
 <LI><a href="#[84]">TAbstractButton::touchMoveEvent(TTouchEvent*)</a> from tabstractbutton.o(i._ZN15TAbstractButton14touchMoveEventEP11TTouchEvent) referenced from tabstractbutton.o(.constdata__ZTV15TAbstractButton)
 <LI><a href="#[84]">TAbstractButton::touchMoveEvent(TTouchEvent*)</a> from tabstractbutton.o(i._ZN15TAbstractButton14touchMoveEventEP11TTouchEvent) referenced from tcheckbox.o(.constdata__ZTV9TCheckBox)
 <LI><a href="#[8b]">TAbstractButton::keyReleaseEvent(TKeyEvent*)</a> from tabstractbutton.o(i._ZN15TAbstractButton15keyReleaseEventEP9TKeyEvent) referenced from tpushbutton.o(.constdata__ZTV11TPushButton)
 <LI><a href="#[8b]">TAbstractButton::keyReleaseEvent(TKeyEvent*)</a> from tabstractbutton.o(i._ZN15TAbstractButton15keyReleaseEventEP9TKeyEvent) referenced from tradiobutton.o(.constdata__ZTV12TRadioButton)
 <LI><a href="#[8b]">TAbstractButton::keyReleaseEvent(TKeyEvent*)</a> from tabstractbutton.o(i._ZN15TAbstractButton15keyReleaseEventEP9TKeyEvent) referenced from tabstractbutton.o(.constdata__ZTV15TAbstractButton)
 <LI><a href="#[8b]">TAbstractButton::keyReleaseEvent(TKeyEvent*)</a> from tabstractbutton.o(i._ZN15TAbstractButton15keyReleaseEventEP9TKeyEvent) referenced from tcheckbox.o(.constdata__ZTV9TCheckBox)
 <LI><a href="#[88]">TAbstractButton::mouseClickEvent(TMouseEvent*)</a> from tabstractbutton.o(i._ZN15TAbstractButton15mouseClickEventEP11TMouseEvent) referenced from tpushbutton.o(.constdata__ZTV11TPushButton)
 <LI><a href="#[88]">TAbstractButton::mouseClickEvent(TMouseEvent*)</a> from tabstractbutton.o(i._ZN15TAbstractButton15mouseClickEventEP11TMouseEvent) referenced from tradiobutton.o(.constdata__ZTV12TRadioButton)
 <LI><a href="#[88]">TAbstractButton::mouseClickEvent(TMouseEvent*)</a> from tabstractbutton.o(i._ZN15TAbstractButton15mouseClickEventEP11TMouseEvent) referenced from tabstractbutton.o(.constdata__ZTV15TAbstractButton)
 <LI><a href="#[88]">TAbstractButton::mouseClickEvent(TMouseEvent*)</a> from tabstractbutton.o(i._ZN15TAbstractButton15mouseClickEventEP11TMouseEvent) referenced from tcheckbox.o(.constdata__ZTV9TCheckBox)
 <LI><a href="#[85]">TAbstractButton::mousePressEvent(TMouseEvent*)</a> from tabstractbutton.o(i._ZN15TAbstractButton15mousePressEventEP11TMouseEvent) referenced from tpushbutton.o(.constdata__ZTV11TPushButton)
 <LI><a href="#[85]">TAbstractButton::mousePressEvent(TMouseEvent*)</a> from tabstractbutton.o(i._ZN15TAbstractButton15mousePressEventEP11TMouseEvent) referenced from tradiobutton.o(.constdata__ZTV12TRadioButton)
 <LI><a href="#[85]">TAbstractButton::mousePressEvent(TMouseEvent*)</a> from tabstractbutton.o(i._ZN15TAbstractButton15mousePressEventEP11TMouseEvent) referenced from tabstractbutton.o(.constdata__ZTV15TAbstractButton)
 <LI><a href="#[85]">TAbstractButton::mousePressEvent(TMouseEvent*)</a> from tabstractbutton.o(i._ZN15TAbstractButton15mousePressEventEP11TMouseEvent) referenced from tcheckbox.o(.constdata__ZTV9TCheckBox)
 <LI><a href="#[83]">TAbstractButton::touchClickEvent(TTouchEvent*)</a> from tabstractbutton.o(i._ZN15TAbstractButton15touchClickEventEP11TTouchEvent) referenced from tpushbutton.o(.constdata__ZTV11TPushButton)
 <LI><a href="#[83]">TAbstractButton::touchClickEvent(TTouchEvent*)</a> from tabstractbutton.o(i._ZN15TAbstractButton15touchClickEventEP11TTouchEvent) referenced from tradiobutton.o(.constdata__ZTV12TRadioButton)
 <LI><a href="#[83]">TAbstractButton::touchClickEvent(TTouchEvent*)</a> from tabstractbutton.o(i._ZN15TAbstractButton15touchClickEventEP11TTouchEvent) referenced from tabstractbutton.o(.constdata__ZTV15TAbstractButton)
 <LI><a href="#[83]">TAbstractButton::touchClickEvent(TTouchEvent*)</a> from tabstractbutton.o(i._ZN15TAbstractButton15touchClickEventEP11TTouchEvent) referenced from tcheckbox.o(.constdata__ZTV9TCheckBox)
 <LI><a href="#[81]">TAbstractButton::touchPressEvent(TTouchEvent*)</a> from tabstractbutton.o(i._ZN15TAbstractButton15touchPressEventEP11TTouchEvent) referenced from tpushbutton.o(.constdata__ZTV11TPushButton)
 <LI><a href="#[81]">TAbstractButton::touchPressEvent(TTouchEvent*)</a> from tabstractbutton.o(i._ZN15TAbstractButton15touchPressEventEP11TTouchEvent) referenced from tradiobutton.o(.constdata__ZTV12TRadioButton)
 <LI><a href="#[81]">TAbstractButton::touchPressEvent(TTouchEvent*)</a> from tabstractbutton.o(i._ZN15TAbstractButton15touchPressEventEP11TTouchEvent) referenced from tabstractbutton.o(.constdata__ZTV15TAbstractButton)
 <LI><a href="#[81]">TAbstractButton::touchPressEvent(TTouchEvent*)</a> from tabstractbutton.o(i._ZN15TAbstractButton15touchPressEventEP11TTouchEvent) referenced from tcheckbox.o(.constdata__ZTV9TCheckBox)
 <LI><a href="#[86]">TAbstractButton::mouseReleaseEvent(TMouseEvent*)</a> from tabstractbutton.o(i._ZN15TAbstractButton17mouseReleaseEventEP11TMouseEvent) referenced from tpushbutton.o(.constdata__ZTV11TPushButton)
 <LI><a href="#[86]">TAbstractButton::mouseReleaseEvent(TMouseEvent*)</a> from tabstractbutton.o(i._ZN15TAbstractButton17mouseReleaseEventEP11TMouseEvent) referenced from tradiobutton.o(.constdata__ZTV12TRadioButton)
 <LI><a href="#[86]">TAbstractButton::mouseReleaseEvent(TMouseEvent*)</a> from tabstractbutton.o(i._ZN15TAbstractButton17mouseReleaseEventEP11TMouseEvent) referenced from tabstractbutton.o(.constdata__ZTV15TAbstractButton)
 <LI><a href="#[86]">TAbstractButton::mouseReleaseEvent(TMouseEvent*)</a> from tabstractbutton.o(i._ZN15TAbstractButton17mouseReleaseEventEP11TMouseEvent) referenced from tcheckbox.o(.constdata__ZTV9TCheckBox)
 <LI><a href="#[82]">TAbstractButton::touchReleaseEvent(TTouchEvent*)</a> from tabstractbutton.o(i._ZN15TAbstractButton17touchReleaseEventEP11TTouchEvent) referenced from tpushbutton.o(.constdata__ZTV11TPushButton)
 <LI><a href="#[82]">TAbstractButton::touchReleaseEvent(TTouchEvent*)</a> from tabstractbutton.o(i._ZN15TAbstractButton17touchReleaseEventEP11TTouchEvent) referenced from tradiobutton.o(.constdata__ZTV12TRadioButton)
 <LI><a href="#[82]">TAbstractButton::touchReleaseEvent(TTouchEvent*)</a> from tabstractbutton.o(i._ZN15TAbstractButton17touchReleaseEventEP11TTouchEvent) referenced from tabstractbutton.o(.constdata__ZTV15TAbstractButton)
 <LI><a href="#[82]">TAbstractButton::touchReleaseEvent(TTouchEvent*)</a> from tabstractbutton.o(i._ZN15TAbstractButton17touchReleaseEventEP11TTouchEvent) referenced from tcheckbox.o(.constdata__ZTV9TCheckBox)
 <LI><a href="#[87]">TAbstractButton::mouseDoubleClickEvent(TMouseEvent*)</a> from tabstractbutton.o(i._ZN15TAbstractButton21mouseDoubleClickEventEP11TMouseEvent) referenced from tpushbutton.o(.constdata__ZTV11TPushButton)
 <LI><a href="#[87]">TAbstractButton::mouseDoubleClickEvent(TMouseEvent*)</a> from tabstractbutton.o(i._ZN15TAbstractButton21mouseDoubleClickEventEP11TMouseEvent) referenced from tradiobutton.o(.constdata__ZTV12TRadioButton)
 <LI><a href="#[87]">TAbstractButton::mouseDoubleClickEvent(TMouseEvent*)</a> from tabstractbutton.o(i._ZN15TAbstractButton21mouseDoubleClickEventEP11TMouseEvent) referenced from tabstractbutton.o(.constdata__ZTV15TAbstractButton)
 <LI><a href="#[87]">TAbstractButton::mouseDoubleClickEvent(TMouseEvent*)</a> from tabstractbutton.o(i._ZN15TAbstractButton21mouseDoubleClickEventEP11TMouseEvent) referenced from tcheckbox.o(.constdata__ZTV9TCheckBox)
 <LI><a href="#[91]">TAbstractButton::moveEvent(TMoveEvent*)</a> from tabstractbutton.o(i._ZN15TAbstractButton9moveEventEP10TMoveEvent) referenced from tpushbutton.o(.constdata__ZTV11TPushButton)
 <LI><a href="#[91]">TAbstractButton::moveEvent(TMoveEvent*)</a> from tabstractbutton.o(i._ZN15TAbstractButton9moveEventEP10TMoveEvent) referenced from tradiobutton.o(.constdata__ZTV12TRadioButton)
 <LI><a href="#[91]">TAbstractButton::moveEvent(TMoveEvent*)</a> from tabstractbutton.o(i._ZN15TAbstractButton9moveEventEP10TMoveEvent) referenced from tabstractbutton.o(.constdata__ZTV15TAbstractButton)
 <LI><a href="#[91]">TAbstractButton::moveEvent(TMoveEvent*)</a> from tabstractbutton.o(i._ZN15TAbstractButton9moveEventEP10TMoveEvent) referenced from tcheckbox.o(.constdata__ZTV9TCheckBox)
 <LI><a href="#[ae]">TAbstractButton::~TAbstractButton__deallocating()</a> from tabstractbutton.o(i._ZN15TAbstractButtonD0Ev) referenced from tabstractbutton.o(.constdata__ZTV15TAbstractButton)
 <LI><a href="#[ad]">TAbstractButton::~TAbstractButton__sub_object()</a> from tguimain.o(i._ZN15TAbstractButtonD2Ev) referenced from tabstractbutton.o(.constdata__ZTV15TAbstractButton)
 <LI><a href="#[c3]">TAbstractSlider::closeEvent(TCloseEvent*)</a> from tabstractslider.o(i._ZN15TAbstractSlider10closeEventEP11TCloseEvent) referenced from tabstractslider.o(.constdata__ZTV15TAbstractSlider)
 <LI><a href="#[c3]">TAbstractSlider::closeEvent(TCloseEvent*)</a> from tabstractslider.o(i._ZN15TAbstractSlider10closeEventEP11TCloseEvent) referenced from tslider.o(.constdata__ZTV7TSlider)
 <LI><a href="#[be]">TAbstractSlider::enterEvent(TEvent*)</a> from tabstractslider.o(i._ZN15TAbstractSlider10enterEventEP6TEvent) referenced from tabstractslider.o(.constdata__ZTV15TAbstractSlider)
 <LI><a href="#[be]">TAbstractSlider::enterEvent(TEvent*)</a> from tabstractslider.o(i._ZN15TAbstractSlider10enterEventEP6TEvent) referenced from tslider.o(.constdata__ZTV7TSlider)
 <LI><a href="#[bf]">TAbstractSlider::leaveEvent(TEvent*)</a> from tabstractslider.o(i._ZN15TAbstractSlider10leaveEventEP6TEvent) referenced from tabstractslider.o(.constdata__ZTV15TAbstractSlider)
 <LI><a href="#[bf]">TAbstractSlider::leaveEvent(TEvent*)</a> from tabstractslider.o(i._ZN15TAbstractSlider10leaveEventEP6TEvent) referenced from tslider.o(.constdata__ZTV7TSlider)
 <LI><a href="#[c0]">TAbstractSlider::painTEvent(TPainTEvent*)</a> from tabstractslider.o(i._ZN15TAbstractSlider10painTEventEP11TPainTEvent) referenced from tabstractslider.o(.constdata__ZTV15TAbstractSlider)
 <LI><a href="#[c0]">TAbstractSlider::painTEvent(TPainTEvent*)</a> from tabstractslider.o(i._ZN15TAbstractSlider10painTEventEP11TPainTEvent) referenced from tslider.o(.constdata__ZTV7TSlider)
 <LI><a href="#[c2]">TAbstractSlider::resizeEvent(TResizeEvent*)</a> from tabstractslider.o(i._ZN15TAbstractSlider11resizeEventEP12TResizeEvent) referenced from tabstractslider.o(.constdata__ZTV15TAbstractSlider)
 <LI><a href="#[c2]">TAbstractSlider::resizeEvent(TResizeEvent*)</a> from tabstractslider.o(i._ZN15TAbstractSlider11resizeEventEP12TResizeEvent) referenced from tslider.o(.constdata__ZTV7TSlider)
 <LI><a href="#[bc]">TAbstractSlider::focusInEvent(TFocusEvent*)</a> from tabstractslider.o(i._ZN15TAbstractSlider12focusInEventEP11TFocusEvent) referenced from tabstractslider.o(.constdata__ZTV15TAbstractSlider)
 <LI><a href="#[bc]">TAbstractSlider::focusInEvent(TFocusEvent*)</a> from tabstractslider.o(i._ZN15TAbstractSlider12focusInEventEP11TFocusEvent) referenced from tslider.o(.constdata__ZTV7TSlider)
 <LI><a href="#[bd]">TAbstractSlider::focusOuTEvent(TFocusEvent*)</a> from tabstractslider.o(i._ZN15TAbstractSlider13focusOuTEventEP11TFocusEvent) referenced from tabstractslider.o(.constdata__ZTV15TAbstractSlider)
 <LI><a href="#[bd]">TAbstractSlider::focusOuTEvent(TFocusEvent*)</a> from tabstractslider.o(i._ZN15TAbstractSlider13focusOuTEventEP11TFocusEvent) referenced from tslider.o(.constdata__ZTV7TSlider)
 <LI><a href="#[ba]">TAbstractSlider::keyPressEvent(TKeyEvent*)</a> from tabstractslider.o(i._ZN15TAbstractSlider13keyPressEventEP9TKeyEvent) referenced from tabstractslider.o(.constdata__ZTV15TAbstractSlider)
 <LI><a href="#[ba]">TAbstractSlider::keyPressEvent(TKeyEvent*)</a> from tabstractslider.o(i._ZN15TAbstractSlider13keyPressEventEP9TKeyEvent) referenced from tslider.o(.constdata__ZTV7TSlider)
 <LI><a href="#[b9]">TAbstractSlider::mouseMoveEvent(TMouseEvent*)</a> from tabstractslider.o(i._ZN15TAbstractSlider14mouseMoveEventEP11TMouseEvent) referenced from tabstractslider.o(.constdata__ZTV15TAbstractSlider)
 <LI><a href="#[b9]">TAbstractSlider::mouseMoveEvent(TMouseEvent*)</a> from tabstractslider.o(i._ZN15TAbstractSlider14mouseMoveEventEP11TMouseEvent) referenced from tslider.o(.constdata__ZTV7TSlider)
 <LI><a href="#[b4]">TAbstractSlider::touchMoveEvent(TTouchEvent*)</a> from tabstractslider.o(i._ZN15TAbstractSlider14touchMoveEventEP11TTouchEvent) referenced from tabstractslider.o(.constdata__ZTV15TAbstractSlider)
 <LI><a href="#[bb]">TAbstractSlider::keyReleaseEvent(TKeyEvent*)</a> from tabstractslider.o(i._ZN15TAbstractSlider15keyReleaseEventEP9TKeyEvent) referenced from tabstractslider.o(.constdata__ZTV15TAbstractSlider)
 <LI><a href="#[bb]">TAbstractSlider::keyReleaseEvent(TKeyEvent*)</a> from tabstractslider.o(i._ZN15TAbstractSlider15keyReleaseEventEP9TKeyEvent) referenced from tslider.o(.constdata__ZTV7TSlider)
 <LI><a href="#[b8]">TAbstractSlider::mouseClickEvent(TMouseEvent*)</a> from tabstractslider.o(i._ZN15TAbstractSlider15mouseClickEventEP11TMouseEvent) referenced from tabstractslider.o(.constdata__ZTV15TAbstractSlider)
 <LI><a href="#[b8]">TAbstractSlider::mouseClickEvent(TMouseEvent*)</a> from tabstractslider.o(i._ZN15TAbstractSlider15mouseClickEventEP11TMouseEvent) referenced from tslider.o(.constdata__ZTV7TSlider)
 <LI><a href="#[b5]">TAbstractSlider::mousePressEvent(TMouseEvent*)</a> from tabstractslider.o(i._ZN15TAbstractSlider15mousePressEventEP11TMouseEvent) referenced from tabstractslider.o(.constdata__ZTV15TAbstractSlider)
 <LI><a href="#[b5]">TAbstractSlider::mousePressEvent(TMouseEvent*)</a> from tabstractslider.o(i._ZN15TAbstractSlider15mousePressEventEP11TMouseEvent) referenced from tslider.o(.constdata__ZTV7TSlider)
 <LI><a href="#[b3]">TAbstractSlider::touchClickEvent(TTouchEvent*)</a> from tabstractslider.o(i._ZN15TAbstractSlider15touchClickEventEP11TTouchEvent) referenced from tabstractslider.o(.constdata__ZTV15TAbstractSlider)
 <LI><a href="#[b3]">TAbstractSlider::touchClickEvent(TTouchEvent*)</a> from tabstractslider.o(i._ZN15TAbstractSlider15touchClickEventEP11TTouchEvent) referenced from tslider.o(.constdata__ZTV7TSlider)
 <LI><a href="#[b1]">TAbstractSlider::touchPressEvent(TTouchEvent*)</a> from tabstractslider.o(i._ZN15TAbstractSlider15touchPressEventEP11TTouchEvent) referenced from tabstractslider.o(.constdata__ZTV15TAbstractSlider)
 <LI><a href="#[b6]">TAbstractSlider::mouseReleaseEvent(TMouseEvent*)</a> from tabstractslider.o(i._ZN15TAbstractSlider17mouseReleaseEventEP11TMouseEvent) referenced from tabstractslider.o(.constdata__ZTV15TAbstractSlider)
 <LI><a href="#[b6]">TAbstractSlider::mouseReleaseEvent(TMouseEvent*)</a> from tabstractslider.o(i._ZN15TAbstractSlider17mouseReleaseEventEP11TMouseEvent) referenced from tslider.o(.constdata__ZTV7TSlider)
 <LI><a href="#[b2]">TAbstractSlider::touchReleaseEvent(TTouchEvent*)</a> from tabstractslider.o(i._ZN15TAbstractSlider17touchReleaseEventEP11TTouchEvent) referenced from tabstractslider.o(.constdata__ZTV15TAbstractSlider)
 <LI><a href="#[b7]">TAbstractSlider::mouseDoubleClickEvent(TMouseEvent*)</a> from tabstractslider.o(i._ZN15TAbstractSlider21mouseDoubleClickEventEP11TMouseEvent) referenced from tabstractslider.o(.constdata__ZTV15TAbstractSlider)
 <LI><a href="#[b7]">TAbstractSlider::mouseDoubleClickEvent(TMouseEvent*)</a> from tabstractslider.o(i._ZN15TAbstractSlider21mouseDoubleClickEventEP11TMouseEvent) referenced from tslider.o(.constdata__ZTV7TSlider)
 <LI><a href="#[c1]">TAbstractSlider::moveEvent(TMoveEvent*)</a> from tabstractslider.o(i._ZN15TAbstractSlider9moveEventEP10TMoveEvent) referenced from tabstractslider.o(.constdata__ZTV15TAbstractSlider)
 <LI><a href="#[c1]">TAbstractSlider::moveEvent(TMoveEvent*)</a> from tabstractslider.o(i._ZN15TAbstractSlider9moveEventEP10TMoveEvent) referenced from tslider.o(.constdata__ZTV7TSlider)
 <LI><a href="#[b0]">TAbstractSlider::~TAbstractSlider__deallocating()</a> from tabstractslider.o(i._ZN15TAbstractSliderD0Ev) referenced from tabstractslider.o(.constdata__ZTV15TAbstractSlider)
 <LI><a href="#[af]">TAbstractSlider::~TAbstractSlider__sub_object()</a> from tabstractslider.o(i._ZN15TAbstractSliderD2Ev) referenced from tabstractslider.o(.constdata__ZTV15TAbstractSlider)
 <LI><a href="#[72]">[local to arm_exceptions_c]::__default_terminate_handler()</a> from arm_exceptions_globs.o(.text) referenced from arm_exceptions_globs.o(.text)
 <LI><a href="#[c6]">User::show()</a> from user.o(i._ZN4User4showEv) referenced from user.o(.constdata__ZTV4User)
 <LI><a href="#[c5]">User::~User__deallocating()</a> from user.o(i._ZN4UserD0Ev) referenced from user.o(.constdata__ZTV4User)
 <LI><a href="#[c4]">User::~User()</a> from user.o(i._ZN4UserD1Ev) referenced from user.o(.constdata__ZTV4User)
 <LI><a href="#[a3]">TList&lang;TConnection*&rang;::deleteItem(void*)</a> from tobject.o(t._ZN5TListIP11TConnectionE10deleteItemEPv) referenced from tobject.o(.constdata__ZTV12TConnectList)
 <LI><a href="#[a3]">TList&lang;TConnection*&rang;::deleteItem(void*)</a> from tobject.o(t._ZN5TListIP11TConnectionE10deleteItemEPv) referenced from tobject.o(.constdata__ZTV5TListIP11TConnectionE)
 <LI><a href="#[da]">TList&lang;TConnection*&rang;::clear()</a> from tobject.o(t._ZN5TListIP11TConnectionE5clearEv) referenced from tobject.o(.constdata__ZTV5TListIP11TConnectionE)
 <LI><a href="#[de]">TList&lang;TObject*&rang;::deleteItem(void*)</a> from tconnection.o(t._ZN5TListIP7TObjectE10deleteItemEPv) referenced from tconnection.o(.constdata__ZTV5TListIP7TObjectE)
 <LI><a href="#[de]">TList&lang;TObject*&rang;::deleteItem(void*)</a> from tconnection.o(t._ZN5TListIP7TObjectE10deleteItemEPv) referenced from tconnection.o(.constdata__ZTV8TObjList)
 <LI><a href="#[df]">TList&lang;TObject*&rang;::compareItems(TObject*, TObject*)</a> from tconnection.o(t._ZN5TListIP7TObjectE12compareItemsES1_S1_) referenced from tconnection.o(.constdata__ZTV5TListIP7TObjectE)
 <LI><a href="#[db]">TList&lang;TObject*&rang;::clear()</a> from tconnection.o(t._ZN5TListIP7TObjectE5clearEv) referenced from tconnection.o(.constdata__ZTV5TListIP7TObjectE)
 <LI><a href="#[dd]">TList&lang;TObject*&rang;::~TList__deallocating()</a> from tconnection.o(t._ZN5TListIP7TObjectED0Ev) referenced from tconnection.o(.constdata__ZTV5TListIP7TObjectE)
 <LI><a href="#[dc]">TList&lang;TObject*&rang;::~TList()</a> from tconnection.o(t._ZN5TListIP7TObjectED1Ev) referenced from tconnection.o(.constdata__ZTV5TListIP7TObjectE)
 <LI><a href="#[a0]">TList&lang;TWidget*&rang;::deleteItem(void*)</a> from twidget.o(t._ZN5TListIP7TWidgetE10deleteItemEPv) referenced from twidget.o(.constdata__ZTV11tWidgetList)
 <LI><a href="#[a0]">TList&lang;TWidget*&rang;::deleteItem(void*)</a> from twidget.o(t._ZN5TListIP7TWidgetE10deleteItemEPv) referenced from twidget.o(.constdata__ZTV5TListIP7TWidgetE)
 <LI><a href="#[a1]">TList&lang;TWidget*&rang;::compareItems(TWidget*, TWidget*)</a> from twidget.o(t._ZN5TListIP7TWidgetE12compareItemsES1_S1_) referenced from twidget.o(.constdata__ZTV11tWidgetList)
 <LI><a href="#[a1]">TList&lang;TWidget*&rang;::compareItems(TWidget*, TWidget*)</a> from twidget.o(t._ZN5TListIP7TWidgetE12compareItemsES1_S1_) referenced from twidget.o(.constdata__ZTV5TListIP7TWidgetE)
 <LI><a href="#[e0]">TList&lang;TWidget*&rang;::clear()</a> from twidget.o(t._ZN5TListIP7TWidgetE5clearEv) referenced from twidget.o(.constdata__ZTV5TListIP7TWidgetE)
 <LI><a href="#[e2]">TList&lang;TWidget*&rang;::~TList__deallocating()</a> from twidget.o(t._ZN5TListIP7TWidgetED0Ev) referenced from twidget.o(.constdata__ZTV5TListIP7TWidgetE)
 <LI><a href="#[e1]">TList&lang;TWidget*&rang;::~TList()</a> from twidget.o(t._ZN5TListIP7TWidgetED1Ev) referenced from twidget.o(.constdata__ZTV5TListIP7TWidgetE)
 <LI><a href="#[e5]">TArray::deleteData(TArray::array_data*)</a> from tarray.o(i._ZN6TArray10deleteDataEPNS_10array_dataE) referenced from tarray.o(.constdata__ZTV6TArray)
 <LI><a href="#[e5]">TArray::deleteData(TArray::array_data*)</a> from tarray.o(i._ZN6TArray10deleteDataEPNS_10array_dataE) referenced from tstring.o(.constdata__ZTV7TString)
 <LI><a href="#[e4]">TArray::newData()</a> from tarray.o(i._ZN6TArray7newDataEv) referenced from tarray.o(.constdata__ZTV6TArray)
 <LI><a href="#[e4]">TArray::newData()</a> from tarray.o(i._ZN6TArray7newDataEv) referenced from tstring.o(.constdata__ZTV7TString)
 <LI><a href="#[e3]">TArray::~TArray()</a> from tarray.o(i._ZN6TArrayD1Ev) referenced from tarray.o(.constdata__ZTV6TArray)
 <LI><a href="#[e7]">TEvent::~TEvent__deallocating()</a> from tapplication.o(i._ZN6TEventD0Ev) referenced from tapplication.o(.constdata__ZTV6TEvent)
 <LI><a href="#[e6]">TEvent::~TEvent()</a> from tapplication.o(i._ZN6TEventD1Ev) referenced from tapplication.o(.constdata__ZTV6TEvent)
 <LI><a href="#[fc]">TFrame::closeEvent(TCloseEvent*)</a> from tframe.o(i._ZN6TFrame10closeEventEP11TCloseEvent) referenced from tframe.o(.constdata__ZTV6TFrame)
 <LI><a href="#[fc]">TFrame::closeEvent(TCloseEvent*)</a> from tframe.o(i._ZN6TFrame10closeEventEP11TCloseEvent) referenced from tlabel.o(.constdata__ZTV6TLabel)
 <LI><a href="#[f7]">TFrame::enterEvent(TEvent*)</a> from tframe.o(i._ZN6TFrame10enterEventEP6TEvent) referenced from tframe.o(.constdata__ZTV6TFrame)
 <LI><a href="#[f7]">TFrame::enterEvent(TEvent*)</a> from tframe.o(i._ZN6TFrame10enterEventEP6TEvent) referenced from tlabel.o(.constdata__ZTV6TLabel)
 <LI><a href="#[f8]">TFrame::leaveEvent(TEvent*)</a> from tframe.o(i._ZN6TFrame10leaveEventEP6TEvent) referenced from tframe.o(.constdata__ZTV6TFrame)
 <LI><a href="#[f8]">TFrame::leaveEvent(TEvent*)</a> from tframe.o(i._ZN6TFrame10leaveEventEP6TEvent) referenced from tlabel.o(.constdata__ZTV6TLabel)
 <LI><a href="#[f9]">TFrame::painTEvent(TPainTEvent*)</a> from tframe.o(i._ZN6TFrame10painTEventEP11TPainTEvent) referenced from tframe.o(.constdata__ZTV6TFrame)
 <LI><a href="#[f9]">TFrame::painTEvent(TPainTEvent*)</a> from tframe.o(i._ZN6TFrame10painTEventEP11TPainTEvent) referenced from tlabel.o(.constdata__ZTV6TLabel)
 <LI><a href="#[fb]">TFrame::resizeEvent(TResizeEvent*)</a> from tframe.o(i._ZN6TFrame11resizeEventEP12TResizeEvent) referenced from tframe.o(.constdata__ZTV6TFrame)
 <LI><a href="#[fb]">TFrame::resizeEvent(TResizeEvent*)</a> from tframe.o(i._ZN6TFrame11resizeEventEP12TResizeEvent) referenced from tlabel.o(.constdata__ZTV6TLabel)
 <LI><a href="#[f5]">TFrame::focusInEvent(TFocusEvent*)</a> from tframe.o(i._ZN6TFrame12focusInEventEP11TFocusEvent) referenced from tframe.o(.constdata__ZTV6TFrame)
 <LI><a href="#[f5]">TFrame::focusInEvent(TFocusEvent*)</a> from tframe.o(i._ZN6TFrame12focusInEventEP11TFocusEvent) referenced from tlabel.o(.constdata__ZTV6TLabel)
 <LI><a href="#[f6]">TFrame::focusOuTEvent(TFocusEvent*)</a> from tframe.o(i._ZN6TFrame13focusOuTEventEP11TFocusEvent) referenced from tframe.o(.constdata__ZTV6TFrame)
 <LI><a href="#[f6]">TFrame::focusOuTEvent(TFocusEvent*)</a> from tframe.o(i._ZN6TFrame13focusOuTEventEP11TFocusEvent) referenced from tlabel.o(.constdata__ZTV6TLabel)
 <LI><a href="#[f3]">TFrame::keyPressEvent(TKeyEvent*)</a> from tframe.o(i._ZN6TFrame13keyPressEventEP9TKeyEvent) referenced from tframe.o(.constdata__ZTV6TFrame)
 <LI><a href="#[f3]">TFrame::keyPressEvent(TKeyEvent*)</a> from tframe.o(i._ZN6TFrame13keyPressEventEP9TKeyEvent) referenced from tlabel.o(.constdata__ZTV6TLabel)
 <LI><a href="#[f2]">TFrame::mouseMoveEvent(TMouseEvent*)</a> from tframe.o(i._ZN6TFrame14mouseMoveEventEP11TMouseEvent) referenced from tframe.o(.constdata__ZTV6TFrame)
 <LI><a href="#[f2]">TFrame::mouseMoveEvent(TMouseEvent*)</a> from tframe.o(i._ZN6TFrame14mouseMoveEventEP11TMouseEvent) referenced from tlabel.o(.constdata__ZTV6TLabel)
 <LI><a href="#[ed]">TFrame::touchMoveEvent(TTouchEvent*)</a> from tframe.o(i._ZN6TFrame14touchMoveEventEP11TTouchEvent) referenced from tframe.o(.constdata__ZTV6TFrame)
 <LI><a href="#[ed]">TFrame::touchMoveEvent(TTouchEvent*)</a> from tframe.o(i._ZN6TFrame14touchMoveEventEP11TTouchEvent) referenced from tlabel.o(.constdata__ZTV6TLabel)
 <LI><a href="#[f4]">TFrame::keyReleaseEvent(TKeyEvent*)</a> from tframe.o(i._ZN6TFrame15keyReleaseEventEP9TKeyEvent) referenced from tframe.o(.constdata__ZTV6TFrame)
 <LI><a href="#[f4]">TFrame::keyReleaseEvent(TKeyEvent*)</a> from tframe.o(i._ZN6TFrame15keyReleaseEventEP9TKeyEvent) referenced from tlabel.o(.constdata__ZTV6TLabel)
 <LI><a href="#[f1]">TFrame::mouseClickEvent(TMouseEvent*)</a> from tframe.o(i._ZN6TFrame15mouseClickEventEP11TMouseEvent) referenced from tframe.o(.constdata__ZTV6TFrame)
 <LI><a href="#[f1]">TFrame::mouseClickEvent(TMouseEvent*)</a> from tframe.o(i._ZN6TFrame15mouseClickEventEP11TMouseEvent) referenced from tlabel.o(.constdata__ZTV6TLabel)
 <LI><a href="#[ee]">TFrame::mousePressEvent(TMouseEvent*)</a> from tframe.o(i._ZN6TFrame15mousePressEventEP11TMouseEvent) referenced from tframe.o(.constdata__ZTV6TFrame)
 <LI><a href="#[ee]">TFrame::mousePressEvent(TMouseEvent*)</a> from tframe.o(i._ZN6TFrame15mousePressEventEP11TMouseEvent) referenced from tlabel.o(.constdata__ZTV6TLabel)
 <LI><a href="#[ec]">TFrame::touchClickEvent(TTouchEvent*)</a> from tframe.o(i._ZN6TFrame15touchClickEventEP11TTouchEvent) referenced from tframe.o(.constdata__ZTV6TFrame)
 <LI><a href="#[ec]">TFrame::touchClickEvent(TTouchEvent*)</a> from tframe.o(i._ZN6TFrame15touchClickEventEP11TTouchEvent) referenced from tlabel.o(.constdata__ZTV6TLabel)
 <LI><a href="#[ea]">TFrame::touchPressEvent(TTouchEvent*)</a> from tframe.o(i._ZN6TFrame15touchPressEventEP11TTouchEvent) referenced from tframe.o(.constdata__ZTV6TFrame)
 <LI><a href="#[ea]">TFrame::touchPressEvent(TTouchEvent*)</a> from tframe.o(i._ZN6TFrame15touchPressEventEP11TTouchEvent) referenced from tlabel.o(.constdata__ZTV6TLabel)
 <LI><a href="#[ef]">TFrame::mouseReleaseEvent(TMouseEvent*)</a> from tframe.o(i._ZN6TFrame17mouseReleaseEventEP11TMouseEvent) referenced from tframe.o(.constdata__ZTV6TFrame)
 <LI><a href="#[ef]">TFrame::mouseReleaseEvent(TMouseEvent*)</a> from tframe.o(i._ZN6TFrame17mouseReleaseEventEP11TMouseEvent) referenced from tlabel.o(.constdata__ZTV6TLabel)
 <LI><a href="#[eb]">TFrame::touchReleaseEvent(TTouchEvent*)</a> from tframe.o(i._ZN6TFrame17touchReleaseEventEP11TTouchEvent) referenced from tframe.o(.constdata__ZTV6TFrame)
 <LI><a href="#[eb]">TFrame::touchReleaseEvent(TTouchEvent*)</a> from tframe.o(i._ZN6TFrame17touchReleaseEventEP11TTouchEvent) referenced from tlabel.o(.constdata__ZTV6TLabel)
 <LI><a href="#[f0]">TFrame::mouseDoubleClickEvent(TMouseEvent*)</a> from tframe.o(i._ZN6TFrame21mouseDoubleClickEventEP11TMouseEvent) referenced from tframe.o(.constdata__ZTV6TFrame)
 <LI><a href="#[f0]">TFrame::mouseDoubleClickEvent(TMouseEvent*)</a> from tframe.o(i._ZN6TFrame21mouseDoubleClickEventEP11TMouseEvent) referenced from tlabel.o(.constdata__ZTV6TLabel)
 <LI><a href="#[fa]">TFrame::moveEvent(TMoveEvent*)</a> from tframe.o(i._ZN6TFrame9moveEventEP10TMoveEvent) referenced from tframe.o(.constdata__ZTV6TFrame)
 <LI><a href="#[fa]">TFrame::moveEvent(TMoveEvent*)</a> from tframe.o(i._ZN6TFrame9moveEventEP10TMoveEvent) referenced from tlabel.o(.constdata__ZTV6TLabel)
 <LI><a href="#[e9]">TFrame::~TFrame__deallocating()</a> from tframe.o(i._ZN6TFrameD0Ev) referenced from tframe.o(.constdata__ZTV6TFrame)
 <LI><a href="#[e8]">TFrame::~TFrame__sub_object()</a> from tframe.o(i._ZN6TFrameD2Ev) referenced from tframe.o(.constdata__ZTV6TFrame)
 <LI><a href="#[7c]">TLabel::slot_showValue(long, long)</a> from tlabel.o(i._ZN6TLabel14slot_showValueEll) referenced from tguimain.o(.constdata)
 <LI><a href="#[ff]">TLabel::show()</a> from tlabel.o(i._ZN6TLabel4showEv) referenced from tlabel.o(.constdata__ZTV6TLabel)
 <LI><a href="#[fe]">TLabel::~TLabel__deallocating()</a> from tlabel.o(i._ZN6TLabelD0Ev) referenced from tlabel.o(.constdata__ZTV6TLabel)
 <LI><a href="#[fd]">TLabel::~TLabel()</a> from tguimain.o(i._ZN6TLabelD1Ev) referenced from tlabel.o(.constdata__ZTV6TLabel)
 <LI><a href="#[115]">TDialog::closeEvent(TCloseEvent*)</a> from tdialog.o(i._ZN7TDialog10closeEventEP11TCloseEvent) referenced from tdialog.o(.constdata__ZTV7TDialog)
 <LI><a href="#[110]">TDialog::enterEvent(TEvent*)</a> from tdialog.o(i._ZN7TDialog10enterEventEP6TEvent) referenced from tdialog.o(.constdata__ZTV7TDialog)
 <LI><a href="#[111]">TDialog::leaveEvent(TEvent*)</a> from tdialog.o(i._ZN7TDialog10leaveEventEP6TEvent) referenced from tdialog.o(.constdata__ZTV7TDialog)
 <LI><a href="#[112]">TDialog::painTEvent(TPainTEvent*)</a> from tdialog.o(i._ZN7TDialog10painTEventEP11TPainTEvent) referenced from tdialog.o(.constdata__ZTV7TDialog)
 <LI><a href="#[114]">TDialog::resizeEvent(TResizeEvent*)</a> from tdialog.o(i._ZN7TDialog11resizeEventEP12TResizeEvent) referenced from tdialog.o(.constdata__ZTV7TDialog)
 <LI><a href="#[10e]">TDialog::focusInEvent(TFocusEvent*)</a> from tdialog.o(i._ZN7TDialog12focusInEventEP11TFocusEvent) referenced from tdialog.o(.constdata__ZTV7TDialog)
 <LI><a href="#[10f]">TDialog::focusOuTEvent(TFocusEvent*)</a> from tdialog.o(i._ZN7TDialog13focusOuTEventEP11TFocusEvent) referenced from tdialog.o(.constdata__ZTV7TDialog)
 <LI><a href="#[10c]">TDialog::keyPressEvent(TKeyEvent*)</a> from tdialog.o(i._ZN7TDialog13keyPressEventEP9TKeyEvent) referenced from tdialog.o(.constdata__ZTV7TDialog)
 <LI><a href="#[10b]">TDialog::mouseMoveEvent(TMouseEvent*)</a> from tdialog.o(i._ZN7TDialog14mouseMoveEventEP11TMouseEvent) referenced from tdialog.o(.constdata__ZTV7TDialog)
 <LI><a href="#[106]">TDialog::touchMoveEvent(TTouchEvent*)</a> from tdialog.o(i._ZN7TDialog14touchMoveEventEP11TTouchEvent) referenced from tdialog.o(.constdata__ZTV7TDialog)
 <LI><a href="#[10d]">TDialog::keyReleaseEvent(TKeyEvent*)</a> from tdialog.o(i._ZN7TDialog15keyReleaseEventEP9TKeyEvent) referenced from tdialog.o(.constdata__ZTV7TDialog)
 <LI><a href="#[10a]">TDialog::mouseClickEvent(TMouseEvent*)</a> from tdialog.o(i._ZN7TDialog15mouseClickEventEP11TMouseEvent) referenced from tdialog.o(.constdata__ZTV7TDialog)
 <LI><a href="#[107]">TDialog::mousePressEvent(TMouseEvent*)</a> from tdialog.o(i._ZN7TDialog15mousePressEventEP11TMouseEvent) referenced from tdialog.o(.constdata__ZTV7TDialog)
 <LI><a href="#[105]">TDialog::touchClickEvent(TTouchEvent*)</a> from tdialog.o(i._ZN7TDialog15touchClickEventEP11TTouchEvent) referenced from tdialog.o(.constdata__ZTV7TDialog)
 <LI><a href="#[103]">TDialog::touchPressEvent(TTouchEvent*)</a> from tdialog.o(i._ZN7TDialog15touchPressEventEP11TTouchEvent) referenced from tdialog.o(.constdata__ZTV7TDialog)
 <LI><a href="#[108]">TDialog::mouseReleaseEvent(TMouseEvent*)</a> from tdialog.o(i._ZN7TDialog17mouseReleaseEventEP11TMouseEvent) referenced from tdialog.o(.constdata__ZTV7TDialog)
 <LI><a href="#[104]">TDialog::touchReleaseEvent(TTouchEvent*)</a> from tdialog.o(i._ZN7TDialog17touchReleaseEventEP11TTouchEvent) referenced from tdialog.o(.constdata__ZTV7TDialog)
 <LI><a href="#[109]">TDialog::mouseDoubleClickEvent(TMouseEvent*)</a> from tdialog.o(i._ZN7TDialog21mouseDoubleClickEventEP11TMouseEvent) referenced from tdialog.o(.constdata__ZTV7TDialog)
 <LI><a href="#[102]">TDialog::show()</a> from tdialog.o(i._ZN7TDialog4showEv) referenced from tdialog.o(.constdata__ZTV7TDialog)
 <LI><a href="#[113]">TDialog::moveEvent(TMoveEvent*)</a> from tdialog.o(i._ZN7TDialog9moveEventEP10TMoveEvent) referenced from tdialog.o(.constdata__ZTV7TDialog)
 <LI><a href="#[101]">TDialog::~TDialog__deallocating()</a> from tdialog.o(i._ZN7TDialogD0Ev) referenced from tdialog.o(.constdata__ZTV7TDialog)
 <LI><a href="#[100]">TDialog::~TDialog()</a> from tdialog.o(i._ZN7TDialogD1Ev) referenced from tdialog.o(.constdata__ZTV7TDialog)
 <LI><a href="#[118]">TDirver::obtainData()</a> from tguimain.o(i._ZN7TDirver10obtainDataEv) referenced from tguimain.o(.constdata__ZTV7TDirver)
 <LI><a href="#[117]">TDirver::dataBack()</a> from tguimain.o(i._ZN7TDirver8dataBackEv) referenced from tguimain.o(.constdata__ZTV7TDirver)
 <LI><a href="#[116]">TDirver::dataFront()</a> from tguimain.o(i._ZN7TDirver9dataFrontEv) referenced from tguimain.o(.constdata__ZTV7TDirver)
 <LI><a href="#[11a]">TObject::~TObject__deallocating()</a> from tobject.o(i._ZN7TObjectD0Ev) referenced from tobject.o(.constdata__ZTV7TObject)
 <LI><a href="#[119]">TObject::~TObject__sub_object()</a> from tobject.o(i._ZN7TObjectD2Ev) referenced from tobject.o(.constdata__ZTV7TObject)
 <LI><a href="#[122]">TSlider::sig_depress(long, long)</a> from tslider.o(i._ZN7TSlider11sig_depressEll) referenced from tslider.o(.constdata__ZTV7TSlider)
 <LI><a href="#[123]">TSlider::sig_release(long, long)</a> from tslider.o(i._ZN7TSlider11sig_releaseEll) referenced from tslider.o(.constdata__ZTV7TSlider)
 <LI><a href="#[120]">TSlider::touchMoveEvent(TTouchEvent*)</a> from tslider.o(i._ZN7TSlider14touchMoveEventEP11TTouchEvent) referenced from tslider.o(.constdata__ZTV7TSlider)
 <LI><a href="#[125]">TSlider::sig_valueChange(long, long)</a> from tslider.o(i._ZN7TSlider15sig_valueChangeEll) referenced from tslider.o(.constdata__ZTV7TSlider)
 <LI><a href="#[11e]">TSlider::touchPressEvent(TTouchEvent*)</a> from tslider.o(i._ZN7TSlider15touchPressEventEP11TTouchEvent) referenced from tslider.o(.constdata__ZTV7TSlider)
 <LI><a href="#[11f]">TSlider::touchReleaseEvent(TTouchEvent*)</a> from tslider.o(i._ZN7TSlider17touchReleaseEventEP11TTouchEvent) referenced from tslider.o(.constdata__ZTV7TSlider)
 <LI><a href="#[11d]">TSlider::show()</a> from tslider.o(i._ZN7TSlider4showEv) referenced from tslider.o(.constdata__ZTV7TSlider)
 <LI><a href="#[124]">TSlider::release()</a> from tslider.o(i._ZN7TSlider7releaseEv) referenced from tslider.o(.constdata__ZTV7TSlider)
 <LI><a href="#[121]">TSlider::sig_move(long, long)</a> from tslider.o(i._ZN7TSlider8sig_moveEll) referenced from tslider.o(.constdata__ZTV7TSlider)
 <LI><a href="#[11c]">TSlider::~TSlider__deallocating()</a> from tslider.o(i._ZN7TSliderD0Ev) referenced from tslider.o(.constdata__ZTV7TSlider)
 <LI><a href="#[11b]">TSlider::~TSlider()</a> from tguimain.o(i._ZN7TSliderD1Ev) referenced from tslider.o(.constdata__ZTV7TSlider)
 <LI><a href="#[127]">TString::~TString__deallocating()</a> from tstring.o(i._ZN7TStringD0Ev) referenced from tstring.o(.constdata__ZTV7TString)
 <LI><a href="#[126]">TString::~TString()</a> from tstring.o(i._ZN7TStringD1Ev) referenced from tstring.o(.constdata__ZTV7TString)
 <LI><a href="#[d9]">TWidget::closeEvent(TCloseEvent*)</a> from user.o(i._ZN7TWidget10closeEventEP11TCloseEvent) referenced from user.o(.constdata__ZTV4User)
 <LI><a href="#[d9]">TWidget::closeEvent(TCloseEvent*)</a> from user.o(i._ZN7TWidget10closeEventEP11TCloseEvent) referenced from twidget.o(.constdata__ZTV7TWidget)
 <LI><a href="#[d4]">TWidget::enterEvent(TEvent*)</a> from user.o(i._ZN7TWidget10enterEventEP6TEvent) referenced from user.o(.constdata__ZTV4User)
 <LI><a href="#[d4]">TWidget::enterEvent(TEvent*)</a> from user.o(i._ZN7TWidget10enterEventEP6TEvent) referenced from twidget.o(.constdata__ZTV7TWidget)
 <LI><a href="#[d5]">TWidget::leaveEvent(TEvent*)</a> from user.o(i._ZN7TWidget10leaveEventEP6TEvent) referenced from user.o(.constdata__ZTV4User)
 <LI><a href="#[d5]">TWidget::leaveEvent(TEvent*)</a> from user.o(i._ZN7TWidget10leaveEventEP6TEvent) referenced from twidget.o(.constdata__ZTV7TWidget)
 <LI><a href="#[d6]">TWidget::painTEvent(TPainTEvent*)</a> from user.o(i._ZN7TWidget10painTEventEP11TPainTEvent) referenced from user.o(.constdata__ZTV4User)
 <LI><a href="#[d6]">TWidget::painTEvent(TPainTEvent*)</a> from user.o(i._ZN7TWidget10painTEventEP11TPainTEvent) referenced from twidget.o(.constdata__ZTV7TWidget)
 <LI><a href="#[7f]">TWidget::eventFilter(TEvent*)</a> from twidget.o(i._ZN7TWidget11eventFilterEP6TEvent) referenced from tpushbutton.o(.constdata__ZTV11TPushButton)
 <LI><a href="#[7f]">TWidget::eventFilter(TEvent*)</a> from twidget.o(i._ZN7TWidget11eventFilterEP6TEvent) referenced from tradiobutton.o(.constdata__ZTV12TRadioButton)
 <LI><a href="#[7f]">TWidget::eventFilter(TEvent*)</a> from twidget.o(i._ZN7TWidget11eventFilterEP6TEvent) referenced from tabstractbutton.o(.constdata__ZTV15TAbstractButton)
 <LI><a href="#[7f]">TWidget::eventFilter(TEvent*)</a> from twidget.o(i._ZN7TWidget11eventFilterEP6TEvent) referenced from tabstractslider.o(.constdata__ZTV15TAbstractSlider)
 <LI><a href="#[7f]">TWidget::eventFilter(TEvent*)</a> from twidget.o(i._ZN7TWidget11eventFilterEP6TEvent) referenced from user.o(.constdata__ZTV4User)
 <LI><a href="#[7f]">TWidget::eventFilter(TEvent*)</a> from twidget.o(i._ZN7TWidget11eventFilterEP6TEvent) referenced from tframe.o(.constdata__ZTV6TFrame)
 <LI><a href="#[7f]">TWidget::eventFilter(TEvent*)</a> from twidget.o(i._ZN7TWidget11eventFilterEP6TEvent) referenced from tlabel.o(.constdata__ZTV6TLabel)
 <LI><a href="#[7f]">TWidget::eventFilter(TEvent*)</a> from twidget.o(i._ZN7TWidget11eventFilterEP6TEvent) referenced from tdialog.o(.constdata__ZTV7TDialog)
 <LI><a href="#[7f]">TWidget::eventFilter(TEvent*)</a> from twidget.o(i._ZN7TWidget11eventFilterEP6TEvent) referenced from tslider.o(.constdata__ZTV7TSlider)
 <LI><a href="#[7f]">TWidget::eventFilter(TEvent*)</a> from twidget.o(i._ZN7TWidget11eventFilterEP6TEvent) referenced from twidget.o(.constdata__ZTV7TWidget)
 <LI><a href="#[7f]">TWidget::eventFilter(TEvent*)</a> from twidget.o(i._ZN7TWidget11eventFilterEP6TEvent) referenced from tcheckbox.o(.constdata__ZTV9TCheckBox)
 <LI><a href="#[d8]">TWidget::resizeEvent(TResizeEvent*)</a> from user.o(i._ZN7TWidget11resizeEventEP12TResizeEvent) referenced from user.o(.constdata__ZTV4User)
 <LI><a href="#[d8]">TWidget::resizeEvent(TResizeEvent*)</a> from user.o(i._ZN7TWidget11resizeEventEP12TResizeEvent) referenced from twidget.o(.constdata__ZTV7TWidget)
 <LI><a href="#[d2]">TWidget::focusInEvent(TFocusEvent*)</a> from user.o(i._ZN7TWidget12focusInEventEP11TFocusEvent) referenced from user.o(.constdata__ZTV4User)
 <LI><a href="#[d2]">TWidget::focusInEvent(TFocusEvent*)</a> from user.o(i._ZN7TWidget12focusInEventEP11TFocusEvent) referenced from twidget.o(.constdata__ZTV7TWidget)
 <LI><a href="#[d3]">TWidget::focusOuTEvent(TFocusEvent*)</a> from user.o(i._ZN7TWidget13focusOuTEventEP11TFocusEvent) referenced from user.o(.constdata__ZTV4User)
 <LI><a href="#[d3]">TWidget::focusOuTEvent(TFocusEvent*)</a> from user.o(i._ZN7TWidget13focusOuTEventEP11TFocusEvent) referenced from twidget.o(.constdata__ZTV7TWidget)
 <LI><a href="#[d0]">TWidget::keyPressEvent(TKeyEvent*)</a> from user.o(i._ZN7TWidget13keyPressEventEP9TKeyEvent) referenced from user.o(.constdata__ZTV4User)
 <LI><a href="#[d0]">TWidget::keyPressEvent(TKeyEvent*)</a> from user.o(i._ZN7TWidget13keyPressEventEP9TKeyEvent) referenced from twidget.o(.constdata__ZTV7TWidget)
 <LI><a href="#[cf]">TWidget::mouseMoveEvent(TMouseEvent*)</a> from user.o(i._ZN7TWidget14mouseMoveEventEP11TMouseEvent) referenced from user.o(.constdata__ZTV4User)
 <LI><a href="#[cf]">TWidget::mouseMoveEvent(TMouseEvent*)</a> from user.o(i._ZN7TWidget14mouseMoveEventEP11TMouseEvent) referenced from twidget.o(.constdata__ZTV7TWidget)
 <LI><a href="#[ca]">TWidget::touchMoveEvent(TTouchEvent*)</a> from user.o(i._ZN7TWidget14touchMoveEventEP11TTouchEvent) referenced from user.o(.constdata__ZTV4User)
 <LI><a href="#[ca]">TWidget::touchMoveEvent(TTouchEvent*)</a> from user.o(i._ZN7TWidget14touchMoveEventEP11TTouchEvent) referenced from twidget.o(.constdata__ZTV7TWidget)
 <LI><a href="#[d1]">TWidget::keyReleaseEvent(TKeyEvent*)</a> from user.o(i._ZN7TWidget15keyReleaseEventEP9TKeyEvent) referenced from user.o(.constdata__ZTV4User)
 <LI><a href="#[d1]">TWidget::keyReleaseEvent(TKeyEvent*)</a> from user.o(i._ZN7TWidget15keyReleaseEventEP9TKeyEvent) referenced from twidget.o(.constdata__ZTV7TWidget)
 <LI><a href="#[ce]">TWidget::mouseClickEvent(TMouseEvent*)</a> from user.o(i._ZN7TWidget15mouseClickEventEP11TMouseEvent) referenced from user.o(.constdata__ZTV4User)
 <LI><a href="#[ce]">TWidget::mouseClickEvent(TMouseEvent*)</a> from user.o(i._ZN7TWidget15mouseClickEventEP11TMouseEvent) referenced from twidget.o(.constdata__ZTV7TWidget)
 <LI><a href="#[cb]">TWidget::mousePressEvent(TMouseEvent*)</a> from user.o(i._ZN7TWidget15mousePressEventEP11TMouseEvent) referenced from user.o(.constdata__ZTV4User)
 <LI><a href="#[cb]">TWidget::mousePressEvent(TMouseEvent*)</a> from user.o(i._ZN7TWidget15mousePressEventEP11TMouseEvent) referenced from twidget.o(.constdata__ZTV7TWidget)
 <LI><a href="#[c9]">TWidget::touchClickEvent(TTouchEvent*)</a> from user.o(i._ZN7TWidget15touchClickEventEP11TTouchEvent) referenced from user.o(.constdata__ZTV4User)
 <LI><a href="#[c9]">TWidget::touchClickEvent(TTouchEvent*)</a> from user.o(i._ZN7TWidget15touchClickEventEP11TTouchEvent) referenced from twidget.o(.constdata__ZTV7TWidget)
 <LI><a href="#[c7]">TWidget::touchPressEvent(TTouchEvent*)</a> from user.o(i._ZN7TWidget15touchPressEventEP11TTouchEvent) referenced from user.o(.constdata__ZTV4User)
 <LI><a href="#[c7]">TWidget::touchPressEvent(TTouchEvent*)</a> from user.o(i._ZN7TWidget15touchPressEventEP11TTouchEvent) referenced from twidget.o(.constdata__ZTV7TWidget)
 <LI><a href="#[cc]">TWidget::mouseReleaseEvent(TMouseEvent*)</a> from user.o(i._ZN7TWidget17mouseReleaseEventEP11TMouseEvent) referenced from user.o(.constdata__ZTV4User)
 <LI><a href="#[cc]">TWidget::mouseReleaseEvent(TMouseEvent*)</a> from user.o(i._ZN7TWidget17mouseReleaseEventEP11TMouseEvent) referenced from twidget.o(.constdata__ZTV7TWidget)
 <LI><a href="#[c8]">TWidget::touchReleaseEvent(TTouchEvent*)</a> from user.o(i._ZN7TWidget17touchReleaseEventEP11TTouchEvent) referenced from user.o(.constdata__ZTV4User)
 <LI><a href="#[c8]">TWidget::touchReleaseEvent(TTouchEvent*)</a> from user.o(i._ZN7TWidget17touchReleaseEventEP11TTouchEvent) referenced from twidget.o(.constdata__ZTV7TWidget)
 <LI><a href="#[cd]">TWidget::mouseDoubleClickEvent(TMouseEvent*)</a> from user.o(i._ZN7TWidget21mouseDoubleClickEventEP11TMouseEvent) referenced from user.o(.constdata__ZTV4User)
 <LI><a href="#[cd]">TWidget::mouseDoubleClickEvent(TMouseEvent*)</a> from user.o(i._ZN7TWidget21mouseDoubleClickEventEP11TMouseEvent) referenced from twidget.o(.constdata__ZTV7TWidget)
 <LI><a href="#[d7]">TWidget::moveEvent(TMoveEvent*)</a> from user.o(i._ZN7TWidget9moveEventEP10TMoveEvent) referenced from user.o(.constdata__ZTV4User)
 <LI><a href="#[d7]">TWidget::moveEvent(TMoveEvent*)</a> from user.o(i._ZN7TWidget9moveEventEP10TMoveEvent) referenced from twidget.o(.constdata__ZTV7TWidget)
 <LI><a href="#[129]">TWidget::~TWidget__deallocating()</a> from twidget.o(i._ZN7TWidgetD0Ev) referenced from twidget.o(.constdata__ZTV7TWidget)
 <LI><a href="#[128]">TWidget::~TWidget__sub_object()</a> from twidget.o(i._ZN7TWidgetD2Ev) referenced from twidget.o(.constdata__ZTV7TWidget)
 <LI><a href="#[12c]">TObjList::compareItems(TObject*, TObject*)</a> from tconnection.o(i._ZN8TObjList12compareItemsEP7TObjectS1_) referenced from tconnection.o(.constdata__ZTV8TObjList)
 <LI><a href="#[12b]">TObjList::~TObjList__deallocating()</a> from tconnection.o(i._ZN8TObjListD0Ev) referenced from tconnection.o(.constdata__ZTV8TObjList)
 <LI><a href="#[12a]">TObjList::~TObjList()</a> from tconnection.o(i._ZN8TObjListD1Ev) referenced from tconnection.o(.constdata__ZTV8TObjList)
 <LI><a href="#[130]">TCheckBox::sig_depress(long, long)</a> from tcheckbox.o(i._ZN9TCheckBox11sig_depressEll) referenced from tcheckbox.o(.constdata__ZTV9TCheckBox)
 <LI><a href="#[131]">TCheckBox::sig_release(long, long)</a> from tcheckbox.o(i._ZN9TCheckBox11sig_releaseEll) referenced from tcheckbox.o(.constdata__ZTV9TCheckBox)
 <LI><a href="#[12f]">TCheckBox::show()</a> from tcheckbox.o(i._ZN9TCheckBox4showEv) referenced from tcheckbox.o(.constdata__ZTV9TCheckBox)
 <LI><a href="#[132]">TCheckBox::release()</a> from tcheckbox.o(i._ZN9TCheckBox7releaseEv) referenced from tcheckbox.o(.constdata__ZTV9TCheckBox)
 <LI><a href="#[12e]">TCheckBox::~TCheckBox__deallocating()</a> from tcheckbox.o(i._ZN9TCheckBoxD0Ev) referenced from tcheckbox.o(.constdata__ZTV9TCheckBox)
 <LI><a href="#[12d]">TCheckBox::~TCheckBox()</a> from tcheckbox.o(i._ZN9TCheckBoxD1Ev) referenced from tcheckbox.o(.constdata__ZTV9TCheckBox)
 <LI><a href="#[99]">__cxa_pure_virtual</a> from pure_virt.o(i.__cxa_pure_virtual) referenced 2 times from tobject.o(.constdata__ZTV11tCollectionIP11TConnectionE)
 <LI><a href="#[99]">__cxa_pure_virtual</a> from pure_virt.o(i.__cxa_pure_virtual) referenced 2 times from tconnection.o(.constdata__ZTV11tCollectionIP7TObjectE)
 <LI><a href="#[99]">__cxa_pure_virtual</a> from pure_virt.o(i.__cxa_pure_virtual) referenced 2 times from twidget.o(.constdata__ZTV11tCollectionIP7TWidgetE)
 <LI><a href="#[99]">__cxa_pure_virtual</a> from pure_virt.o(i.__cxa_pure_virtual) referenced 4 times from tabstractbutton.o(.constdata__ZTV15TAbstractButton)
 <LI><a href="#[99]">__cxa_pure_virtual</a> from pure_virt.o(i.__cxa_pure_virtual) referenced 5 times from tabstractslider.o(.constdata__ZTV15TAbstractSlider)
 <LI><a href="#[99]">__cxa_pure_virtual</a> from pure_virt.o(i.__cxa_pure_virtual) referenced from tframe.o(.constdata__ZTV6TFrame)
 <LI><a href="#[99]">__cxa_pure_virtual</a> from pure_virt.o(i.__cxa_pure_virtual) referenced from tobject.o(.constdata__ZTV7TObject)
 <LI><a href="#[99]">__cxa_pure_virtual</a> from pure_virt.o(i.__cxa_pure_virtual) referenced from twidget.o(.constdata__ZTV7TWidget)
 <LI><a href="#[71]">__main</a> from entry.o(.ARM.Collect$$$$00000000) referenced from startup_stm32f429_439xx.o(.text)
 <LI><a href="#[74]">fputc</a> from usart_conf.o(i.fputc) referenced from printf8.o(i.__0printf$8)
 <LI><a href="#[6e]">main</a> from main.o(i.main) referenced from entry9a.o(.ARM.Collect$$$$0000000B)
 <LI><a href="#[7a]">prvIdleTask</a> from tasks.o(i.prvIdleTask) referenced from tasks.o(i.vTaskStartScheduler)
 <LI><a href="#[79]">prvTaskExitError</a> from port.o(i.prvTaskExitError) referenced from port.o(i.pxPortInitialiseStack)
 <LI><a href="#[7b]">prvTimerTask</a> from timers.o(i.prvTimerTask) referenced from timers.o(i.xTimerCreateTimerTask)
</UL>
<P>
<H3>
Global Symbols
</H3>
<P><STRONG><a name="[71]"></a>__main</STRONG> (Thumb, 0 bytes, Stack size unknown bytes, entry.o(.ARM.Collect$$$$00000000))
<BR>[Address Reference Count : 1]<UL><LI> startup_stm32f429_439xx.o(.text)
</UL>
<P><STRONG><a name="[2a7]"></a>_main_stk</STRONG> (Thumb, 0 bytes, Stack size unknown bytes, entry2.o(.ARM.Collect$$$$00000001))

<P><STRONG><a name="[133]"></a>_main_scatterload</STRONG> (Thumb, 0 bytes, Stack size unknown bytes, entry5.o(.ARM.Collect$$$$00000004))
<BR><BR>[Calls]<UL><LI><a href="#[134]">&gt;&gt;</a>&nbsp;&nbsp;&nbsp;__scatterload
</UL>

<P><STRONG><a name="[141]"></a>__main_after_scatterload</STRONG> (Thumb, 0 bytes, Stack size unknown bytes, entry5.o(.ARM.Collect$$$$00000004))
<BR><BR>[Called By]<UL><LI><a href="#[134]">&gt;&gt;</a>&nbsp;&nbsp;&nbsp;__scatterload
</UL>

<P><STRONG><a name="[2a8]"></a>_main_clock</STRONG> (Thumb, 0 bytes, Stack size unknown bytes, entry7b.o(.ARM.Collect$$$$00000008))

<P><STRONG><a name="[2a9]"></a>_main_cpp_init</STRONG> (Thumb, 0 bytes, Stack size unknown bytes, entry8b.o(.ARM.Collect$$$$0000000A))

<P><STRONG><a name="[2aa]"></a>_main_init</STRONG> (Thumb, 0 bytes, Stack size unknown bytes, entry9a.o(.ARM.Collect$$$$0000000B))

<P><STRONG><a name="[2ab]"></a>__rt_final_cpp</STRONG> (Thumb, 0 bytes, Stack size unknown bytes, entry10a.o(.ARM.Collect$$$$0000000D))

<P><STRONG><a name="[2ac]"></a>__rt_final_exit</STRONG> (Thumb, 0 bytes, Stack size unknown bytes, entry11a.o(.ARM.Collect$$$$0000000F))

<P><STRONG><a name="[f]"></a>SVC_Handler</STRONG> (Thumb, 28 bytes, Stack size 0 bytes, port.o(.emb_text))
<BR>[Address Reference Count : 1]<UL><LI> startup_stm32f429_439xx.o(RESET)
</UL>
<P><STRONG><a name="[29d]"></a>__asm___6_port_c_39a90d8d__prvStartFirstTask</STRONG> (Thumb, 28 bytes, Stack size 0 bytes, port.o(.emb_text))
<BR><BR>[Called By]<UL><LI><a href="#[29a]">&gt;&gt;</a>&nbsp;&nbsp;&nbsp;xPortStartScheduler
</UL>

<P><STRONG><a name="[29c]"></a>__asm___6_port_c_39a90d8d__prvEnableVFP</STRONG> (Thumb, 16 bytes, Stack size 0 bytes, port.o(.emb_text))
<BR><BR>[Called By]<UL><LI><a href="#[29a]">&gt;&gt;</a>&nbsp;&nbsp;&nbsp;xPortStartScheduler
</UL>

<P><STRONG><a name="[11]"></a>PendSV_Handler</STRONG> (Thumb, 88 bytes, Stack size 0 bytes, port.o(.emb_text))
<BR><BR>[Calls]<UL><LI><a href="#[135]">&gt;&gt;</a>&nbsp;&nbsp;&nbsp;vTaskSwitchContext
</UL>
<BR>[Address Reference Count : 1]<UL><LI> startup_stm32f429_439xx.o(RESET)
</UL>
<P><STRONG><a name="[295]"></a>vPortGetIPSR</STRONG> (Thumb, 6 bytes, Stack size 0 bytes, port.o(.emb_text))
<BR><BR>[Called By]<UL><LI><a href="#[294]">&gt;&gt;</a>&nbsp;&nbsp;&nbsp;vPortValidateInterruptPriority
</UL>

<P><STRONG><a name="[9]"></a>Reset_Handler</STRONG> (Thumb, 12 bytes, Stack size 0 bytes, startup_stm32f429_439xx.o(.text))
<BR>[Address Reference Count : 1]<UL><LI> startup_stm32f429_439xx.o(RESET)
</UL>
<P><STRONG><a name="[25]"></a>ADC_IRQHandler</STRONG> (Thumb, 0 bytes, Stack size 0 bytes, startup_stm32f429_439xx.o(.text))
<BR><BR>[Calls]<UL><LI><a href="#[25]">&gt;&gt;</a>&nbsp;&nbsp;&nbsp;ADC_IRQHandler
</UL>
<BR>[Called By]<UL><LI><a href="#[25]">&gt;&gt;</a>&nbsp;&nbsp;&nbsp;ADC_IRQHandler
</UL>
<BR>[Address Reference Count : 1]<UL><LI> startup_stm32f429_439xx.o(RESET)
</UL>
<P><STRONG><a name="[27]"></a>CAN1_RX0_IRQHandler</STRONG> (Thumb, 0 bytes, Stack size 0 bytes, startup_stm32f429_439xx.o(.text))
<BR>[Address Reference Count : 1]<UL><LI> startup_stm32f429_439xx.o(RESET)
</UL>
<P><STRONG><a name="[28]"></a>CAN1_RX1_IRQHandler</STRONG> (Thumb, 0 bytes, Stack size 0 bytes, startup_stm32f429_439xx.o(.text))
<BR>[Address Reference Count : 1]<UL><LI> startup_stm32f429_439xx.o(RESET)
</UL>
<P><STRONG><a name="[29]"></a>CAN1_SCE_IRQHandler</STRONG> (Thumb, 0 bytes, Stack size 0 bytes, startup_stm32f429_439xx.o(.text))
<BR>[Address Reference Count : 1]<UL><LI> startup_stm32f429_439xx.o(RESET)
</UL>
<P><STRONG><a name="[26]"></a>CAN1_TX_IRQHandler</STRONG> (Thumb, 0 bytes, Stack size 0 bytes, startup_stm32f429_439xx.o(.text))
<BR>[Address Reference Count : 1]<UL><LI> startup_stm32f429_439xx.o(RESET)
</UL>
<P><STRONG><a name="[53]"></a>CAN2_RX0_IRQHandler</STRONG> (Thumb, 0 bytes, Stack size 0 bytes, startup_stm32f429_439xx.o(.text))
<BR>[Address Reference Count : 1]<UL><LI> startup_stm32f429_439xx.o(RESET)
</UL>
<P><STRONG><a name="[54]"></a>CAN2_RX1_IRQHandler</STRONG> (Thumb, 0 bytes, Stack size 0 bytes, startup_stm32f429_439xx.o(.text))
<BR>[Address Reference Count : 1]<UL><LI> startup_stm32f429_439xx.o(RESET)
</UL>
<P><STRONG><a name="[55]"></a>CAN2_SCE_IRQHandler</STRONG> (Thumb, 0 bytes, Stack size 0 bytes, startup_stm32f429_439xx.o(.text))
<BR>[Address Reference Count : 1]<UL><LI> startup_stm32f429_439xx.o(RESET)
</UL>
<P><STRONG><a name="[52]"></a>CAN2_TX_IRQHandler</STRONG> (Thumb, 0 bytes, Stack size 0 bytes, startup_stm32f429_439xx.o(.text))
<BR>[Address Reference Count : 1]<UL><LI> startup_stm32f429_439xx.o(RESET)
</UL>
<P><STRONG><a name="[62]"></a>CRYP_IRQHandler</STRONG> (Thumb, 0 bytes, Stack size 0 bytes, startup_stm32f429_439xx.o(.text))
<BR>[Address Reference Count : 1]<UL><LI> startup_stm32f429_439xx.o(RESET)
</UL>
<P><STRONG><a name="[61]"></a>DCMI_IRQHandler</STRONG> (Thumb, 0 bytes, Stack size 0 bytes, startup_stm32f429_439xx.o(.text))
<BR>[Address Reference Count : 1]<UL><LI> startup_stm32f429_439xx.o(RESET)
</UL>
<P><STRONG><a name="[1e]"></a>DMA1_Stream0_IRQHandler</STRONG> (Thumb, 0 bytes, Stack size 0 bytes, startup_stm32f429_439xx.o(.text))
[...]
<BR><BR>[Stack]<UL><LI>Max Depth = 32<LI>Call Chain = prvAddCurrentTaskToDelayedList &rArr; vListInsert
</UL>
<BR>[Calls]<UL><LI><a href="#[26a]">&gt;&gt;</a>&nbsp;&nbsp;&nbsp;vListInsertEnd
<LI><a href="#[26b]">&gt;&gt;</a>&nbsp;&nbsp;&nbsp;vListInsert
<LI><a href="#[269]">&gt;&gt;</a>&nbsp;&nbsp;&nbsp;uxListRemove
</UL>
<BR>[Called By]<UL><LI><a href="#[296]">&gt;&gt;</a>&nbsp;&nbsp;&nbsp;vTaskPlaceOnEventListRestricted
<LI><a href="#[297]">&gt;&gt;</a>&nbsp;&nbsp;&nbsp;vTaskPlaceOnEventList
</UL>

<P><STRONG><a name="[26c]"></a>prvAddNewTaskToReadyList</STRONG> (Thumb, 156 bytes, Stack size 8 bytes, tasks.o(i.prvAddNewTaskToReadyList))
<BR><BR>[Stack]<UL><LI>Max Depth = 16<LI>Call Chain = prvAddNewTaskToReadyList &rArr; prvInitialiseTaskLists
</UL>
<BR>[Calls]<UL><LI><a href="#[26e]">&gt;&gt;</a>&nbsp;&nbsp;&nbsp;prvInitialiseTaskLists
<LI><a href="#[26a]">&gt;&gt;</a>&nbsp;&nbsp;&nbsp;vListInsertEnd
<LI><a href="#[26f]">&gt;&gt;</a>&nbsp;&nbsp;&nbsp;vPortExitCritical
<LI><a href="#[26d]">&gt;&gt;</a>&nbsp;&nbsp;&nbsp;vPortEnterCritical
</UL>
<BR>[Called By]<UL><LI><a href="#[266]">&gt;&gt;</a>&nbsp;&nbsp;&nbsp;xTaskCreate
</UL>

<P><STRONG><a name="[274]"></a>prvCheckTasksWaitingTermination</STRONG> (Thumb, 86 bytes, Stack size 16 bytes, tasks.o(i.prvCheckTasksWaitingTermination))
<BR><BR>[Stack]<UL><LI>Max Depth = 80<LI>Call Chain = prvCheckTasksWaitingTermination &rArr; prvDeleteTCB &rArr; vPortFree &rArr; xTaskResumeAll &rArr; xTaskIncrementTick
</UL>
<BR>[Calls]<UL><LI><a href="#[277]">&gt;&gt;</a>&nbsp;&nbsp;&nbsp;prvDeleteTCB
<LI><a href="#[269]">&gt;&gt;</a>&nbsp;&nbsp;&nbsp;uxListRemove
<LI><a href="#[276]">&gt;&gt;</a>&nbsp;&nbsp;&nbsp;xTaskResumeAll
<LI><a href="#[275]">&gt;&gt;</a>&nbsp;&nbsp;&nbsp;vTaskSuspendAll
<LI><a href="#[26f]">&gt;&gt;</a>&nbsp;&nbsp;&nbsp;vPortExitCritical
<LI><a href="#[26d]">&gt;&gt;</a>&nbsp;&nbsp;&nbsp;vPortEnterCritical
</UL>
<BR>[Called By]<UL><LI><a href="#[7a]">&gt;&gt;</a>&nbsp;&nbsp;&nbsp;prvIdleTask
</UL>

<P><STRONG><a name="[277]"></a>prvDeleteTCB</STRONG> (Thumb, 18 bytes, Stack size 8 bytes, tasks.o(i.prvDeleteTCB))
<BR><BR>[Stack]<UL><LI>Max Depth = 64<LI>Call Chain = prvDeleteTCB &rArr; vPortFree &rArr; xTaskResumeAll &rArr; xTaskIncrementTick
</UL>
<BR>[Calls]<UL><LI><a href="#[27b]">&gt;&gt;</a>&nbsp;&nbsp;&nbsp;vPortFree
</UL>
<BR>[Called By]<UL><LI><a href="#[274]">&gt;&gt;</a>&nbsp;&nbsp;&nbsp;prvCheckTasksWaitingTermination
</UL>

<P><STRONG><a name="[7a]"></a>prvIdleTask</STRONG> (Thumb, 32 bytes, Stack size 0 bytes, tasks.o(i.prvIdleTask))
<BR><BR>[Stack]<UL><LI>Max Depth = 80<LI>Call Chain = prvIdleTask &rArr; prvCheckTasksWaitingTermination &rArr; prvDeleteTCB &rArr; vPortFree &rArr; xTaskResumeAll &rArr; xTaskIncrementTick
</UL>
<BR>[Calls]<UL><LI><a href="#[274]">&gt;&gt;</a>&nbsp;&nbsp;&nbsp;prvCheckTasksWaitingTermination
</UL>
<BR>[Address Reference Count : 1]<UL><LI> tasks.o(i.vTaskStartScheduler)
</UL>
<P><STRONG><a name="[27e]"></a>prvInitialiseNewTask</STRONG> (Thumb, 180 bytes, Stack size 40 bytes, tasks.o(i.prvInitialiseNewTask))
<BR><BR>[Stack]<UL><LI>Max Depth = 40<LI>Call Chain = prvInitialiseNewTask
</UL>
<BR>[Calls]<UL><LI><a href="#[280]">&gt;&gt;</a>&nbsp;&nbsp;&nbsp;pxPortInitialiseStack
<LI><a href="#[27f]">&gt;&gt;</a>&nbsp;&nbsp;&nbsp;vListInitialiseItem
<LI><a href="#[137]">&gt;&gt;</a>&nbsp;&nbsp;&nbsp;__aeabi_memset
</UL>
<BR>[Called By]<UL><LI><a href="#[266]">&gt;&gt;</a>&nbsp;&nbsp;&nbsp;xTaskCreate
</UL>

<P><STRONG><a name="[26e]"></a>prvInitialiseTaskLists</STRONG> (Thumb, 70 bytes, Stack size 8 bytes, tasks.o(i.prvInitialiseTaskLists))
<BR><BR>[Stack]<UL><LI>Max Depth = 8<LI>Call Chain = prvInitialiseTaskLists
</UL>
<BR>[Calls]<UL><LI><a href="#[271]">&gt;&gt;</a>&nbsp;&nbsp;&nbsp;vListInitialise
</UL>
<BR>[Called By]<UL><LI><a href="#[26c]">&gt;&gt;</a>&nbsp;&nbsp;&nbsp;prvAddNewTaskToReadyList
</UL>

<P><STRONG><a name="[2a4]"></a>prvResetNextTaskUnblockTime</STRONG> (Thumb, 42 bytes, Stack size 0 bytes, tasks.o(i.prvResetNextTaskUnblockTime))
<BR><BR>[Called By]<UL><LI><a href="#[19c]">&gt;&gt;</a>&nbsp;&nbsp;&nbsp;xTaskIncrementTick
<LI><a href="#[276]">&gt;&gt;</a>&nbsp;&nbsp;&nbsp;xTaskResumeAll
</UL>

<P><STRONG><a name="[270]"></a>prvCheckForValidListAndQueue</STRONG> (Thumb, 72 bytes, Stack size 8 bytes, timers.o(i.prvCheckForValidListAndQueue))
<BR><BR>[Stack]<UL><LI>Max Depth = 104<LI>Call Chain = prvCheckForValidListAndQueue &rArr; xQueueGenericCreate &rArr; pvPortMalloc &rArr; xTaskResumeAll &rArr; xTaskIncrementTick
</UL>
<BR>[Calls]<UL><LI><a href="#[272]">&gt;&gt;</a>&nbsp;&nbsp;&nbsp;xQueueGenericCreate
<LI><a href="#[273]">&gt;&gt;</a>&nbsp;&nbsp;&nbsp;vQueueAddToRegistry
<LI><a href="#[26f]">&gt;&gt;</a>&nbsp;&nbsp;&nbsp;vPortExitCritical
<LI><a href="#[26d]">&gt;&gt;</a>&nbsp;&nbsp;&nbsp;vPortEnterCritical
<LI><a href="#[271]">&gt;&gt;</a>&nbsp;&nbsp;&nbsp;vListInitialise
</UL>
<BR>[Called By]<UL><LI><a href="#[299]">&gt;&gt;</a>&nbsp;&nbsp;&nbsp;xTimerCreateTimerTask
</UL>

<P><STRONG><a name="[28d]"></a>prvGetNextExpireTime</STRONG> (Thumb, 36 bytes, Stack size 0 bytes, timers.o(i.prvGetNextExpireTime))
<BR><BR>[Called By]<UL><LI><a href="#[7b]">&gt;&gt;</a>&nbsp;&nbsp;&nbsp;prvTimerTask
</UL>

<P><STRONG><a name="[281]"></a>prvInsertTimerInActiveList</STRONG> (Thumb, 80 bytes, Stack size 24 bytes, timers.o(i.prvInsertTimerInActiveList))
<BR><BR>[Stack]<UL><LI>Max Depth = 32<LI>Call Chain = prvInsertTimerInActiveList &rArr; vListInsert
</UL>
<BR>[Calls]<UL><LI><a href="#[26b]">&gt;&gt;</a>&nbsp;&nbsp;&nbsp;vListInsert
</UL>
<BR>[Called By]<UL><LI><a href="#[286]">&gt;&gt;</a>&nbsp;&nbsp;&nbsp;prvProcessReceivedCommands
<LI><a href="#[284]">&gt;&gt;</a>&nbsp;&nbsp;&nbsp;prvProcessExpiredTimer
</UL>

<P><STRONG><a name="[284]"></a>prvProcessExpiredTimer</STRONG> (Thumb, 94 bytes, Stack size 24 bytes, timers.o(i.prvProcessExpiredTimer))
<BR><BR>[Stack]<UL><LI>Max Depth = 168<LI>Call Chain = prvProcessExpiredTimer &rArr; xTimerGenericCommand &rArr; xQueueGenericSend &rArr; vTaskPlaceOnEventList &rArr; prvAddCurrentTaskToDelayedList &rArr; vListInsert
</UL>
<BR>[Calls]<UL><LI><a href="#[285]">&gt;&gt;</a>&nbsp;&nbsp;&nbsp;xTimerGenericCommand
<LI><a href="#[281]">&gt;&gt;</a>&nbsp;&nbsp;&nbsp;prvInsertTimerInActiveList
<LI><a href="#[269]">&gt;&gt;</a>&nbsp;&nbsp;&nbsp;uxListRemove
</UL>
<BR>[Called By]<UL><LI><a href="#[289]">&gt;&gt;</a>&nbsp;&nbsp;&nbsp;prvProcessTimerOrBlockTask
</UL>

<P><STRONG><a name="[286]"></a>prvProcessReceivedCommands</STRONG> (Thumb, 242 bytes, Stack size 40 bytes, timers.o(i.prvProcessReceivedCommands))
<BR><BR>[Stack]<UL><LI>Max Depth = 232<LI>Call Chain = prvProcessReceivedCommands &rArr; prvSampleTimeNow &rArr; prvSwitchTimerLists &rArr; xTimerGenericCommand &rArr; xQueueGenericSend &rArr; vTaskPlaceOnEventList &rArr; prvAddCurrentTaskToDelayedList &rArr; vListInsert
</UL>
<BR>[Calls]<UL><LI><a href="#[285]">&gt;&gt;</a>&nbsp;&nbsp;&nbsp;xTimerGenericCommand
<LI><a href="#[287]">&gt;&gt;</a>&nbsp;&nbsp;&nbsp;prvSampleTimeNow
<LI><a href="#[281]">&gt;&gt;</a>&nbsp;&nbsp;&nbsp;prvInsertTimerInActiveList
<LI><a href="#[288]">&gt;&gt;</a>&nbsp;&nbsp;&nbsp;xQueueGenericReceive
<LI><a href="#[269]">&gt;&gt;</a>&nbsp;&nbsp;&nbsp;uxListRemove
<LI><a href="#[27b]">&gt;&gt;</a>&nbsp;&nbsp;&nbsp;vPortFree
</UL>
<BR>[Called By]<UL><LI><a href="#[7b]">&gt;&gt;</a>&nbsp;&nbsp;&nbsp;prvTimerTask
</UL>

<P><STRONG><a name="[289]"></a>prvProcessTimerOrBlockTask</STRONG> (Thumb, 102 bytes, Stack size 24 bytes, timers.o(i.prvProcessTimerOrBlockTask))
<BR><BR>[Stack]<UL><LI>Max Depth = 216<LI>Call Chain = prvProcessTimerOrBlockTask &rArr; prvSampleTimeNow &rArr; prvSwitchTimerLists &rArr; xTimerGenericCommand &rArr; xQueueGenericSend &rArr; vTaskPlaceOnEventList &rArr; prvAddCurrentTaskToDelayedList &rArr; vListInsert
</UL>
<BR>[Calls]<UL><LI><a href="#[287]">&gt;&gt;</a>&nbsp;&nbsp;&nbsp;prvSampleTimeNow
<LI><a href="#[284]">&gt;&gt;</a>&nbsp;&nbsp;&nbsp;prvProcessExpiredTimer
<LI><a href="#[28a]">&gt;&gt;</a>&nbsp;&nbsp;&nbsp;vQueueWaitForMessageRestricted
<LI><a href="#[276]">&gt;&gt;</a>&nbsp;&nbsp;&nbsp;xTaskResumeAll
<LI><a href="#[275]">&gt;&gt;</a>&nbsp;&nbsp;&nbsp;vTaskSuspendAll
</UL>
<BR>[Called By]<UL><LI><a href="#[7b]">&gt;&gt;</a>&nbsp;&nbsp;&nbsp;prvTimerTask
</UL>

<P><STRONG><a name="[287]"></a>prvSampleTimeNow</STRONG> (Thumb, 40 bytes, Stack size 16 bytes, timers.o(i.prvSampleTimeNow))
<BR><BR>[Stack]<UL><LI>Max Depth = 192<LI>Call Chain = prvSampleTimeNow &rArr; prvSwitchTimerLists &rArr; xTimerGenericCommand &rArr; xQueueGenericSend &rArr; vTaskPlaceOnEventList &rArr; prvAddCurrentTaskToDelayedList &rArr; vListInsert
</UL>
<BR>[Calls]<UL><LI><a href="#[28c]">&gt;&gt;</a>&nbsp;&nbsp;&nbsp;prvSwitchTimerLists
<LI><a href="#[28b]">&gt;&gt;</a>&nbsp;&nbsp;&nbsp;xTaskGetTickCount
</UL>
<BR>[Called By]<UL><LI><a href="#[289]">&gt;&gt;</a>&nbsp;&nbsp;&nbsp;prvProcessTimerOrBlockTask
<LI><a href="#[286]">&gt;&gt;</a>&nbsp;&nbsp;&nbsp;prvProcessReceivedCommands
</UL>

<P><STRONG><a name="[28c]"></a>prvSwitchTimerLists</STRONG> (Thumb, 150 bytes, Stack size 32 bytes, timers.o(i.prvSwitchTimerLists))
<BR><BR>[Stack]<UL><LI>Max Depth = 176<LI>Call Chain = prvSwitchTimerLists &rArr; xTimerGenericCommand &rArr; xQueueGenericSend &rArr; vTaskPlaceOnEventList &rArr; prvAddCurrentTaskToDelayedList &rArr; vListInsert
</UL>
<BR>[Calls]<UL><LI><a href="#[285]">&gt;&gt;</a>&nbsp;&nbsp;&nbsp;xTimerGenericCommand
<LI><a href="#[26b]">&gt;&gt;</a>&nbsp;&nbsp;&nbsp;vListInsert
<LI><a href="#[269]">&gt;&gt;</a>&nbsp;&nbsp;&nbsp;uxListRemove
</UL>
<BR>[Called By]<UL><LI><a href="#[287]">&gt;&gt;</a>&nbsp;&nbsp;&nbsp;prvSampleTimeNow
</UL>

<P><STRONG><a name="[7b]"></a>prvTimerTask</STRONG> (Thumb, 26 bytes, Stack size 8 bytes, timers.o(i.prvTimerTask))
<BR><BR>[Stack]<UL><LI>Max Depth = 240<LI>Call Chain = prvTimerTask &rArr; prvProcessReceivedCommands &rArr; prvSampleTimeNow &rArr; prvSwitchTimerLists &rArr; xTimerGenericCommand &rArr; xQueueGenericSend &rArr; vTaskPlaceOnEventList &rArr; prvAddCurrentTaskToDelayedList &rArr; vListInsert
</UL>
<BR>[Calls]<UL><LI><a href="#[289]">&gt;&gt;</a>&nbsp;&nbsp;&nbsp;prvProcessTimerOrBlockTask
<LI><a href="#[286]">&gt;&gt;</a>&nbsp;&nbsp;&nbsp;prvProcessReceivedCommands
<LI><a href="#[28d]">&gt;&gt;</a>&nbsp;&nbsp;&nbsp;prvGetNextExpireTime
</UL>
<BR>[Address Reference Count : 1]<UL><LI> timers.o(i.xTimerCreateTimerTask)
</UL>
<P><STRONG><a name="[79]"></a>prvTaskExitError</STRONG> (Thumb, 60 bytes, Stack size 0 bytes, port.o(i.prvTaskExitError))
<BR>[Address Reference Count : 1]<UL><LI> port.o(i.pxPortInitialiseStack)
</UL>
<P><STRONG><a name="[292]"></a>prvHeapInit</STRONG> (Thumb, 98 bytes, Stack size 12 bytes, heap_4.o(i.prvHeapInit))
<BR><BR>[Stack]<UL><LI>Max Depth = 12<LI>Call Chain = prvHeapInit
</UL>
<BR>[Called By]<UL><LI><a href="#[291]">&gt;&gt;</a>&nbsp;&nbsp;&nbsp;pvPortMalloc
</UL>

<P><STRONG><a name="[293]"></a>prvInsertBlockIntoFreeList</STRONG> (Thumb, 96 bytes, Stack size 8 bytes, heap_4.o(i.prvInsertBlockIntoFreeList))
<BR><BR>[Stack]<UL><LI>Max Depth = 8<LI>Call Chain = prvInsertBlockIntoFreeList
</UL>
<BR>[Called By]<UL><LI><a href="#[27b]">&gt;&gt;</a>&nbsp;&nbsp;&nbsp;vPortFree
<LI><a href="#[291]">&gt;&gt;</a>&nbsp;&nbsp;&nbsp;pvPortMalloc
</UL>

<P><STRONG><a name="[14f]"></a>GTP_Get_Info</STRONG> (Thumb, 140 bytes, Stack size 32 bytes, gt9xx.o(i.GTP_Get_Info))
<BR><BR>[Stack]<UL><LI>Max Depth = 152<LI>Call Chain = GTP_Get_Info &rArr; GTP_I2C_Read &rArr; I2C_Transfer &rArr; I2C_WriteBytes &rArr; I2C_TIMEOUT_UserCallback &rArr; __2printf
</UL>
<BR>[Calls]<UL><LI><a href="#[150]">&gt;&gt;</a>&nbsp;&nbsp;&nbsp;GTP_I2C_Read
<LI><a href="#[151]">&gt;&gt;</a>&nbsp;&nbsp;&nbsp;__2printf
</UL>
<BR>[Called By]<UL><LI><a href="#[155]">&gt;&gt;</a>&nbsp;&nbsp;&nbsp;GTP_Init_Panel
</UL>

<P><STRONG><a name="[150]"></a>GTP_I2C_Read</STRONG> (Thumb, 126 bytes, Stack size 48 bytes, gt9xx.o(i.GTP_I2C_Read))
<BR><BR>[Stack]<UL><LI>Max Depth = 120<LI>Call Chain = GTP_I2C_Read &rArr; I2C_Transfer &rArr; I2C_WriteBytes &rArr; I2C_TIMEOUT_UserCallback &rArr; __2printf
</UL>
<BR>[Calls]<UL><LI><a href="#[152]">&gt;&gt;</a>&nbsp;&nbsp;&nbsp;I2C_Transfer
<LI><a href="#[151]">&gt;&gt;</a>&nbsp;&nbsp;&nbsp;__2printf
</UL>
<BR>[Called By]<UL><LI><a href="#[157]">&gt;&gt;</a>&nbsp;&nbsp;&nbsp;GTP_Read_Version
<LI><a href="#[15b]">&gt;&gt;</a>&nbsp;&nbsp;&nbsp;Goodix_TS_Work_Func
<LI><a href="#[153]">&gt;&gt;</a>&nbsp;&nbsp;&nbsp;GTP_I2C_Test
<LI><a href="#[14f]">&gt;&gt;</a>&nbsp;&nbsp;&nbsp;GTP_Get_Info
</UL>

<P><STRONG><a name="[153]"></a>GTP_I2C_Test</STRONG> (Thumb, 60 bytes, Stack size 16 bytes, gt9xx.o(i.GTP_I2C_Test))
<BR><BR>[Stack]<UL><LI>Max Depth = 136<LI>Call Chain = GTP_I2C_Test &rArr; GTP_I2C_Read &rArr; I2C_Transfer &rArr; I2C_WriteBytes &rArr; I2C_TIMEOUT_UserCallback &rArr; __2printf
</UL>
<BR>[Calls]<UL><LI><a href="#[150]">&gt;&gt;</a>&nbsp;&nbsp;&nbsp;GTP_I2C_Read
<LI><a href="#[151]">&gt;&gt;</a>&nbsp;&nbsp;&nbsp;__2printf
</UL>
<BR>[Called By]<UL><LI><a href="#[155]">&gt;&gt;</a>&nbsp;&nbsp;&nbsp;GTP_Init_Panel
</UL>

<P><STRONG><a name="[154]"></a>GTP_I2C_Write</STRONG> (Thumb, 92 bytes, Stack size 40 bytes, gt9xx.o(i.GTP_I2C_Write))
<BR><BR>[Stack]<UL><LI>Max Depth = 112<LI>Call Chain = GTP_I2C_Write &rArr; I2C_Transfer &rArr; I2C_WriteBytes &rArr; I2C_TIMEOUT_UserCallback &rArr; __2printf
</UL>
<BR>[Calls]<UL><LI><a href="#[152]">&gt;&gt;</a>&nbsp;&nbsp;&nbsp;I2C_Transfer
<LI><a href="#[151]">&gt;&gt;</a>&nbsp;&nbsp;&nbsp;__2printf
</UL>
<BR>[Called By]<UL><LI><a href="#[155]">&gt;&gt;</a>&nbsp;&nbsp;&nbsp;GTP_Init_Panel
<LI><a href="#[15b]">&gt;&gt;</a>&nbsp;&nbsp;&nbsp;Goodix_TS_Work_Func
</UL>

<P><STRONG><a name="[15c]"></a>GTP_Touch_Down</STRONG> (Thumb, 52 bytes, Stack size 24 bytes, gt9xx.o(i.GTP_Touch_Down))
<BR><BR>[Stack]<UL><LI>Max Depth = 36<LI>Call Chain = GTP_Touch_Down &rArr; guiTouchDown
</UL>
<BR>[Calls]<UL><LI><a href="#[15d]">&gt;&gt;</a>&nbsp;&nbsp;&nbsp;guiTouchDown
</UL>
<BR>[Called By]<UL><LI><a href="#[15b]">&gt;&gt;</a>&nbsp;&nbsp;&nbsp;Goodix_TS_Work_Func
</UL>

<P><STRONG><a name="[15e]"></a>GTP_Touch_Up</STRONG> (Thumb, 38 bytes, Stack size 8 bytes, gt9xx.o(i.GTP_Touch_Up))
<BR><BR>[Stack]<UL><LI>Max Depth = 8<LI>Call Chain = GTP_Touch_Up
</UL>
<BR>[Calls]<UL><LI><a href="#[15f]">&gt;&gt;</a>&nbsp;&nbsp;&nbsp;guiTouchUp
</UL>
<BR>[Called By]<UL><LI><a href="#[15b]">&gt;&gt;</a>&nbsp;&nbsp;&nbsp;Goodix_TS_Work_Func
</UL>

<P><STRONG><a name="[15b]"></a>Goodix_TS_Work_Func</STRONG> (Thumb, 386 bytes, Stack size 136 bytes, gt9xx.o(i.Goodix_TS_Work_Func))
<BR><BR>[Stack]<UL><LI>Max Depth = 256<LI>Call Chain = Goodix_TS_Work_Func &rArr; GTP_I2C_Read &rArr; I2C_Transfer &rArr; I2C_WriteBytes &rArr; I2C_TIMEOUT_UserCallback &rArr; __2printf
</UL>
<BR>[Calls]<UL><LI><a href="#[15e]">&gt;&gt;</a>&nbsp;&nbsp;&nbsp;GTP_Touch_Up
<LI><a href="#[15c]">&gt;&gt;</a>&nbsp;&nbsp;&nbsp;GTP_Touch_Down
<LI><a href="#[154]">&gt;&gt;</a>&nbsp;&nbsp;&nbsp;GTP_I2C_Write
<LI><a href="#[150]">&gt;&gt;</a>&nbsp;&nbsp;&nbsp;GTP_I2C_Read
<LI><a href="#[160]">&gt;&gt;</a>&nbsp;&nbsp;&nbsp;__aeabi_memclr4
<LI><a href="#[158]">&gt;&gt;</a>&nbsp;&nbsp;&nbsp;__aeabi_memcpy
<LI><a href="#[151]">&gt;&gt;</a>&nbsp;&nbsp;&nbsp;__2printf
</UL>
<BR>[Called By]<UL><LI><a href="#[146]">&gt;&gt;</a>&nbsp;&nbsp;&nbsp;GTP_TouchProcess
</UL>

<P><STRONG><a name="[152]"></a>I2C_Transfer</STRONG> (Thumb, 126 bytes, Stack size 24 bytes, gt9xx.o(i.I2C_Transfer))
<BR><BR>[Stack]<UL><LI>Max Depth = 72<LI>Call Chain = I2C_Transfer &rArr; I2C_WriteBytes &rArr; I2C_TIMEOUT_UserCallback &rArr; __2printf
</UL>
<BR>[Calls]<UL><LI><a href="#[178]">&gt;&gt;</a>&nbsp;&nbsp;&nbsp;I2C_WriteBytes
<LI><a href="#[16c]">&gt;&gt;</a>&nbsp;&nbsp;&nbsp;I2C_ReadBytes
</UL>
<BR>[Called By]<UL><LI><a href="#[154]">&gt;&gt;</a>&nbsp;&nbsp;&nbsp;GTP_I2C_Write
<LI><a href="#[150]">&gt;&gt;</a>&nbsp;&nbsp;&nbsp;GTP_I2C_Read
</UL>

<P><STRONG><a name="[176]"></a>Delay</STRONG> (Thumb, 18 bytes, Stack size 8 bytes, touch_i2c.o(i.Delay))
<BR><BR>[Stack]<UL><LI>Max Depth = 8<LI>Call Chain = Delay
</UL>
<BR>[Called By]<UL><LI><a href="#[174]">&gt;&gt;</a>&nbsp;&nbsp;&nbsp;I2C_ResetChip
</UL>

<P><STRONG><a name="[161]"></a>I2C_GPIO_Config</STRONG> (Thumb, 170 bytes, Stack size 16 bytes, touch_i2c.o(i.I2C_GPIO_Config))
<BR><BR>[Stack]<UL><LI>Max Depth = 36<LI>Call Chain = I2C_GPIO_Config &rArr; GPIO_PinAFConfig
</UL>
<BR>[Calls]<UL><LI><a href="#[14b]">&gt;&gt;</a>&nbsp;&nbsp;&nbsp;GPIO_PinAFConfig
<LI><a href="#[14c]">&gt;&gt;</a>&nbsp;&nbsp;&nbsp;GPIO_Init
<LI><a href="#[14a]">&gt;&gt;</a>&nbsp;&nbsp;&nbsp;RCC_APB2PeriphClockCmd
<LI><a href="#[162]">&gt;&gt;</a>&nbsp;&nbsp;&nbsp;RCC_APB1PeriphClockCmd
<LI><a href="#[149]">&gt;&gt;</a>&nbsp;&nbsp;&nbsp;RCC_AHB1PeriphClockCmd
</UL>
<BR>[Called By]<UL><LI><a href="#[156]">&gt;&gt;</a>&nbsp;&nbsp;&nbsp;I2C_Touch_Init
</UL>

<P><STRONG><a name="[169]"></a>I2C_Mode_Config</STRONG> (Thumb, 66 bytes, Stack size 24 bytes, touch_i2c.o(i.I2C_Mode_Config))
<BR><BR>[Stack]<UL><LI>Max Depth = 92<LI>Call Chain = I2C_Mode_Config &rArr; I2C_Init &rArr; RCC_GetClocksFreq
</UL>
<BR>[Calls]<UL><LI><a href="#[167]">&gt;&gt;</a>&nbsp;&nbsp;&nbsp;I2C_Init
<LI><a href="#[16a]">&gt;&gt;</a>&nbsp;&nbsp;&nbsp;I2C_Cmd
<LI><a href="#[16b]">&gt;&gt;</a>&nbsp;&nbsp;&nbsp;I2C_AcknowledgeConfig
</UL>
<BR>[Called By]<UL><LI><a href="#[156]">&gt;&gt;</a>&nbsp;&nbsp;&nbsp;I2C_Touch_Init
</UL>

<P><STRONG><a name="[16d]"></a>I2C_TIMEOUT_UserCallback</STRONG> (Thumb, 16 bytes, Stack size 8 bytes, touch_i2c.o(i.I2C_TIMEOUT_UserCallback))
<BR><BR>[Stack]<UL><LI>Max Depth = 32<LI>Call Chain = I2C_TIMEOUT_UserCallback &rArr; __2printf
</UL>
<BR>[Calls]<UL><LI><a href="#[151]">&gt;&gt;</a>&nbsp;&nbsp;&nbsp;__2printf
</UL>
<BR>[Called By]<UL><LI><a href="#[178]">&gt;&gt;</a>&nbsp;&nbsp;&nbsp;I2C_WriteBytes
<LI><a href="#[16c]">&gt;&gt;</a>&nbsp;&nbsp;&nbsp;I2C_ReadBytes
</UL>

<P><STRONG><a name="[25f]"></a>_printf_core</STRONG> (Thumb, 996 bytes, Stack size 104 bytes, printf8.o(i._printf_core), UNUSED)
<BR><BR>[Calls]<UL><LI><a href="#[13a]">&gt;&gt;</a>&nbsp;&nbsp;&nbsp;__aeabi_uldivmod
<LI><a href="#[262]">&gt;&gt;</a>&nbsp;&nbsp;&nbsp;_printf_pre_padding
<LI><a href="#[263]">&gt;&gt;</a>&nbsp;&nbsp;&nbsp;_printf_post_padding
</UL>
<BR>[Called By]<UL><LI><a href="#[25e]">&gt;&gt;</a>&nbsp;&nbsp;&nbsp;__0printf$8
</UL>

<P><STRONG><a name="[263]"></a>_printf_post_padding</STRONG> (Thumb, 36 bytes, Stack size 24 bytes, printf8.o(i._printf_post_padding), UNUSED)
<BR><BR>[Called By]<UL><LI><a href="#[25f]">&gt;&gt;</a>&nbsp;&nbsp;&nbsp;_printf_core
</UL>

<P><STRONG><a name="[262]"></a>_printf_pre_padding</STRONG> (Thumb, 46 bytes, Stack size 24 bytes, printf8.o(i._printf_pre_padding), UNUSED)
<BR><BR>[Called By]<UL><LI><a href="#[25f]">&gt;&gt;</a>&nbsp;&nbsp;&nbsp;_printf_core
</UL>

<P><STRONG><a name="[261]"></a>internal_alloc</STRONG> (Thumb, 76 bytes, Stack size 24 bytes, mallocr.o(i.internal_alloc))
<BR><BR>[Stack]<UL><LI>Max Depth = 32<LI>Call Chain = internal_alloc &rArr; __aeabi_memcpy
</UL>
<BR>[Calls]<UL><LI><a href="#[158]">&gt;&gt;</a>&nbsp;&nbsp;&nbsp;__aeabi_memcpy
</UL>
<BR>[Called By]<UL><LI><a href="#[212]">&gt;&gt;</a>&nbsp;&nbsp;&nbsp;realloc
<LI><a href="#[13f]">&gt;&gt;</a>&nbsp;&nbsp;&nbsp;malloc
</UL>

<P><STRONG><a name="[72]"></a>[local to arm_exceptions_c]::__default_terminate_handler()</STRONG> (Thumb, 6 bytes, Stack size 8 bytes, arm_exceptions_globs.o(.text))
<BR><BR>[Stack]<UL><LI>Max Depth = 8<LI>Call Chain = [local to arm_exceptions_c]::__default_terminate_handler()
</UL>
<BR>[Address Reference Count : 1]<UL><LI> arm_exceptions_globs.o(.text)
</UL><P>
<H3>
Undefined Global Symbols
</H3><HR></body></html>
