<html>
<body>
<pre>
<h1>µVision Build Log</h1>
<h2>Tool Versions:</h2>
IDE-Version: ¶ÃVision V5.24.2.0
Copyright (C) 2017 ARM Ltd and ARM Germany GmbH. All rights reserved.
License Information:  ,  , LIC=BL2Y8-39AVP-WIS5K-ZV34T-BBKKE-E3EHU
 
Tool Versions:
Toolchain:       MDK-ARM Professional  Version: 5.24.1
Toolchain Path:  C:\Keil_v5\ARM\ARMCC\Bin
C Compiler:      Armcc.exe V5.06 update 5 (build 528)
Assembler:       Armasm.exe V5.06 update 5 (build 528)
Linker/Locator:  ArmLink.exe V5.06 update 5 (build 528)
Library Manager: ArmAr.exe V5.06 update 5 (build 528)
Hex Converter:   FromElf.exe V5.06 update 5 (build 528)
CPU DLL:         SARMCM3.DLL V5.24.1
Dialog DLL:      DCM.DLL V1.16.0.0
Target DLL:      STLink\ST-LINKIII-KEIL_SWO.dll V3.0.1.0
Dialog DLL:      TCM.DLL V1.32.0.0
 
<h2>Project:</h2>
\\Mac\Home\GitHub\tGui_v3\freeRTOS_TGuiv3\Project\stm32f4Demo.uvprojx
Project File Date:  04/06/2018

<h2>Output:</h2>
*** Using Compiler 'V5.06 update 5 (build 528)', folder: 'C:\Keil_v5\ARM\ARMCC\Bin'
*** Warning: Using Microlib and C++ file(s) might cause the linker to fail !
  
Build target 'STM32F429IGT6Demo'
compiling gt9xx.c...
..\User\touch\gt9xx.c(65): warning:  #177-D: function "GT91xx_Config_Read_Proc"  was declared but never referenced
  static void GT91xx_Config_Read_Proc(void);
..\User\touch\gt9xx.c: 1 warning, 0 errors
compiling TArray.cpp...
compiling TConnectList.cpp...
..\TGui\TContainter/TObjList.h(13): warning:  #997-D: function "tCollection<T>::count() const [with T=TObject *]"  is hidden by "TObjList::count"  -- virtual function override intended?
  		virtual uint32 count() { return TList<TObject*>::count(); }
..\TGui\TContainter/TConnectList.h(13): warning:  #997-D: function "tCollection<T>::count() const [with T=TConnection *]"  is hidden by "TConnectList::count"  -- virtual function override intended?
  	virtual uint32 count() { return TList<TConnection*>::count(); }
..\TGui\TContainter\TConnectList.cpp: 2 warnings, 0 errors
compiling main.cpp...
..\TGui\TContainter/TObjList.h(13): warning:  #997-D: function "tCollection<T>::count() const [with T=TObject *]"  is hidden by "TObjList::count"  -- virtual function override intended?
  		virtual uint32 count() { return TList<TObject*>::count(); }
..\TGui\TContainter/TConnectList.h(13): warning:  #997-D: function "tCollection<T>::count() const [with T=TConnection *]"  is hidden by "TConnectList::count"  -- virtual function override intended?
  	virtual uint32 count() { return TList<TConnection*>::count(); }
..\TGui\TContainter/TWidgetList.h(10): warning:  #997-D: function "tCollection<T>::count() const [with T=TWidget *]"  is hidden by "TWidgetList::count"  -- virtual function override intended?
  	virtual uint32 count() { return TList<TWidget*>::count(); }
..\TGui\TObject/TApplication.h(49): warning:  #68-D: integer conversion resulted in a change of sign
  	void setSignal(TWidget* wid,int32 data,uint8 index = -1);
..\User\main.cpp(105): warning:  #177-D: function "task0_temp"  was declared but never referenced
  static void task0_temp(void *pvParameters)
..\User\main.cpp: 5 warnings, 0 errors
compiling TFuncList.cpp...
compiling TString.cpp...
..\TGui\TContainter\TString.cpp(192): warning:  #68-D: integer conversion resulted in a change of sign
  	return -1;
..\TGui\TContainter\TString.cpp(206): warning:  #68-D: integer conversion resulted in a change of sign
  	return d ? (uint32)(d - data()) : -1;
..\TGui\TContainter\TString.cpp(222): warning:  #68-D: integer conversion resulted in a change of sign
  	return - 1;
..\TGui\TContainter\TString.cpp(240): warning:  #68-D: integer conversion resulted in a change of sign
  	return d ? (uint32)(d - data()) : -1;
..\TGui\TContainter\TString.cpp: 4 warnings, 0 errors
compiling tgui_conf.c...
..\TGui\interface_conf\tgui_conf.c(34): warning:  #550-D: variable "Alpha_Value"  was set but never used
    uint16_t Alpha_Value = 0xff,Red_Value = 0, Green_Value = 0, Blue_Value = 0;
..\TGui\interface_conf\tgui_conf.c: 1 warning, 0 errors
compiling TAbstractSlider.cpp...
..\TGui\TContainter/TObjList.h(13): warning:  #997-D: function "tCollection<T>::count() const [with T=TObject *]"  is hidden by "TObjList::count"  -- virtual function override intended?
  		virtual uint32 count() { return TList<TObject*>::count(); }
..\TGui\TContainter/TConnectList.h(13): warning:  #997-D: function "tCollection<T>::count() const [with T=TConnection *]"  is hidden by "TConnectList::count"  -- virtual function override intended?
  	virtual uint32 count() { return TList<TConnection*>::count(); }
..\TGui\TContainter/TWidgetList.h(10): warning:  #997-D: function "tCollection<T>::count() const [with T=TWidget *]"  is hidden by "TWidgetList::count"  -- virtual function override intended?
  	virtual uint32 count() { return TList<TWidget*>::count(); }
..\TGui\TWidget\TAbstractSlider.cpp: 3 warnings, 0 errors
compiling TGuiMain.cpp...
..\TGui\TContainter/TObjList.h(13): warning:  #997-D: function "tCollection<T>::count() const [with T=TObject *]"  is hidden by "TObjList::count"  -- virtual function override intended?
  		virtual uint32 count() { return TList<TObject*>::count(); }
..\TGui\TContainter/TConnectList.h(13): warning:  #997-D: function "tCollection<T>::count() const [with T=TConnection *]"  is hidden by "TConnectList::count"  -- virtual function override intended?
  	virtual uint32 count() { return TList<TConnection*>::count(); }
..\TGui\TContainter/TWidgetList.h(10): warning:  #997-D: function "tCollection<T>::count() const [with T=TWidget *]"  is hidden by "TWidgetList::count"  -- virtual function override intended?
  	virtual uint32 count() { return TList<TWidget*>::count(); }
..\TGui\TObject/TApplication.h(49): warning:  #68-D: integer conversion resulted in a change of sign
  	void setSignal(TWidget* wid,int32 data,uint8 index = -1);
..\TGui\TGuiMain.cpp: 4 warnings, 0 errors
compiling TAbstractButton.cpp...
..\TGui\TContainter/TObjList.h(13): warning:  #997-D: function "tCollection<T>::count() const [with T=TObject *]"  is hidden by "TObjList::count"  -- virtual function override intended?
  		virtual uint32 count() { return TList<TObject*>::count(); }
..\TGui\TContainter/TConnectList.h(13): warning:  #997-D: function "tCollection<T>::count() const [with T=TConnection *]"  is hidden by "TConnectList::count"  -- virtual function override intended?
  	virtual uint32 count() { return TList<TConnection*>::count(); }
..\TGui\TContainter/TWidgetList.h(10): warning:  #997-D: function "tCollection<T>::count() const [with T=TWidget *]"  is hidden by "TWidgetList::count"  -- virtual function override intended?
  	virtual uint32 count() { return TList<TWidget*>::count(); }
..\TGui\TWidget\TAbstractButton.cpp: 3 warnings, 0 errors
compiling TCheckBox.cpp...
..\TGui\TContainter/TObjList.h(13): warning:  #997-D: function "tCollection<T>::count() const [with T=TObject *]"  is hidden by "TObjList::count"  -- virtual function override intended?
  		virtual uint32 count() { return TList<TObject*>::count(); }
..\TGui\TContainter/TConnectList.h(13): warning:  #997-D: function "tCollection<T>::count() const [with T=TConnection *]"  is hidden by "TConnectList::count"  -- virtual function override intended?
  	virtual uint32 count() { return TList<TConnection*>::count(); }
..\TGui\TContainter/TWidgetList.h(10): warning:  #997-D: function "tCollection<T>::count() const [with T=TWidget *]"  is hidden by "TWidgetList::count"  -- virtual function override intended?
  	virtual uint32 count() { return TList<TWidget*>::count(); }
..\TGui\TWidget\TCheckBox.cpp: 3 warnings, 0 errors
compiling TFrame.cpp...
..\TGui\TContainter/TObjList.h(13): warning:  #997-D: function "tCollection<T>::count() const [with T=TObject *]"  is hidden by "TObjList::count"  -- virtual function override intended?
  		virtual uint32 count() { return TList<TObject*>::count(); }
..\TGui\TContainter/TConnectList.h(13): warning:  #997-D: function "tCollection<T>::count() const [with T=TConnection *]"  is hidden by "TConnectList::count"  -- virtual function override intended?
  	virtual uint32 count() { return TList<TConnection*>::count(); }
..\TGui\TContainter/TWidgetList.h(10): warning:  #997-D: function "tCollection<T>::count() const [with T=TWidget *]"  is hidden by "TWidgetList::count"  -- virtual function override intended?
  	virtual uint32 count() { return TList<TWidget*>::count(); }
..\TGui\TWidget\TFrame.cpp: 3 warnings, 0 errors
compiling TDialog.cpp...
..\TGui\TContainter/TObjList.h(13): warning:  #997-D: function "tCollection<T>::count() const [with T=TObject *]"  is hidden by "TObjList::count"  -- virtual function override intended?
  		virtual uint32 count() { return TList<TObject*>::count(); }
..\TGui\TContainter/TConnectList.h(13): warning:  #997-D: function "tCollection<T>::count() const [with T=TConnection *]"  is hidden by "TConnectList::count"  -- virtual function override intended?
  	virtual uint32 count() { return TList<TConnection*>::count(); }
..\TGui\TContainter/TWidgetList.h(10): warning:  #997-D: function "tCollection<T>::count() const [with T=TWidget *]"  is hidden by "TWidgetList::count"  -- virtual function override intended?
  	virtual uint32 count() { return TList<TWidget*>::count(); }
..\TGui\TWidget\TDialog.cpp(110): warning:  #1293-D: assignment in condition
  			while (tmp = getInvalidList()->getNext())
..\TGui\TWidget\TDialog.cpp(118): warning:  #1293-D: assignment in condition
  				while (tmp = (TWidget*)getChildList()->getNext())
..\TGui\TWidget\TDialog.cpp: 5 warnings, 0 errors
compiling TLabel.cpp...
..\TGui\TContainter/TObjList.h(13): warning:  #997-D: function "tCollection<T>::count() const [with T=TObject *]"  is hidden by "TObjList::count"  -- virtual function override intended?
  		virtual uint32 count() { return TList<TObject*>::count(); }
..\TGui\TContainter/TConnectList.h(13): warning:  #997-D: function "tCollection<T>::count() const [with T=TConnection *]"  is hidden by "TConnectList::count"  -- virtual function override intended?
  	virtual uint32 count() { return TList<TConnection*>::count(); }
..\TGui\TContainter/TWidgetList.h(10): warning:  #997-D: function "tCollection<T>::count() const [with T=TWidget *]"  is hidden by "TWidgetList::count"  -- virtual function override intended?
  	virtual uint32 count() { return TList<TWidget*>::count(); }
..\TGui\TWidget\TLabel.cpp: 3 warnings, 0 errors
compiling TPushButton.cpp...
..\TGui\TContainter/TObjList.h(13): warning:  #997-D: function "tCollection<T>::count() const [with T=TObject *]"  is hidden by "TObjList::count"  -- virtual function override intended?
  		virtual uint32 count() { return TList<TObject*>::count(); }
..\TGui\TContainter/TConnectList.h(13): warning:  #997-D: function "tCollection<T>::count() const [with T=TConnection *]"  is hidden by "TConnectList::count"  -- virtual function override intended?
  	virtual uint32 count() { return TList<TConnection*>::count(); }
..\TGui\TContainter/TWidgetList.h(10): warning:  #997-D: function "tCollection<T>::count() const [with T=TWidget *]"  is hidden by "TWidgetList::count"  -- virtual function override intended?
  	virtual uint32 count() { return TList<TWidget*>::count(); }
..\TGui\TWidget\TPushButton.cpp: 3 warnings, 0 errors
compiling TConnection.cpp...
..\TGui\TContainter/TObjList.h(13): warning:  #997-D: function "tCollection<T>::count() const [with T=TObject *]"  is hidden by "TObjList::count"  -- virtual function override intended?
  		virtual uint32 count() { return TList<TObject*>::count(); }
..\TGui\TContainter/TConnectList.h(13): warning:  #997-D: function "tCollection<T>::count() const [with T=TConnection *]"  is hidden by "TConnectList::count"  -- virtual function override intended?
  	virtual uint32 count() { return TList<TConnection*>::count(); }
..\TGui\TContainter/TList.h(97): warning:  #940-D: missing return statement at end of non-void function "TList<T>::newItem [with T=TObject *]" 
  	virtual T	     newItem(T d) {tCollection<T>::newItem(d); }		// create object
          detected during instantiation of "T TList<T>::newItem(T) [with T=TObject *]"  at line 303
..\TGui\TObject\TConnection.cpp: 3 warnings, 0 errors
compiling TRadioButton.cpp...
..\TGui\TContainter/TObjList.h(13): warning:  #997-D: function "tCollection<T>::count() const [with T=TObject *]"  is hidden by "TObjList::count"  -- virtual function override intended?
  		virtual uint32 count() { return TList<TObject*>::count(); }
..\TGui\TContainter/TConnectList.h(13): warning:  #997-D: function "tCollection<T>::count() const [with T=TConnection *]"  is hidden by "TConnectList::count"  -- virtual function override intended?
  	virtual uint32 count() { return TList<TConnection*>::count(); }
..\TGui\TContainter/TWidgetList.h(10): warning:  #997-D: function "tCollection<T>::count() const [with T=TWidget *]"  is hidden by "TWidgetList::count"  -- virtual function override intended?
  	virtual uint32 count() { return TList<TWidget*>::count(); }
..\TGui\TWidget\TRadioButton.cpp: 3 warnings, 0 errors
compiling TSlider.cpp...
..\TGui\TContainter/TObjList.h(13): warning:  #997-D: function "tCollection<T>::count() const [with T=TObject *]"  is hidden by "TObjList::count"  -- virtual function override intended?
  		virtual uint32 count() { return TList<TObject*>::count(); }
..\TGui\TContainter/TConnectList.h(13): warning:  #997-D: function "tCollection<T>::count() const [with T=TConnection *]"  is hidden by "TConnectList::count"  -- virtual function override intended?
  	virtual uint32 count() { return TList<TConnection*>::count(); }
..\TGui\TContainter/TWidgetList.h(10): warning:  #997-D: function "tCollection<T>::count() const [with T=TWidget *]"  is hidden by "TWidgetList::count"  -- virtual function override intended?
  	virtual uint32 count() { return TList<TWidget*>::count(); }
..\TGui\TWidget\TSlider.cpp: 3 warnings, 0 errors
compiling TWidget.cpp...
..\TGui\TContainter/TObjList.h(13): warning:  #997-D: function "tCollection<T>::count() const [with T=TObject *]"  is hidden by "TObjList::count"  -- virtual function override intended?
  		virtual uint32 count() { return TList<TObject*>::count(); }
..\TGui\TContainter/TConnectList.h(13): warning:  #997-D: function "tCollection<T>::count() const [with T=TConnection *]"  is hidden by "TConnectList::count"  -- virtual function override intended?
  	virtual uint32 count() { return TList<TConnection*>::count(); }
..\TGui\TContainter/TWidgetList.h(10): warning:  #997-D: function "tCollection<T>::count() const [with T=TWidget *]"  is hidden by "TWidgetList::count"  -- virtual function override intended?
  	virtual uint32 count() { return TList<TWidget*>::count(); }
..\TGui\TContainter/TList.h(97): warning:  #940-D: missing return statement at end of non-void function "TList<T>::newItem [with T=TWidget *]" 
  	virtual T	     newItem(T d) {tCollection<T>::newItem(d); }		// create object
          detected during instantiation of "T TList<T>::newItem(T) [with T=TWidget *]"  at line 303
..\TGui\TWidget\TWidget.cpp: 4 warnings, 0 errors
compiling TRect.cpp...
compiling TSize.cpp...
compiling TDirver.cpp...
..\TGui\TContainter/TQueue.h(13): warning:  #1300-D: ~TQueue inherits implicit virtual
  	~TQueue()				{ clear(); }
          detected during instantiation of class "TQueue<T> [with T=TEvent *]"  at line 13 of "..\TGui\TObject\TDirver.cpp"
..\TGui\TContainter/TQueue.h(18): warning:  #1300-D: count inherits implicit virtual
  	uint32  count()   const		{ return TList<T>::count(); }
          detected during instantiation of class "TQueue<T> [with T=TEvent *]"  at line 13 of "..\TGui\TObject\TDirver.cpp"
..\TGui\TContainter/TQueue.h(23): warning:  #1300-D: clear inherits implicit virtual
  	void  clear()			{ TList<T>::clear(); }
          detected during instantiation of class "TQueue<T> [with T=TEvent *]"  at line 13 of "..\TGui\TObject\TDirver.cpp"
..\TGui\TContainter/TQueue.h(28): warning:  #1300-D: deleteItem inherits implicit virtual
  	void  deleteItem(void* d) { TList<T>::deleteItem(d); }
          detected during instantiation of class "TQueue<T> [with T=TEvent *]"  at line 13 of "..\TGui\TObject\TDirver.cpp"
..\TGui\TObject\TDirver.cpp(46): warning:  #186-D: pointless comparison of unsigned integer with zero
  	if(dirQueue->count() >= 0 )
..\TGui\TObject\TDirver.cpp(69): warning:  #111-D: statement is unreachable
  	GUI_MUTEX_GIVE();
..\TGui\TContainter/TList.h(97): warning:  #940-D: missing return statement at end of non-void function "TList<T>::newItem [with T=TEvent *]" 
  	virtual T	     newItem(T d) {tCollection<T>::newItem(d); }		// create object
          detected during instantiation of "T TList<T>::newItem(T) [with T=TEvent *]"  
..\TGui\TObject\TDirver.cpp: 7 warnings, 0 errors
compiling TObject.cpp...
..\TGui\TContainter/TObjList.h(13): warning:  #997-D: function "tCollection<T>::count() const [with T=TObject *]"  is hidden by "TObjList::count"  -- virtual function override intended?
  		virtual uint32 count() { return TList<TObject*>::count(); }
..\TGui\TContainter/TConnectList.h(13): warning:  #997-D: function "tCollection<T>::count() const [with T=TConnection *]"  is hidden by "TConnectList::count"  -- virtual function override intended?
  	virtual uint32 count() { return TList<TConnection*>::count(); }
..\TGui\TContainter/TList.h(97): warning:  #940-D: missing return statement at end of non-void function "TList<T>::newItem [with T=TObject *]" 
  	virtual T	     newItem(T d) {tCollection<T>::newItem(d); }		// create object
          detected during instantiation of "T TList<T>::newItem(T) [with T=TObject *]"  at line 303
..\TGui\TContainter/TList.h(97): warning:  #940-D: missing return statement at end of non-void function "TList<T>::newItem [with T=TConnection *]" 
  	virtual T	     newItem(T d) {tCollection<T>::newItem(d); }		// create object
          detected during instantiation of "T TList<T>::newItem(T) [with T=TConnection *]"  at line 303
..\TGui\TObject\TObject.cpp: 4 warnings, 0 errors
compiling TEven.cpp...
compiling TBuffer.cpp...
..\TGui\TObject\TBuffer.cpp(76): warning:  #111-D: statement is unreachable
  	GUI_MUTEX_GIVE();  //ÈáäÊîæÈî?
..\TGui\TObject\TBuffer.cpp: 1 warning, 0 errors
compiling TApplication.cpp...
..\TGui\TContainter/TObjList.h(13): warning:  #997-D: function "tCollection<T>::count() const [with T=TObject *]"  is hidden by "TObjList::count"  -- virtual function override intended?
  		virtual uint32 count() { return TList<TObject*>::count(); }
..\TGui\TContainter/TConnectList.h(13): warning:  #997-D: function "tCollection<T>::count() const [with T=TConnection *]"  is hidden by "TConnectList::count"  -- virtual function override intended?
  	virtual uint32 count() { return TList<TConnection*>::count(); }
..\TGui\TContainter/TWidgetList.h(10): warning:  #997-D: function "tCollection<T>::count() const [with T=TWidget *]"  is hidden by "TWidgetList::count"  -- virtual function override intended?
  	virtual uint32 count() { return TList<TWidget*>::count(); }
..\TGui\TObject/TApplication.h(49): warning:  #68-D: integer conversion resulted in a change of sign
  	void setSignal(TWidget* wid,int32 data,uint8 index = -1);
..\TGui\TObject\TApplication.cpp(119): warning:  #1293-D: assignment in condition
  		while (temp = list->getNext())
..\TGui\TContainter/TList.h(97): warning:  #940-D: missing return statement at end of non-void function "TList<T>::newItem [with T=TWidget *]" 
  	virtual T	     newItem(T d) {tCollection<T>::newItem(d); }		// create object
          detected during instantiation of "T TList<T>::newItem(T) [with T=TWidget *]"  at line 303
..\TGui\TObject\TApplication.cpp: 6 warnings, 0 errors
compiling TBufPainter.cpp...
..\TGui\TContainter/TObjList.h(13): warning:  #997-D: function "tCollection<T>::count() const [with T=TObject *]"  is hidden by "TObjList::count"  -- virtual function override intended?
  		virtual uint32 count() { return TList<TObject*>::count(); }
..\TGui\TContainter/TConnectList.h(13): warning:  #997-D: function "tCollection<T>::count() const [with T=TConnection *]"  is hidden by "TConnectList::count"  -- virtual function override intended?
  	virtual uint32 count() { return TList<TConnection*>::count(); }
..\TGui\TContainter/TWidgetList.h(10): warning:  #997-D: function "tCollection<T>::count() const [with T=TWidget *]"  is hidden by "TWidgetList::count"  -- virtual function override intended?
  	virtual uint32 count() { return TList<TWidget*>::count(); }
..\TGui\TPainter\TBufPainter.cpp: 3 warnings, 0 errors
compiling TImage.cpp...
compiling TImageBox.cpp...
..\TGui\TContainter/TObjList.h(13): warning:  #997-D: function "tCollection<T>::count() const [with T=TObject *]"  is hidden by "TObjList::count"  -- virtual function override intended?
  		virtual uint32 count() { return TList<TObject*>::count(); }
..\TGui\TContainter/TConnectList.h(13): warning:  #997-D: function "tCollection<T>::count() const [with T=TConnection *]"  is hidden by "TConnectList::count"  -- virtual function override intended?
  	virtual uint32 count() { return TList<TConnection*>::count(); }
..\TGui\TContainter/TWidgetList.h(10): warning:  #997-D: function "tCollection<T>::count() const [with T=TWidget *]"  is hidden by "TWidgetList::count"  -- virtual function override intended?
  	virtual uint32 count() { return TList<TWidget*>::count(); }
..\TGui\TWidget\TImageBox.cpp: 3 warnings, 0 errors
compiling TFont.cpp...
compiling TSwitch.cpp...
..\TGui\TContainter/TObjList.h(13): warning:  #997-D: function "tCollection<T>::count() const [with T=TObject *]"  is hidden by "TObjList::count"  -- virtual function override intended?
  		virtual uint32 count() { return TList<TObject*>::count(); }
..\TGui\TContainter/TConnectList.h(13): warning:  #997-D: function "tCollection<T>::count() const [with T=TConnection *]"  is hidden by "TConnectList::count"  -- virtual function override intended?
  	virtual uint32 count() { return TList<TConnection*>::count(); }
..\TGui\TContainter/TWidgetList.h(10): warning:  #997-D: function "tCollection<T>::count() const [with T=TWidget *]"  is hidden by "TWidgetList::count"  -- virtual function override intended?
  	virtual uint32 count() { return TList<TWidget*>::count(); }
..\TGui\TWidget\TSwitch.cpp: 3 warnings, 0 errors
compiling bmp.c...
compiling TWindow.cpp...
..\TGui\TContainter/TObjList.h(13): warning:  #997-D: function "tCollection<T>::count() const [with T=TObject *]"  is hidden by "TObjList::count"  -- virtual function override intended?
  		virtual uint32 count() { return TList<TObject*>::count(); }
..\TGui\TContainter/TConnectList.h(13): warning:  #997-D: function "tCollection<T>::count() const [with T=TConnection *]"  is hidden by "TConnectList::count"  -- virtual function override intended?
  	virtual uint32 count() { return TList<TConnection*>::count(); }
..\TGui\TContainter/TWidgetList.h(10): warning:  #997-D: function "tCollection<T>::count() const [with T=TWidget *]"  is hidden by "TWidgetList::count"  -- virtual function override intended?
  	virtual uint32 count() { return TList<TWidget*>::count(); }
..\TGui\TObject/TApplication.h(49): warning:  #68-D: integer conversion resulted in a change of sign
  	void setSignal(TWidget* wid,int32 data,uint8 index = -1);
..\TGui\TWidget\TWindow.cpp: 4 warnings, 0 errors
compiling TIconButton.cpp...
..\TGui\TContainter/TObjList.h(13): warning:  #997-D: function "tCollection<T>::count() const [with T=TObject *]"  is hidden by "TObjList::count"  -- virtual function override intended?
  		virtual uint32 count() { return TList<TObject*>::count(); }
..\TGui\TContainter/TConnectList.h(13): warning:  #997-D: function "tCollection<T>::count() const [with T=TConnection *]"  is hidden by "TConnectList::count"  -- virtual function override intended?
  	virtual uint32 count() { return TList<TConnection*>::count(); }
..\TGui\TContainter/TWidgetList.h(10): warning:  #997-D: function "tCollection<T>::count() const [with T=TWidget *]"  is hidden by "TWidgetList::count"  -- virtual function override intended?
  	virtual uint32 count() { return TList<TWidget*>::count(); }
..\TGui\TWidget\TIconButton.cpp: 3 warnings, 0 errors
compiling gif.c...
compiling piclib.c...
..\TGui\libraries\picture_lib\piclib.c(30): warning:  #223-D: function "bmp_decode_buf" declared implicitly
  	res = bmp_decode_buf(out_buf,width,height,filename);
..\TGui\libraries\picture_lib\piclib.c(141): warning:  #167-D: argument of type "const char *" is incompatible with parameter of type "const u8 *"
  			res=stdbmp_decode(filename); 				//Ëß£Á†Åbmp	  	  
..\TGui\libraries\picture_lib\piclib.c(144): warning:  #167-D: argument of type "const char *" is incompatible with parameter of type "const u8 *"
  			res=gif_decode(filename,x,y,width,height);	//Ëß£Á†Ågif  	  
..\TGui\libraries\picture_lib\piclib.c: 3 warnings, 0 errors
compiling tjpgd.c...
compiling User.cpp...
..\TGui\TContainter/TObjList.h(13): warning:  #997-D: function "tCollection<T>::count() const [with T=TObject *]"  is hidden by "TObjList::count"  -- virtual function override intended?
  		virtual uint32 count() { return TList<TObject*>::count(); }
..\TGui\TContainter/TConnectList.h(13): warning:  #997-D: function "tCollection<T>::count() const [with T=TConnection *]"  is hidden by "TConnectList::count"  -- virtual function override intended?
  	virtual uint32 count() { return TList<TConnection*>::count(); }
..\TGui\TContainter/TWidgetList.h(10): warning:  #997-D: function "tCollection<T>::count() const [with T=TWidget *]"  is hidden by "TWidgetList::count"  -- virtual function override intended?
  	virtual uint32 count() { return TList<TWidget*>::count(); }
..\TGui\TObject/TApplication.h(49): warning:  #68-D: integer conversion resulted in a change of sign
  	void setSignal(TWidget* wid,int32 data,uint8 index = -1);
..\TGui\demo\User.cpp: 4 warnings, 0 errors
compiling Desktop.cpp...
..\TGui\TContainter/TObjList.h(13): warning:  #997-D: function "tCollection<T>::count() const [with T=TObject *]"  is hidden by "TObjList::count"  -- virtual function override intended?
  		virtual uint32 count() { return TList<TObject*>::count(); }
..\TGui\TContainter/TConnectList.h(13): warning:  #997-D: function "tCollection<T>::count() const [with T=TConnection *]"  is hidden by "TConnectList::count"  -- virtual function override intended?
  	virtual uint32 count() { return TList<TConnection*>::count(); }
..\TGui\TContainter/TWidgetList.h(10): warning:  #997-D: function "tCollection<T>::count() const [with T=TWidget *]"  is hidden by "TWidgetList::count"  -- virtual function override intended?
  	virtual uint32 count() { return TList<TWidget*>::count(); }
..\TGui\TObject/TApplication.h(49): warning:  #68-D: integer conversion resulted in a change of sign
  	void setSignal(TWidget* wid,int32 data,uint8 index = -1);
..\TGui\demo\Desktop.cpp: 4 warnings, 0 errors
compiling UserPhoto.cpp...
..\TGui\TContainter/TObjList.h(13): warning:  #997-D: function "tCollection<T>::count() const [with T=TObject *]"  is hidden by "TObjList::count"  -- virtual function override intended?
  		virtual uint32 count() { return TList<TObject*>::count(); }
..\TGui\TContainter/TConnectList.h(13): warning:  #997-D: function "tCollection<T>::count() const [with T=TConnection *]"  is hidden by "TConnectList::count"  -- virtual function override intended?
  	virtual uint32 count() { return TList<TConnection*>::count(); }
..\TGui\TContainter/TWidgetList.h(10): warning:  #997-D: function "tCollection<T>::count() const [with T=TWidget *]"  is hidden by "TWidgetList::count"  -- virtual function override intended?
  	virtual uint32 count() { return TList<TWidget*>::count(); }
..\TGui\TObject/TApplication.h(49): warning:  #68-D: integer conversion resulted in a change of sign
  	void setSignal(TWidget* wid,int32 data,uint8 index = -1);
..\TGui\demo\UserPhoto.cpp: 4 warnings, 0 errors
compiling UserGame.cpp...
..\TGui\TContainter/TObjList.h(13): warning:  #997-D: function "tCollection<T>::count() const [with T=TObject *]"  is hidden by "TObjList::count"  -- virtual function override intended?
  		virtual uint32 count() { return TList<TObject*>::count(); }
..\TGui\TContainter/TConnectList.h(13): warning:  #997-D: function "tCollection<T>::count() const [with T=TConnection *]"  is hidden by "TConnectList::count"  -- virtual function override intended?
  	virtual uint32 count() { return TList<TConnection*>::count(); }
..\TGui\TContainter/TWidgetList.h(10): warning:  #997-D: function "tCollection<T>::count() const [with T=TWidget *]"  is hidden by "TWidgetList::count"  -- virtual function override intended?
  	virtual uint32 count() { return TList<TWidget*>::count(); }
..\TGui\TObject/TApplication.h(49): warning:  #68-D: integer conversion resulted in a change of sign
  	void setSignal(TWidget* wid,int32 data,uint8 index = -1);
..\TGui\demo\UserGame.cpp: 4 warnings, 0 errors
compiling UserCalendar.cpp...
..\TGui\TContainter/TObjList.h(13): warning:  #997-D: function "tCollection<T>::count() const [with T=TObject *]"  is hidden by "TObjList::count"  -- virtual function override intended?
  		virtual uint32 count() { return TList<TObject*>::count(); }
..\TGui\TContainter/TConnectList.h(13): warning:  #997-D: function "tCollection<T>::count() const [with T=TConnection *]"  is hidden by "TConnectList::count"  -- virtual function override intended?
  	virtual uint32 count() { return TList<TConnection*>::count(); }
..\TGui\TContainter/TWidgetList.h(10): warning:  #997-D: function "tCollection<T>::count() const [with T=TWidget *]"  is hidden by "TWidgetList::count"  -- virtual function override intended?
  	virtual uint32 count() { return TList<TWidget*>::count(); }
..\TGui\TObject/TApplication.h(49): warning:  #68-D: integer conversion resulted in a change of sign
  	void setSignal(TWidget* wid,int32 data,uint8 index = -1);
..\TGui\demo\UserCalendar.cpp: 4 warnings, 0 errors
compiling UserCalculate.cpp...
..\TGui\TContainter/TObjList.h(13): warning:  #997-D: function "tCollection<T>::count() const [with T=TObject *]"  is hidden by "TObjList::count"  -- virtual function override intended?
  		virtual uint32 count() { return TList<TObject*>::count(); }
..\TGui\TContainter/TConnectList.h(13): warning:  #997-D: function "tCollection<T>::count() const [with T=TConnection *]"  is hidden by "TConnectList::count"  -- virtual function override intended?
  	virtual uint32 count() { return TList<TConnection*>::count(); }
..\TGui\TContainter/TWidgetList.h(10): warning:  #997-D: function "tCollection<T>::count() const [with T=TWidget *]"  is hidden by "TWidgetList::count"  -- virtual function override intended?
  	virtual uint32 count() { return TList<TWidget*>::count(); }
..\TGui\TObject/TApplication.h(49): warning:  #68-D: integer conversion resulted in a change of sign
  	void setSignal(TWidget* wid,int32 data,uint8 index = -1);
..\TGui\demo\UserCalculate.cpp: 4 warnings, 0 errors
compiling UserTime.cpp...
..\TGui\TContainter/TObjList.h(13): warning:  #997-D: function "tCollection<T>::count() const [with T=TObject *]"  is hidden by "TObjList::count"  -- virtual function override intended?
  		virtual uint32 count() { return TList<TObject*>::count(); }
..\TGui\TContainter/TConnectList.h(13): warning:  #997-D: function "tCollection<T>::count() const [with T=TConnection *]"  is hidden by "TConnectList::count"  -- virtual function override intended?
  	virtual uint32 count() { return TList<TConnection*>::count(); }
..\TGui\TContainter/TWidgetList.h(10): warning:  #997-D: function "tCollection<T>::count() const [with T=TWidget *]"  is hidden by "TWidgetList::count"  -- virtual function override intended?
  	virtual uint32 count() { return TList<TWidget*>::count(); }
..\TGui\TObject/TApplication.h(49): warning:  #68-D: integer conversion resulted in a change of sign
  	void setSignal(TWidget* wid,int32 data,uint8 index = -1);
..\TGui\demo\UserTime.cpp: 4 warnings, 0 errors
linking...
Program Size: Code=85740 RO-data=183572 RW-data=2016 ZI-data=5850872  
FromELF: creating hex file...
".\Objects\stm32f4Demo.axf" - 0 Error(s), 118 Warning(s).

<h2>Software Packages used:</h2>

Package Vendor: Keil
                http://www.keil.com/pack/Keil.STM32F4xx_DFP.2.5.0.pack
                Keil.STM32F4xx_DFP.2.5.0
                STMicroelectronics STM32F4 Series Device Support, Drivers and Examples

<h2>Collection of Component include folders:</h2>
  .\RTE\_STM32F429IGT6Demo
  C:\Keil_v5\ARM\PACK\Keil\STM32F4xx_DFP\2.5.0\Drivers\CMSIS\Device\ST\STM32F4xx\Include

<h2>Collection of Component Files used:</h2>
Build Time Elapsed:  00:00:43
</pre>
</body>
</html>
