<html>
<body>
<pre>
<h1>�Vision Build Log</h1>
<h2>Tool Versions:</h2>
IDE-Version: ��Vision V5.24.2.0
Copyright (C) 2017 ARM Ltd and ARM Germany GmbH. All rights reserved.
License Information:  ,  , LIC=BL2Y8-39AVP-WIS5K-ZV34T-BBKKE-E3EHU
 
Tool Versions:
Toolchain:       MDK-ARM Professional  Version: 5.24.1
Toolchain Path:  C:\Keil_v5\ARM\ARMCC\Bin
C Compiler:      Armcc.exe V5.06 update 5 (build 528)
Assembler:       Armasm.exe V5.06 update 5 (build 528)
Linker/Locator:  ArmLink.exe V5.06 update 5 (build 528)
Library Manager: ArmAr.exe V5.06 update 5 (build 528)
Hex Converter:   FromElf.exe V5.06 update 5 (build 528)
CPU DLL:         SARMCM3.DLL V5.24.1
Dialog DLL:      DCM.DLL V1.16.0.0
Target DLL:      STLink\ST-LINKIII-KEIL_SWO.dll V3.0.1.0
Dialog DLL:      TCM.DLL V1.32.0.0
 
<h2>Project:</h2>
\\Mac\Home\GitHub\tGui_v3\freeRTOS_TGuiv3\Project\stm32f4Demo.uvprojx
Project File Date:  03/31/2018

<h2>Output:</h2>
*** Using Compiler 'V5.06 update 5 (build 528)', folder: 'C:\Keil_v5\ARM\ARMCC\Bin'
*** Warning: Using Microlib and C++ file(s) might cause the linker to fail !
  
Build target 'STM32F429IGT6Demo'
compiling TGuiMain.cpp...
..\TGui\TContainter/TObjList.h(13): warning:  #997-D: function "tCollection<T>::count() const [with T=TObject *]"  is hidden by "TObjList::count"  -- virtual function override intended?
  		virtual uint32 count() { return TList<TObject*>::count(); }
..\TGui\TContainter/TConnectList.h(13): warning:  #997-D: function "tCollection<T>::count() const [with T=TConnection *]"  is hidden by "TConnectList::count"  -- virtual function override intended?
  	virtual uint32 count() { return TList<TConnection*>::count(); }
..\TGui\TContainter/TWidgetList.h(10): warning:  #997-D: function "tCollection<T>::count() const [with T=TWidget *]"  is hidden by "TWidgetList::count"  -- virtual function override intended?
  	virtual uint32 count() { return TList<TWidget*>::count(); }
..\TGui\TGuiMain.cpp: 3 warnings, 0 errors
compiling TAbstractButton.cpp...
..\TGui\TContainter/TObjList.h(13): warning:  #997-D: function "tCollection<T>::count() const [with T=TObject *]"  is hidden by "TObjList::count"  -- virtual function override intended?
  		virtual uint32 count() { return TList<TObject*>::count(); }
..\TGui\TContainter/TConnectList.h(13): warning:  #997-D: function "tCollection<T>::count() const [with T=TConnection *]"  is hidden by "TConnectList::count"  -- virtual function override intended?
  	virtual uint32 count() { return TList<TConnection*>::count(); }
..\TGui\TContainter/TWidgetList.h(10): warning:  #997-D: function "tCollection<T>::count() const [with T=TWidget *]"  is hidden by "TWidgetList::count"  -- virtual function override intended?
  	virtual uint32 count() { return TList<TWidget*>::count(); }
..\TGui\TWidget\TAbstractButton.cpp: 3 warnings, 0 errors
compiling TAbstractSlider.cpp...
..\TGui\TContainter/TObjList.h(13): warning:  #997-D: function "tCollection<T>::count() const [with T=TObject *]"  is hidden by "TObjList::count"  -- virtual function override intended?
  		virtual uint32 count() { return TList<TObject*>::count(); }
..\TGui\TContainter/TConnectList.h(13): warning:  #997-D: function "tCollection<T>::count() const [with T=TConnection *]"  is hidden by "TConnectList::count"  -- virtual function override intended?
  	virtual uint32 count() { return TList<TConnection*>::count(); }
..\TGui\TContainter/TWidgetList.h(10): warning:  #997-D: function "tCollection<T>::count() const [with T=TWidget *]"  is hidden by "TWidgetList::count"  -- virtual function override intended?
  	virtual uint32 count() { return TList<TWidget*>::count(); }
..\TGui\TWidget\TAbstractSlider.cpp: 3 warnings, 0 errors
compiling main.cpp...
..\TGui\TContainter/TObjList.h(13): warning:  #997-D: function "tCollection<T>::count() const [with T=TObject *]"  is hidden by "TObjList::count"  -- virtual function override intended?
  		virtual uint32 count() { return TList<TObject*>::count(); }
..\TGui\TContainter/TConnectList.h(13): warning:  #997-D: function "tCollection<T>::count() const [with T=TConnection *]"  is hidden by "TConnectList::count"  -- virtual function override intended?
  	virtual uint32 count() { return TList<TConnection*>::count(); }
..\TGui\TContainter/TWidgetList.h(10): warning:  #997-D: function "tCollection<T>::count() const [with T=TWidget *]"  is hidden by "TWidgetList::count"  -- virtual function override intended?
  	virtual uint32 count() { return TList<TWidget*>::count(); }
..\User\main.cpp(101): warning:  #870-D: invalid multibyte character sequence
  		printf("\r\n 所有数据已成功复制到FLASH！！�? \r\n");  
..\User\main.cpp(93): warning:  #177-D: function "task0_temp"  was declared but never referenced
  static void task0_temp(void *pvParameters)
..\User\main.cpp: 5 warnings, 0 errors
compiling TCheckBox.cpp...
..\TGui\TContainter/TObjList.h(13): warning:  #997-D: function "tCollection<T>::count() const [with T=TObject *]"  is hidden by "TObjList::count"  -- virtual function override intended?
  		virtual uint32 count() { return TList<TObject*>::count(); }
..\TGui\TContainter/TConnectList.h(13): warning:  #997-D: function "tCollection<T>::count() const [with T=TConnection *]"  is hidden by "TConnectList::count"  -- virtual function override intended?
  	virtual uint32 count() { return TList<TConnection*>::count(); }
..\TGui\TContainter/TWidgetList.h(10): warning:  #997-D: function "tCollection<T>::count() const [with T=TWidget *]"  is hidden by "TWidgetList::count"  -- virtual function override intended?
  	virtual uint32 count() { return TList<TWidget*>::count(); }
..\TGui\TWidget\TCheckBox.cpp: 3 warnings, 0 errors
compiling TLabel.cpp...
..\TGui\TContainter/TObjList.h(13): warning:  #997-D: function "tCollection<T>::count() const [with T=TObject *]"  is hidden by "TObjList::count"  -- virtual function override intended?
  		virtual uint32 count() { return TList<TObject*>::count(); }
..\TGui\TContainter/TConnectList.h(13): warning:  #997-D: function "tCollection<T>::count() const [with T=TConnection *]"  is hidden by "TConnectList::count"  -- virtual function override intended?
  	virtual uint32 count() { return TList<TConnection*>::count(); }
..\TGui\TContainter/TWidgetList.h(10): warning:  #997-D: function "tCollection<T>::count() const [with T=TWidget *]"  is hidden by "TWidgetList::count"  -- virtual function override intended?
  	virtual uint32 count() { return TList<TWidget*>::count(); }
..\TGui\TWidget\TLabel.cpp: 3 warnings, 0 errors
compiling TDialog.cpp...
..\TGui\TContainter/TObjList.h(13): warning:  #997-D: function "tCollection<T>::count() const [with T=TObject *]"  is hidden by "TObjList::count"  -- virtual function override intended?
  		virtual uint32 count() { return TList<TObject*>::count(); }
..\TGui\TContainter/TConnectList.h(13): warning:  #997-D: function "tCollection<T>::count() const [with T=TConnection *]"  is hidden by "TConnectList::count"  -- virtual function override intended?
  	virtual uint32 count() { return TList<TConnection*>::count(); }
..\TGui\TContainter/TWidgetList.h(10): warning:  #997-D: function "tCollection<T>::count() const [with T=TWidget *]"  is hidden by "TWidgetList::count"  -- virtual function override intended?
  	virtual uint32 count() { return TList<TWidget*>::count(); }
..\TGui\TWidget\TDialog.cpp(87): warning:  #1293-D: assignment in condition
  			while (tmp = getInvalidList()->getNext())
..\TGui\TWidget\TDialog.cpp(95): warning:  #1293-D: assignment in condition
  				while (tmp = (TWidget*)getChildList()->getNext())
..\TGui\TWidget\TDialog.cpp: 5 warnings, 0 errors
compiling TFrame.cpp...
..\TGui\TContainter/TObjList.h(13): warning:  #997-D: function "tCollection<T>::count() const [with T=TObject *]"  is hidden by "TObjList::count"  -- virtual function override intended?
  		virtual uint32 count() { return TList<TObject*>::count(); }
..\TGui\TContainter/TConnectList.h(13): warning:  #997-D: function "tCollection<T>::count() const [with T=TConnection *]"  is hidden by "TConnectList::count"  -- virtual function override intended?
  	virtual uint32 count() { return TList<TConnection*>::count(); }
..\TGui\TContainter/TWidgetList.h(10): warning:  #997-D: function "tCollection<T>::count() const [with T=TWidget *]"  is hidden by "TWidgetList::count"  -- virtual function override intended?
  	virtual uint32 count() { return TList<TWidget*>::count(); }
..\TGui\TWidget\TFrame.cpp: 3 warnings, 0 errors
compiling TPushButton.cpp...
..\TGui\TContainter/TObjList.h(13): warning:  #997-D: function "tCollection<T>::count() const [with T=TObject *]"  is hidden by "TObjList::count"  -- virtual function override intended?
  		virtual uint32 count() { return TList<TObject*>::count(); }
..\TGui\TContainter/TConnectList.h(13): warning:  #997-D: function "tCollection<T>::count() const [with T=TConnection *]"  is hidden by "TConnectList::count"  -- virtual function override intended?
  	virtual uint32 count() { return TList<TConnection*>::count(); }
..\TGui\TContainter/TWidgetList.h(10): warning:  #997-D: function "tCollection<T>::count() const [with T=TWidget *]"  is hidden by "TWidgetList::count"  -- virtual function override intended?
  	virtual uint32 count() { return TList<TWidget*>::count(); }
..\TGui\TWidget\TPushButton.cpp: 3 warnings, 0 errors
compiling TRadioButton.cpp...
..\TGui\TContainter/TObjList.h(13): warning:  #997-D: function "tCollection<T>::count() const [with T=TObject *]"  is hidden by "TObjList::count"  -- virtual function override intended?
  		virtual uint32 count() { return TList<TObject*>::count(); }
..\TGui\TContainter/TConnectList.h(13): warning:  #997-D: function "tCollection<T>::count() const [with T=TConnection *]"  is hidden by "TConnectList::count"  -- virtual function override intended?
  	virtual uint32 count() { return TList<TConnection*>::count(); }
..\TGui\TContainter/TWidgetList.h(10): warning:  #997-D: function "tCollection<T>::count() const [with T=TWidget *]"  is hidden by "TWidgetList::count"  -- virtual function override intended?
  	virtual uint32 count() { return TList<TWidget*>::count(); }
..\TGui\TWidget\TRadioButton.cpp: 3 warnings, 0 errors
compiling TWidget.cpp...
..\TGui\TContainter/TObjList.h(13): warning:  #997-D: function "tCollection<T>::count() const [with T=TObject *]"  is hidden by "TObjList::count"  -- virtual function override intended?
  		virtual uint32 count() { return TList<TObject*>::count(); }
..\TGui\TContainter/TConnectList.h(13): warning:  #997-D: function "tCollection<T>::count() const [with T=TConnection *]"  is hidden by "TConnectList::count"  -- virtual function override intended?
  	virtual uint32 count() { return TList<TConnection*>::count(); }
..\TGui\TContainter/TWidgetList.h(10): warning:  #997-D: function "tCollection<T>::count() const [with T=TWidget *]"  is hidden by "TWidgetList::count"  -- virtual function override intended?
  	virtual uint32 count() { return TList<TWidget*>::count(); }
..\TGui\TContainter/TList.h(97): warning:  #940-D: missing return statement at end of non-void function "TList<T>::newItem [with T=TWidget *]" 
  	virtual T	     newItem(T d) {tCollection<T>::newItem(d); }		// create object
          detected during instantiation of "T TList<T>::newItem(T) [with T=TWidget *]"  at line 303
..\TGui\TWidget\TWidget.cpp: 4 warnings, 0 errors
compiling TSlider.cpp...
..\TGui\TContainter/TObjList.h(13): warning:  #997-D: function "tCollection<T>::count() const [with T=TObject *]"  is hidden by "TObjList::count"  -- virtual function override intended?
  		virtual uint32 count() { return TList<TObject*>::count(); }
..\TGui\TContainter/TConnectList.h(13): warning:  #997-D: function "tCollection<T>::count() const [with T=TConnection *]"  is hidden by "TConnectList::count"  -- virtual function override intended?
  	virtual uint32 count() { return TList<TConnection*>::count(); }
..\TGui\TContainter/TWidgetList.h(10): warning:  #997-D: function "tCollection<T>::count() const [with T=TWidget *]"  is hidden by "TWidgetList::count"  -- virtual function override intended?
  	virtual uint32 count() { return TList<TWidget*>::count(); }
..\TGui\TWidget\TSlider.cpp: 3 warnings, 0 errors
compiling TApplication.cpp...
..\TGui\TContainter/TObjList.h(13): warning:  #997-D: function "tCollection<T>::count() const [with T=TObject *]"  is hidden by "TObjList::count"  -- virtual function override intended?
  		virtual uint32 count() { return TList<TObject*>::count(); }
..\TGui\TContainter/TConnectList.h(13): warning:  #997-D: function "tCollection<T>::count() const [with T=TConnection *]"  is hidden by "TConnectList::count"  -- virtual function override intended?
  	virtual uint32 count() { return TList<TConnection*>::count(); }
..\TGui\TContainter/TWidgetList.h(10): warning:  #997-D: function "tCollection<T>::count() const [with T=TWidget *]"  is hidden by "TWidgetList::count"  -- virtual function override intended?
  	virtual uint32 count() { return TList<TWidget*>::count(); }
..\TGui\TObject\TApplication.cpp(110): warning:  #1293-D: assignment in condition
  		while (temp = list->getNext())
..\TGui\TContainter/TList.h(97): warning:  #940-D: missing return statement at end of non-void function "TList<T>::newItem [with T=TWidget *]" 
  	virtual T	     newItem(T d) {tCollection<T>::newItem(d); }		// create object
          detected during instantiation of "T TList<T>::newItem(T) [with T=TWidget *]"  at line 303
..\TGui\TObject\TApplication.cpp: 5 warnings, 0 errors
compiling TImageBox.cpp...
..\TGui\TContainter/TObjList.h(13): warning:  #997-D: function "tCollection<T>::count() const [with T=TObject *]"  is hidden by "TObjList::count"  -- virtual function override intended?
  		virtual uint32 count() { return TList<TObject*>::count(); }
..\TGui\TContainter/TConnectList.h(13): warning:  #997-D: function "tCollection<T>::count() const [with T=TConnection *]"  is hidden by "TConnectList::count"  -- virtual function override intended?
  	virtual uint32 count() { return TList<TConnection*>::count(); }
..\TGui\TContainter/TWidgetList.h(10): warning:  #997-D: function "tCollection<T>::count() const [with T=TWidget *]"  is hidden by "TWidgetList::count"  -- virtual function override intended?
  	virtual uint32 count() { return TList<TWidget*>::count(); }
..\TGui\TWidget\TImageBox.cpp: 3 warnings, 0 errors
compiling TSwitch.cpp...
..\TGui\TContainter/TObjList.h(13): warning:  #997-D: function "tCollection<T>::count() const [with T=TObject *]"  is hidden by "TObjList::count"  -- virtual function override intended?
  		virtual uint32 count() { return TList<TObject*>::count(); }
..\TGui\TContainter/TConnectList.h(13): warning:  #997-D: function "tCollection<T>::count() const [with T=TConnection *]"  is hidden by "TConnectList::count"  -- virtual function override intended?
  	virtual uint32 count() { return TList<TConnection*>::count(); }
..\TGui\TContainter/TWidgetList.h(10): warning:  #997-D: function "tCollection<T>::count() const [with T=TWidget *]"  is hidden by "TWidgetList::count"  -- virtual function override intended?
  	virtual uint32 count() { return TList<TWidget*>::count(); }
..\TGui\TWidget\TSwitch.cpp: 3 warnings, 0 errors
compiling TBufPainter.cpp...
..\TGui\TContainter/TObjList.h(13): warning:  #997-D: function "tCollection<T>::count() const [with T=TObject *]"  is hidden by "TObjList::count"  -- virtual function override intended?
  		virtual uint32 count() { return TList<TObject*>::count(); }
..\TGui\TContainter/TConnectList.h(13): warning:  #997-D: function "tCollection<T>::count() const [with T=TConnection *]"  is hidden by "TConnectList::count"  -- virtual function override intended?
  	virtual uint32 count() { return TList<TConnection*>::count(); }
..\TGui\TContainter/TWidgetList.h(10): warning:  #997-D: function "tCollection<T>::count() const [with T=TWidget *]"  is hidden by "TWidgetList::count"  -- virtual function override intended?
  	virtual uint32 count() { return TList<TWidget*>::count(); }
..\TGui\TPainter\TBufPainter.cpp(806): warning:  #177-D: variable "x0"  was declared but never referenced
  	int32 x0=x;
..\TGui\TPainter\TBufPainter.cpp(807): warning:  #177-D: variable "y0"  was declared but never referenced
  	int32 y0=y;
..\TGui\TPainter\TBufPainter.cpp: 5 warnings, 0 errors
compiling TIconButton.cpp...
..\TGui\TContainter/TObjList.h(13): warning:  #997-D: function "tCollection<T>::count() const [with T=TObject *]"  is hidden by "TObjList::count"  -- virtual function override intended?
  		virtual uint32 count() { return TList<TObject*>::count(); }
..\TGui\TContainter/TConnectList.h(13): warning:  #997-D: function "tCollection<T>::count() const [with T=TConnection *]"  is hidden by "TConnectList::count"  -- virtual function override intended?
  	virtual uint32 count() { return TList<TConnection*>::count(); }
..\TGui\TContainter/TWidgetList.h(10): warning:  #997-D: function "tCollection<T>::count() const [with T=TWidget *]"  is hidden by "TWidgetList::count"  -- virtual function override intended?
  	virtual uint32 count() { return TList<TWidget*>::count(); }
..\TGui\TWidget\TIconButton.cpp: 3 warnings, 0 errors
compiling TWindow.cpp...
..\TGui\TContainter/TObjList.h(13): warning:  #997-D: function "tCollection<T>::count() const [with T=TObject *]"  is hidden by "TObjList::count"  -- virtual function override intended?
  		virtual uint32 count() { return TList<TObject*>::count(); }
..\TGui\TContainter/TConnectList.h(13): warning:  #997-D: function "tCollection<T>::count() const [with T=TConnection *]"  is hidden by "TConnectList::count"  -- virtual function override intended?
  	virtual uint32 count() { return TList<TConnection*>::count(); }
..\TGui\TContainter/TWidgetList.h(10): warning:  #997-D: function "tCollection<T>::count() const [with T=TWidget *]"  is hidden by "TWidgetList::count"  -- virtual function override intended?
  	virtual uint32 count() { return TList<TWidget*>::count(); }
..\TGui\TWidget\TWindow.cpp(34): warning:  #1-D: last line of file ends without a newline
  }
..\TGui\TWidget\TWindow.cpp: 4 warnings, 0 errors
compiling User.cpp...
..\TGui\TContainter/TObjList.h(13): warning:  #997-D: function "tCollection<T>::count() const [with T=TObject *]"  is hidden by "TObjList::count"  -- virtual function override intended?
  		virtual uint32 count() { return TList<TObject*>::count(); }
..\TGui\TContainter/TConnectList.h(13): warning:  #997-D: function "tCollection<T>::count() const [with T=TConnection *]"  is hidden by "TConnectList::count"  -- virtual function override intended?
  	virtual uint32 count() { return TList<TConnection*>::count(); }
..\TGui\TContainter/TWidgetList.h(10): warning:  #997-D: function "tCollection<T>::count() const [with T=TWidget *]"  is hidden by "TWidgetList::count"  -- virtual function override intended?
  	virtual uint32 count() { return TList<TWidget*>::count(); }
..\TGui\demo\User.cpp: 3 warnings, 0 errors
compiling Desktop.cpp...
..\TGui\TContainter/TObjList.h(13): warning:  #997-D: function "tCollection<T>::count() const [with T=TObject *]"  is hidden by "TObjList::count"  -- virtual function override intended?
  		virtual uint32 count() { return TList<TObject*>::count(); }
..\TGui\TContainter/TConnectList.h(13): warning:  #997-D: function "tCollection<T>::count() const [with T=TConnection *]"  is hidden by "TConnectList::count"  -- virtual function override intended?
  	virtual uint32 count() { return TList<TConnection*>::count(); }
..\TGui\TContainter/TWidgetList.h(10): warning:  #997-D: function "tCollection<T>::count() const [with T=TWidget *]"  is hidden by "TWidgetList::count"  -- virtual function override intended?
  	virtual uint32 count() { return TList<TWidget*>::count(); }
..\TGui\demo\Desktop.cpp: 3 warnings, 0 errors
compiling UserPhoto.cpp...
..\TGui\TContainter/TObjList.h(13): warning:  #997-D: function "tCollection<T>::count() const [with T=TObject *]"  is hidden by "TObjList::count"  -- virtual function override intended?
  		virtual uint32 count() { return TList<TObject*>::count(); }
..\TGui\TContainter/TConnectList.h(13): warning:  #997-D: function "tCollection<T>::count() const [with T=TConnection *]"  is hidden by "TConnectList::count"  -- virtual function override intended?
  	virtual uint32 count() { return TList<TConnection*>::count(); }
..\TGui\TContainter/TWidgetList.h(10): warning:  #997-D: function "tCollection<T>::count() const [with T=TWidget *]"  is hidden by "TWidgetList::count"  -- virtual function override intended?
  	virtual uint32 count() { return TList<TWidget*>::count(); }
..\TGui\demo\UserPhoto.cpp: 3 warnings, 0 errors
linking...
Program Size: Code=74584 RO-data=182664 RW-data=2008 ZI-data=5850864  
FromELF: creating hex file...
".\Objects\stm32f4Demo.axf" - 0 Error(s), 73 Warning(s).

<h2>Software Packages used:</h2>

Package Vendor: Keil
                http://www.keil.com/pack/Keil.STM32F4xx_DFP.2.5.0.pack
                Keil.STM32F4xx_DFP.2.5.0
                STMicroelectronics STM32F4 Series Device Support, Drivers and Examples

<h2>Collection of Component include folders:</h2>
  .\RTE\_STM32F429IGT6Demo
  C:\Keil_v5\ARM\PACK\Keil\STM32F4xx_DFP\2.5.0\Drivers\CMSIS\Device\ST\STM32F4xx\Include

<h2>Collection of Component Files used:</h2>
Build Time Elapsed:  00:00:24
</pre>
</body>
</html>
