<!doctype html public "-//w3c//dtd html 4.0 transitional//en">
<html><head>
<title>Static Call Graph - [.\Objects\stm32f4Demo.axf]</title></head>
<body><HR>
<H1>Static Call Graph for image .\Objects\stm32f4Demo.axf</H1><HR>
<BR><P>#&#060CALLGRAPH&#062# ARM Linker, 5060528: Last Updated: Fri Apr 06 18:41:10 2018
<BR><P>
<H3>Maximum Stack Usage =       2124 bytes + Unknown(Cycles, Untraceable Function Pointers)</H3><H3>
Call chain for Maximum Stack Depth:</H3>
Desktop::openPhoto() &rArr; UserPhoto::UserPhoto(const char*, TApplication*, const char*, TWidget*) &rArr; UserPhoto::scanfile(const char*) &rArr;  UserPhoto::scanfile(const char*) (Cycle)
<P>
<H3>
Mutually Recursive functions
</H3> <LI><a href="#[34]">ADC_IRQHandler</a>&nbsp;&nbsp;&nbsp;&rArr;&nbsp;&nbsp;&nbsp;<a href="#[34]">ADC_IRQHandler</a><BR>
 <LI><a href="#[1c]">BusFault_Handler</a>&nbsp;&nbsp;&nbsp;&rArr;&nbsp;&nbsp;&nbsp;<a href="#[1c]">BusFault_Handler</a><BR>
 <LI><a href="#[1a]">HardFault_Handler</a>&nbsp;&nbsp;&nbsp;&rArr;&nbsp;&nbsp;&nbsp;<a href="#[1a]">HardFault_Handler</a><BR>
 <LI><a href="#[1b]">MemManage_Handler</a>&nbsp;&nbsp;&nbsp;&rArr;&nbsp;&nbsp;&nbsp;<a href="#[1b]">MemManage_Handler</a><BR>
 <LI><a href="#[1d]">UsageFault_Handler</a>&nbsp;&nbsp;&nbsp;&rArr;&nbsp;&nbsp;&nbsp;<a href="#[1d]">UsageFault_Handler</a><BR>
 <LI><a href="#[321]">TWidget::rectCut(TRect*)</a>&nbsp;&nbsp;&nbsp;&rArr;&nbsp;&nbsp;&nbsp;<a href="#[321]">TWidget::rectCut(TRect*)</a><BR>
 <LI><a href="#[35e]">disk_write</a>&nbsp;&nbsp;&nbsp;&rArr;&nbsp;&nbsp;&nbsp;<a href="#[35e]">disk_write</a><BR>
 <LI><a href="#[35d]">disk_read</a>&nbsp;&nbsp;&nbsp;&rArr;&nbsp;&nbsp;&nbsp;<a href="#[35d]">disk_read</a><BR>
 <LI><a href="#[239]">color_tree_cleanup(ColorTree*)</a>&nbsp;&nbsp;&nbsp;&rArr;&nbsp;&nbsp;&nbsp;<a href="#[239]">color_tree_cleanup(ColorTree*)</a><BR>
 <LI><a href="#[319]">TWidget::chgAllInValid(TObjList*, TWidget*, TRect*, TRect*)</a>&nbsp;&nbsp;&nbsp;&rArr;&nbsp;&nbsp;&nbsp;<a href="#[319]">TWidget::chgAllInValid(TObjList*, TWidget*, TRect*, TRect*)</a><BR>
 <LI><a href="#[2c2]">TWidget::showAll(TWidget*)</a>&nbsp;&nbsp;&nbsp;&rArr;&nbsp;&nbsp;&nbsp;<a href="#[2c2]">TWidget::showAll(TWidget*)</a><BR>
 <LI><a href="#[326]">UserPhoto::scanfile(const char*)</a>&nbsp;&nbsp;&nbsp;&rArr;&nbsp;&nbsp;&nbsp;<a href="#[326]">UserPhoto::scanfile(const char*)</a><BR>
 <LI><a href="#[2fc]">TWidget::chgChildsXY(TWidget*)</a>&nbsp;&nbsp;&nbsp;&rArr;&nbsp;&nbsp;&nbsp;<a href="#[2fc]">TWidget::chgChildsXY(TWidget*)</a><BR>
 <LI><a href="#[2c0]">TApplication::visitAll(TObject*)</a>&nbsp;&nbsp;&nbsp;&rArr;&nbsp;&nbsp;&nbsp;<a href="#[2c0]">TApplication::visitAll(TObject*)</a><BR>
 <LI><a href="#[8a]">task3_driver(void*)</a>&nbsp;&nbsp;&nbsp;&rArr;&nbsp;&nbsp;&nbsp;<a href="#[8a]">task3_driver(void*)</a><BR>
</UL>
<P>
<H3>
Function Pointers
</H3><UL>
 <LI><a href="#[34]">ADC_IRQHandler</a> from startup_stm32f429_439xx.o(.text) referenced from startup_stm32f429_439xx.o(RESET)
 <LI><a href="#[1c]">BusFault_Handler</a> from stm32f4xx_it.o(i.BusFault_Handler) referenced from startup_stm32f429_439xx.o(RESET)
 <LI><a href="#[36]">CAN1_RX0_IRQHandler</a> from startup_stm32f429_439xx.o(.text) referenced from startup_stm32f429_439xx.o(RESET)
 <LI><a href="#[37]">CAN1_RX1_IRQHandler</a> from startup_stm32f429_439xx.o(.text) referenced from startup_stm32f429_439xx.o(RESET)
 <LI><a href="#[38]">CAN1_SCE_IRQHandler</a> from startup_stm32f429_439xx.o(.text) referenced from startup_stm32f429_439xx.o(RESET)
 <LI><a href="#[35]">CAN1_TX_IRQHandler</a> from startup_stm32f429_439xx.o(.text) referenced from startup_stm32f429_439xx.o(RESET)
 <LI><a href="#[62]">CAN2_RX0_IRQHandler</a> from startup_stm32f429_439xx.o(.text) referenced from startup_stm32f429_439xx.o(RESET)
 <LI><a href="#[63]">CAN2_RX1_IRQHandler</a> from startup_stm32f429_439xx.o(.text) referenced from startup_stm32f429_439xx.o(RESET)
 <LI><a href="#[64]">CAN2_SCE_IRQHandler</a> from startup_stm32f429_439xx.o(.text) referenced from startup_stm32f429_439xx.o(RESET)
 <LI><a href="#[61]">CAN2_TX_IRQHandler</a> from startup_stm32f429_439xx.o(.text) referenced from startup_stm32f429_439xx.o(RESET)
 <LI><a href="#[71]">CRYP_IRQHandler</a> from startup_stm32f429_439xx.o(.text) referenced from startup_stm32f429_439xx.o(RESET)
 <LI><a href="#[70]">DCMI_IRQHandler</a> from startup_stm32f429_439xx.o(.text) referenced from startup_stm32f429_439xx.o(RESET)
 <LI><a href="#[2d]">DMA1_Stream0_IRQHandler</a> from startup_stm32f429_439xx.o(.text) referenced from startup_stm32f429_439xx.o(RESET)
 <LI><a href="#[2e]">DMA1_Stream1_IRQHandler</a> from startup_stm32f429_439xx.o(.text) referenced from startup_stm32f429_439xx.o(RESET)
 <LI><a href="#[2f]">DMA1_Stream2_IRQHandler</a> from startup_stm32f429_439xx.o(.text) referenced from startup_stm32f429_439xx.o(RESET)
 <LI><a href="#[30]">DMA1_Stream3_IRQHandler</a> from startup_stm32f429_439xx.o(.text) referenced from startup_stm32f429_439xx.o(RESET)
 <LI><a href="#[31]">DMA1_Stream4_IRQHandler</a> from startup_stm32f429_439xx.o(.text) referenced from startup_stm32f429_439xx.o(RESET)
 <LI><a href="#[32]">DMA1_Stream5_IRQHandler</a> from startup_stm32f429_439xx.o(.text) referenced from startup_stm32f429_439xx.o(RESET)
 <LI><a href="#[33]">DMA1_Stream6_IRQHandler</a> from startup_stm32f429_439xx.o(.text) referenced from startup_stm32f429_439xx.o(RESET)
 <LI><a href="#[51]">DMA1_Stream7_IRQHandler</a> from startup_stm32f429_439xx.o(.text) referenced from startup_stm32f429_439xx.o(RESET)
 <LI><a href="#[7c]">DMA2D_IRQHandler</a> from startup_stm32f429_439xx.o(.text) referenced from startup_stm32f429_439xx.o(RESET)
 <LI><a href="#[5a]">DMA2_Stream0_IRQHandler</a> from startup_stm32f429_439xx.o(.text) referenced from startup_stm32f429_439xx.o(RESET)
 <LI><a href="#[5b]">DMA2_Stream1_IRQHandler</a> from startup_stm32f429_439xx.o(.text) referenced from startup_stm32f429_439xx.o(RESET)
 <LI><a href="#[5c]">DMA2_Stream2_IRQHandler</a> from startup_stm32f429_439xx.o(.text) referenced from startup_stm32f429_439xx.o(RESET)
 <LI><a href="#[5d]">DMA2_Stream3_IRQHandler</a> from sdio_sd_conf.o(i.DMA2_Stream3_IRQHandler) referenced from startup_stm32f429_439xx.o(RESET)
 <LI><a href="#[5e]">DMA2_Stream4_IRQHandler</a> from startup_stm32f429_439xx.o(.text) referenced from startup_stm32f429_439xx.o(RESET)
 <LI><a href="#[66]">DMA2_Stream5_IRQHandler</a> from startup_stm32f429_439xx.o(.text) referenced from startup_stm32f429_439xx.o(RESET)
 <LI><a href="#[67]">DMA2_Stream6_IRQHandler</a> from startup_stm32f429_439xx.o(.text) referenced from startup_stm32f429_439xx.o(RESET)
 <LI><a href="#[68]">DMA2_Stream7_IRQHandler</a> from startup_stm32f429_439xx.o(.text) referenced from startup_stm32f429_439xx.o(RESET)
 <LI><a href="#[1f]">DebugMon_Handler</a> from stm32f4xx_it.o(i.DebugMon_Handler) referenced from startup_stm32f429_439xx.o(RESET)
 <LI><a href="#[5f]">ETH_IRQHandler</a> from startup_stm32f429_439xx.o(.text) referenced from startup_stm32f429_439xx.o(RESET)
 <LI><a href="#[60]">ETH_WKUP_IRQHandler</a> from startup_stm32f429_439xx.o(.text) referenced from startup_stm32f429_439xx.o(RESET)
 <LI><a href="#[28]">EXTI0_IRQHandler</a> from startup_stm32f429_439xx.o(.text) referenced from startup_stm32f429_439xx.o(RESET)
 <LI><a href="#[4a]">EXTI15_10_IRQHandler</a> from stm32f4xx_it.o(i.EXTI15_10_IRQHandler) referenced from startup_stm32f429_439xx.o(RESET)
 <LI><a href="#[29]">EXTI1_IRQHandler</a> from startup_stm32f429_439xx.o(.text) referenced from startup_stm32f429_439xx.o(RESET)
 <LI><a href="#[2a]">EXTI2_IRQHandler</a> from startup_stm32f429_439xx.o(.text) referenced from startup_stm32f429_439xx.o(RESET)
 <LI><a href="#[2b]">EXTI3_IRQHandler</a> from startup_stm32f429_439xx.o(.text) referenced from startup_stm32f429_439xx.o(RESET)
 <LI><a href="#[2c]">EXTI4_IRQHandler</a> from startup_stm32f429_439xx.o(.text) referenced from startup_stm32f429_439xx.o(RESET)
 <LI><a href="#[39]">EXTI9_5_IRQHandler</a> from startup_stm32f429_439xx.o(.text) referenced from startup_stm32f429_439xx.o(RESET)
 <LI><a href="#[26]">FLASH_IRQHandler</a> from startup_stm32f429_439xx.o(.text) referenced from startup_stm32f429_439xx.o(RESET)
 <LI><a href="#[52]">FMC_IRQHandler</a> from startup_stm32f429_439xx.o(.text) referenced from startup_stm32f429_439xx.o(RESET)
 <LI><a href="#[73]">FPU_IRQHandler</a> from startup_stm32f429_439xx.o(.text) referenced from startup_stm32f429_439xx.o(RESET)
 <LI><a href="#[72]">HASH_RNG_IRQHandler</a> from startup_stm32f429_439xx.o(.text) referenced from startup_stm32f429_439xx.o(RESET)
 <LI><a href="#[1a]">HardFault_Handler</a> from stm32f4xx_it.o(i.HardFault_Handler) referenced from startup_stm32f429_439xx.o(RESET)
 <LI><a href="#[42]">I2C1_ER_IRQHandler</a> from startup_stm32f429_439xx.o(.text) referenced from startup_stm32f429_439xx.o(RESET)
 <LI><a href="#[41]">I2C1_EV_IRQHandler</a> from startup_stm32f429_439xx.o(.text) referenced from startup_stm32f429_439xx.o(RESET)
 <LI><a href="#[44]">I2C2_ER_IRQHandler</a> from startup_stm32f429_439xx.o(.text) referenced from startup_stm32f429_439xx.o(RESET)
 <LI><a href="#[43]">I2C2_EV_IRQHandler</a> from startup_stm32f429_439xx.o(.text) referenced from startup_stm32f429_439xx.o(RESET)
 <LI><a href="#[6b]">I2C3_ER_IRQHandler</a> from startup_stm32f429_439xx.o(.text) referenced from startup_stm32f429_439xx.o(RESET)
 <LI><a href="#[6a]">I2C3_EV_IRQHandler</a> from startup_stm32f429_439xx.o(.text) referenced from startup_stm32f429_439xx.o(RESET)
 <LI><a href="#[7b]">LTDC_ER_IRQHandler</a> from startup_stm32f429_439xx.o(.text) referenced from startup_stm32f429_439xx.o(RESET)
 <LI><a href="#[7a]">LTDC_IRQHandler</a> from startup_stm32f429_439xx.o(.text) referenced from startup_stm32f429_439xx.o(RESET)
 <LI><a href="#[1b]">MemManage_Handler</a> from stm32f4xx_it.o(i.MemManage_Handler) referenced from startup_stm32f429_439xx.o(RESET)
 <LI><a href="#[19]">NMI_Handler</a> from stm32f4xx_it.o(i.NMI_Handler) referenced from startup_stm32f429_439xx.o(RESET)
 <LI><a href="#[65]">OTG_FS_IRQHandler</a> from startup_stm32f429_439xx.o(.text) referenced from startup_stm32f429_439xx.o(RESET)
 <LI><a href="#[4c]">OTG_FS_WKUP_IRQHandler</a> from startup_stm32f429_439xx.o(.text) referenced from startup_stm32f429_439xx.o(RESET)
 <LI><a href="#[6d]">OTG_HS_EP1_IN_IRQHandler</a> from startup_stm32f429_439xx.o(.text) referenced from startup_stm32f429_439xx.o(RESET)
 <LI><a href="#[6c]">OTG_HS_EP1_OUT_IRQHandler</a> from startup_stm32f429_439xx.o(.text) referenced from startup_stm32f429_439xx.o(RESET)
 <LI><a href="#[6f]">OTG_HS_IRQHandler</a> from startup_stm32f429_439xx.o(.text) referenced from startup_stm32f429_439xx.o(RESET)
 <LI><a href="#[6e]">OTG_HS_WKUP_IRQHandler</a> from startup_stm32f429_439xx.o(.text) referenced from startup_stm32f429_439xx.o(RESET)
 <LI><a href="#[23]">PVD_IRQHandler</a> from startup_stm32f429_439xx.o(.text) referenced from startup_stm32f429_439xx.o(RESET)
 <LI><a href="#[20]">PendSV_Handler</a> from port.o(.emb_text) referenced from startup_stm32f429_439xx.o(RESET)
 <LI><a href="#[27]">RCC_IRQHandler</a> from startup_stm32f429_439xx.o(.text) referenced from startup_stm32f429_439xx.o(RESET)
 <LI><a href="#[4b]">RTC_Alarm_IRQHandler</a> from startup_stm32f429_439xx.o(.text) referenced from startup_stm32f429_439xx.o(RESET)
 <LI><a href="#[25]">RTC_WKUP_IRQHandler</a> from startup_stm32f429_439xx.o(.text) referenced from startup_stm32f429_439xx.o(RESET)
 <LI><a href="#[18]">Reset_Handler</a> from startup_stm32f429_439xx.o(.text) referenced from startup_stm32f429_439xx.o(RESET)
 <LI><a href="#[79]">SAI1_IRQHandler</a> from startup_stm32f429_439xx.o(.text) referenced from startup_stm32f429_439xx.o(RESET)
 <LI><a href="#[53]">SDIO_IRQHandler</a> from sdio_sd_conf.o(i.SDIO_IRQHandler) referenced from startup_stm32f429_439xx.o(RESET)
 <LI><a href="#[7f]">SDRAMConfig</a> from sdram_conf.o(i.SDRAMConfig) referenced from startup_stm32f429_439xx.o(.text)
 <LI><a href="#[45]">SPI1_IRQHandler</a> from startup_stm32f429_439xx.o(.text) referenced from startup_stm32f429_439xx.o(RESET)
 <LI><a href="#[46]">SPI2_IRQHandler</a> from startup_stm32f429_439xx.o(.text) referenced from startup_stm32f429_439xx.o(RESET)
 <LI><a href="#[55]">SPI3_IRQHandler</a> from startup_stm32f429_439xx.o(.text) referenced from startup_stm32f429_439xx.o(RESET)
 <LI><a href="#[76]">SPI4_IRQHandler</a> from startup_stm32f429_439xx.o(.text) referenced from startup_stm32f429_439xx.o(RESET)
 <LI><a href="#[77]">SPI5_IRQHandler</a> from startup_stm32f429_439xx.o(.text) referenced from startup_stm32f429_439xx.o(RESET)
 <LI><a href="#[78]">SPI6_IRQHandler</a> from startup_stm32f429_439xx.o(.text) referenced from startup_stm32f429_439xx.o(RESET)
 <LI><a href="#[1e]">SVC_Handler</a> from port.o(.emb_text) referenced from startup_stm32f429_439xx.o(RESET)
 <LI><a href="#[21]">SysTick_Handler</a> from port.o(i.SysTick_Handler) referenced from startup_stm32f429_439xx.o(RESET)
 <LI><a href="#[7e]">SystemInit</a> from system_stm32f4xx.o(i.SystemInit) referenced from startup_stm32f429_439xx.o(.text)
 <LI><a href="#[24]">TAMP_STAMP_IRQHandler</a> from startup_stm32f429_439xx.o(.text) referenced from startup_stm32f429_439xx.o(RESET)
 <LI><a href="#[3a]">TIM1_BRK_TIM9_IRQHandler</a> from startup_stm32f429_439xx.o(.text) referenced from startup_stm32f429_439xx.o(RESET)
 <LI><a href="#[3d]">TIM1_CC_IRQHandler</a> from startup_stm32f429_439xx.o(.text) referenced from startup_stm32f429_439xx.o(RESET)
 <LI><a href="#[3c]">TIM1_TRG_COM_TIM11_IRQHandler</a> from startup_stm32f429_439xx.o(.text) referenced from startup_stm32f429_439xx.o(RESET)
 <LI><a href="#[3b]">TIM1_UP_TIM10_IRQHandler</a> from startup_stm32f429_439xx.o(.text) referenced from startup_stm32f429_439xx.o(RESET)
 <LI><a href="#[3e]">TIM2_IRQHandler</a> from startup_stm32f429_439xx.o(.text) referenced from startup_stm32f429_439xx.o(RESET)
 <LI><a href="#[3f]">TIM3_IRQHandler</a> from startup_stm32f429_439xx.o(.text) referenced from startup_stm32f429_439xx.o(RESET)
 <LI><a href="#[40]">TIM4_IRQHandler</a> from startup_stm32f429_439xx.o(.text) referenced from startup_stm32f429_439xx.o(RESET)
 <LI><a href="#[54]">TIM5_IRQHandler</a> from startup_stm32f429_439xx.o(.text) referenced from startup_stm32f429_439xx.o(RESET)
 <LI><a href="#[58]">TIM6_DAC_IRQHandler</a> from stm32f4xx_it.o(i.TIM6_DAC_IRQHandler) referenced from startup_stm32f429_439xx.o(RESET)
 <LI><a href="#[59]">TIM7_IRQHandler</a> from startup_stm32f429_439xx.o(.text) referenced from startup_stm32f429_439xx.o(RESET)
 <LI><a href="#[4d]">TIM8_BRK_TIM12_IRQHandler</a> from startup_stm32f429_439xx.o(.text) referenced from startup_stm32f429_439xx.o(RESET)
 <LI><a href="#[50]">TIM8_CC_IRQHandler</a> from startup_stm32f429_439xx.o(.text) referenced from startup_stm32f429_439xx.o(RESET)
 <LI><a href="#[4f]">TIM8_TRG_COM_TIM14_IRQHandler</a> from startup_stm32f429_439xx.o(.text) referenced from startup_stm32f429_439xx.o(RESET)
 <LI><a href="#[4e]">TIM8_UP_TIM13_IRQHandler</a> from startup_stm32f429_439xx.o(.text) referenced from startup_stm32f429_439xx.o(RESET)
 <LI><a href="#[56]">UART4_IRQHandler</a> from startup_stm32f429_439xx.o(.text) referenced from startup_stm32f429_439xx.o(RESET)
 <LI><a href="#[57]">UART5_IRQHandler</a> from startup_stm32f429_439xx.o(.text) referenced from startup_stm32f429_439xx.o(RESET)
 <LI><a href="#[74]">UART7_IRQHandler</a> from startup_stm32f429_439xx.o(.text) referenced from startup_stm32f429_439xx.o(RESET)
 <LI><a href="#[75]">UART8_IRQHandler</a> from startup_stm32f429_439xx.o(.text) referenced from startup_stm32f429_439xx.o(RESET)
 <LI><a href="#[47]">USART1_IRQHandler</a> from stm32f4xx_it.o(i.USART1_IRQHandler) referenced from startup_stm32f429_439xx.o(RESET)
 <LI><a href="#[48]">USART2_IRQHandler</a> from startup_stm32f429_439xx.o(.text) referenced from startup_stm32f429_439xx.o(RESET)
 <LI><a href="#[49]">USART3_IRQHandler</a> from startup_stm32f429_439xx.o(.text) referenced from startup_stm32f429_439xx.o(RESET)
 <LI><a href="#[69]">USART6_IRQHandler</a> from startup_stm32f429_439xx.o(.text) referenced from startup_stm32f429_439xx.o(RESET)
 <LI><a href="#[1d]">UsageFault_Handler</a> from stm32f4xx_it.o(i.UsageFault_Handler) referenced from startup_stm32f429_439xx.o(RESET)
 <LI><a href="#[22]">WWDG_IRQHandler</a> from startup_stm32f429_439xx.o(.text) referenced from startup_stm32f429_439xx.o(RESET)
 <LI><a href="#[89]">task2_tgui(void*)</a> from main.o(i._Z10task2_tguiPv) referenced from main.o(i.main)
 <LI><a href="#[8a]">task3_driver(void*)</a> from main.o(i._Z12task3_driverPv) referenced from main.o(i.main)
 <LI><a href="#[82]">__default_new_handler()</a> from arm_newhandler_noexceptions.o(.text) referenced from new.o(i._Znwj)
 <LI><a href="#[88]">task1_led(void*)</a> from main.o(i._Z9task1_ledPv) referenced from main.o(i.main)
 <LI><a href="#[a0]">TCloseEvent::~TCloseEvent__deallocating()</a> from tapplication.o(i._ZN11TCloseEventD0Ev) referenced from tapplication.o(.constdata__ZTV11TCloseEvent)
 <LI><a href="#[b8]">TIconButton::sig_depress(long, long)</a> from ticonbutton.o(i._ZN11TIconButton11sig_depressEll) referenced from ticonbutton.o(.constdata__ZTV11TIconButton)
 <LI><a href="#[b9]">TIconButton::sig_release(long, long)</a> from ticonbutton.o(i._ZN11TIconButton11sig_releaseEll) referenced from ticonbutton.o(.constdata__ZTV11TIconButton)
 <LI><a href="#[a4]">TIconButton::show()</a> from ticonbutton.o(i._ZN11TIconButton4showEv) referenced from ticonbutton.o(.constdata__ZTV11TIconButton)
 <LI><a href="#[ba]">TIconButton::release()</a> from ticonbutton.o(i._ZN11TIconButton7releaseEv) referenced from ticonbutton.o(.constdata__ZTV11TIconButton)
 <LI><a href="#[a2]">TIconButton::~TIconButton__deallocating()</a> from ticonbutton.o(i._ZN11TIconButtonD0Ev) referenced from ticonbutton.o(.constdata__ZTV11TIconButton)
 <LI><a href="#[a1]">TIconButton::~TIconButton()</a> from ticonbutton.o(i._ZN11TIconButtonD1Ev) referenced from ticonbutton.o(.constdata__ZTV11TIconButton)
 <LI><a href="#[be]">TPushButton::sig_depress(long, long)</a> from tpushbutton.o(i._ZN11TPushButton11sig_depressEll) referenced from tpushbutton.o(.constdata__ZTV11TPushButton)
 <LI><a href="#[bf]">TPushButton::sig_release(long, long)</a> from tpushbutton.o(i._ZN11TPushButton11sig_releaseEll) referenced from tpushbutton.o(.constdata__ZTV11TPushButton)
 <LI><a href="#[bd]">TPushButton::show()</a> from tpushbutton.o(i._ZN11TPushButton4showEv) referenced from tpushbutton.o(.constdata__ZTV11TPushButton)
 <LI><a href="#[c0]">TPushButton::release()</a> from tpushbutton.o(i._ZN11TPushButton7releaseEv) referenced from tpushbutton.o(.constdata__ZTV11TPushButton)
 <LI><a href="#[bc]">TPushButton::~TPushButton__deallocating()</a> from tpushbutton.o(i._ZN11TPushButtonD0Ev) referenced from tpushbutton.o(.constdata__ZTV11TPushButton)
 <LI><a href="#[bb]">TPushButton::~TPushButton()</a> from tpushbutton.o(i._ZN11TPushButtonD1Ev) referenced from tpushbutton.o(.constdata__ZTV11TPushButton)
 <LI><a href="#[c2]">TTouchEvent::~TTouchEvent__deallocating()</a> from tapplication.o(i._ZN11TTouchEventD0Ev) referenced from tapplication.o(.constdata__ZTV11TTouchEvent)
 <LI><a href="#[c1]">TTouchEvent::~TTouchEvent()</a> from tapplication.o(i._ZN11TTouchEventD1Ev) referenced from tapplication.o(.constdata__ZTV11TTouchEvent)
 <LI><a href="#[c3]">TWidgetList::clear()</a> from twidget.o(i._ZN11TWidgetList5clearEv) referenced from twidget.o(.constdata__ZTV11TWidgetList)
 <LI><a href="#[c7]">TWidgetList::count()</a> from twidget.o(i._ZN11TWidgetList5countEv) referenced from twidget.o(.constdata__ZTV11TWidgetList)
 <LI><a href="#[c4]">TWidgetList::~TWidgetList__deallocating()</a> from twidget.o(i._ZN11TWidgetListD0Ev) referenced from twidget.o(.constdata__ZTV11TWidgetList)
 <LI><a href="#[cb]">TConnectList::count()</a> from tobject.o(i._ZN12TConnectList5countEv) referenced from tobject.o(.constdata__ZTV12TConnectList)
 <LI><a href="#[c8]">TConnectList::~TConnectList__deallocating()</a> from tobject.o(i._ZN12TConnectListD0Ev) referenced from tobject.o(.constdata__ZTV12TConnectList)
 <LI><a href="#[ce]">TTouchDirver::obtainData()</a> from tdirver.o(i._ZN12TTouchDirver10obtainDataEv) referenced from tdirver.o(.constdata__ZTV12TTouchDirver)
 <LI><a href="#[cd]">TTouchDirver::dataBack()</a> from tdirver.o(i._ZN12TTouchDirver8dataBackEv) referenced from tdirver.o(.constdata__ZTV12TTouchDirver)
 <LI><a href="#[cc]">TTouchDirver::dataFront()</a> from tdirver.o(i._ZN12TTouchDirver9dataFrontEv) referenced from tdirver.o(.constdata__ZTV12TTouchDirver)
 <LI><a href="#[d1]">UserCalendar::show()</a> from usercalendar.o(i._ZN12UserCalendar4showEv) referenced from usercalendar.o(.constdata__ZTV12UserCalendar)
 <LI><a href="#[9f]">UserCalendar::nextMonth()</a> from usercalendar.o(i._ZN12UserCalendar9nextMonthEv) referenced from usercalendar.o(.constdata)
 <LI><a href="#[9e]">UserCalendar::prevMonth()</a> from usercalendar.o(i._ZN12UserCalendar9prevMonthEv) referenced from usercalendar.o(.constdata)
 <LI><a href="#[d0]">UserCalendar::~UserCalendar__deallocating()</a> from usercalendar.o(i._ZN12UserCalendarD0Ev) referenced from usercalendar.o(.constdata__ZTV12UserCalendar)
 <LI><a href="#[cf]">UserCalendar::~UserCalendar()</a> from usercalendar.o(i._ZN12UserCalendarD1Ev) referenced from usercalendar.o(.constdata__ZTV12UserCalendar)
 <LI><a href="#[e7]">UserCalculate::show()</a> from usercalculate.o(i._ZN13UserCalculate4showEv) referenced from usercalculate.o(.constdata__ZTV13UserCalculate)
 <LI><a href="#[e6]">UserCalculate::~UserCalculate__deallocating()</a> from usercalculate.o(i._ZN13UserCalculateD0Ev) referenced from usercalculate.o(.constdata__ZTV13UserCalculate)
 <LI><a href="#[e5]">UserCalculate::~UserCalculate()</a> from usercalculate.o(i._ZN13UserCalculateD1Ev) referenced from usercalculate.o(.constdata__ZTV13UserCalculate)
 <LI><a href="#[b7]">TAbstractButton::closeEvent(TCloseEvent*)</a> from tabstractbutton.o(i._ZN15TAbstractButton10closeEventEP11TCloseEvent) referenced from ticonbutton.o(.constdata__ZTV11TIconButton)
 <LI><a href="#[b7]">TAbstractButton::closeEvent(TCloseEvent*)</a> from tabstractbutton.o(i._ZN15TAbstractButton10closeEventEP11TCloseEvent) referenced from tpushbutton.o(.constdata__ZTV11TPushButton)
 <LI><a href="#[b7]">TAbstractButton::closeEvent(TCloseEvent*)</a> from tabstractbutton.o(i._ZN15TAbstractButton10closeEventEP11TCloseEvent) referenced from tabstractbutton.o(.constdata__ZTV15TAbstractButton)
 <LI><a href="#[b2]">TAbstractButton::enterEvent(TEvent*)</a> from tabstractbutton.o(i._ZN15TAbstractButton10enterEventEP6TEvent) referenced from ticonbutton.o(.constdata__ZTV11TIconButton)
 <LI><a href="#[b2]">TAbstractButton::enterEvent(TEvent*)</a> from tabstractbutton.o(i._ZN15TAbstractButton10enterEventEP6TEvent) referenced from tpushbutton.o(.constdata__ZTV11TPushButton)
 <LI><a href="#[b2]">TAbstractButton::enterEvent(TEvent*)</a> from tabstractbutton.o(i._ZN15TAbstractButton10enterEventEP6TEvent) referenced from tabstractbutton.o(.constdata__ZTV15TAbstractButton)
 <LI><a href="#[b3]">TAbstractButton::leaveEvent(TEvent*)</a> from tabstractbutton.o(i._ZN15TAbstractButton10leaveEventEP6TEvent) referenced from ticonbutton.o(.constdata__ZTV11TIconButton)
 <LI><a href="#[b3]">TAbstractButton::leaveEvent(TEvent*)</a> from tabstractbutton.o(i._ZN15TAbstractButton10leaveEventEP6TEvent) referenced from tpushbutton.o(.constdata__ZTV11TPushButton)
 <LI><a href="#[b3]">TAbstractButton::leaveEvent(TEvent*)</a> from tabstractbutton.o(i._ZN15TAbstractButton10leaveEventEP6TEvent) referenced from tabstractbutton.o(.constdata__ZTV15TAbstractButton)
 <LI><a href="#[b4]">TAbstractButton::painTEvent(TPainTEvent*)</a> from tabstractbutton.o(i._ZN15TAbstractButton10painTEventEP11TPainTEvent) referenced from ticonbutton.o(.constdata__ZTV11TIconButton)
 <LI><a href="#[b4]">TAbstractButton::painTEvent(TPainTEvent*)</a> from tabstractbutton.o(i._ZN15TAbstractButton10painTEventEP11TPainTEvent) referenced from tpushbutton.o(.constdata__ZTV11TPushButton)
 <LI><a href="#[b4]">TAbstractButton::painTEvent(TPainTEvent*)</a> from tabstractbutton.o(i._ZN15TAbstractButton10painTEventEP11TPainTEvent) referenced from tabstractbutton.o(.constdata__ZTV15TAbstractButton)
 <LI><a href="#[b6]">TAbstractButton::resizeEvent(TResizeEvent*)</a> from tabstractbutton.o(i._ZN15TAbstractButton11resizeEventEP12TResizeEvent) referenced from ticonbutton.o(.constdata__ZTV11TIconButton)
 <LI><a href="#[b6]">TAbstractButton::resizeEvent(TResizeEvent*)</a> from tabstractbutton.o(i._ZN15TAbstractButton11resizeEventEP12TResizeEvent) referenced from tpushbutton.o(.constdata__ZTV11TPushButton)
 <LI><a href="#[b6]">TAbstractButton::resizeEvent(TResizeEvent*)</a> from tabstractbutton.o(i._ZN15TAbstractButton11resizeEventEP12TResizeEvent) referenced from tabstractbutton.o(.constdata__ZTV15TAbstractButton)
 <LI><a href="#[b0]">TAbstractButton::focusInEvent(TFocusEvent*)</a> from tabstractbutton.o(i._ZN15TAbstractButton12focusInEventEP11TFocusEvent) referenced from ticonbutton.o(.constdata__ZTV11TIconButton)
 <LI><a href="#[b0]">TAbstractButton::focusInEvent(TFocusEvent*)</a> from tabstractbutton.o(i._ZN15TAbstractButton12focusInEventEP11TFocusEvent) referenced from tpushbutton.o(.constdata__ZTV11TPushButton)
 <LI><a href="#[b0]">TAbstractButton::focusInEvent(TFocusEvent*)</a> from tabstractbutton.o(i._ZN15TAbstractButton12focusInEventEP11TFocusEvent) referenced from tabstractbutton.o(.constdata__ZTV15TAbstractButton)
 <LI><a href="#[b1]">TAbstractButton::focusOuTEvent(TFocusEvent*)</a> from tabstractbutton.o(i._ZN15TAbstractButton13focusOuTEventEP11TFocusEvent) referenced from ticonbutton.o(.constdata__ZTV11TIconButton)
 <LI><a href="#[b1]">TAbstractButton::focusOuTEvent(TFocusEvent*)</a> from tabstractbutton.o(i._ZN15TAbstractButton13focusOuTEventEP11TFocusEvent) referenced from tpushbutton.o(.constdata__ZTV11TPushButton)
 <LI><a href="#[b1]">TAbstractButton::focusOuTEvent(TFocusEvent*)</a> from tabstractbutton.o(i._ZN15TAbstractButton13focusOuTEventEP11TFocusEvent) referenced from tabstractbutton.o(.constdata__ZTV15TAbstractButton)
 <LI><a href="#[ae]">TAbstractButton::keyPressEvent(TKeyEvent*)</a> from tabstractbutton.o(i._ZN15TAbstractButton13keyPressEventEP9TKeyEvent) referenced from ticonbutton.o(.constdata__ZTV11TIconButton)
 <LI><a href="#[ae]">TAbstractButton::keyPressEvent(TKeyEvent*)</a> from tabstractbutton.o(i._ZN15TAbstractButton13keyPressEventEP9TKeyEvent) referenced from tpushbutton.o(.constdata__ZTV11TPushButton)
 <LI><a href="#[ae]">TAbstractButton::keyPressEvent(TKeyEvent*)</a> from tabstractbutton.o(i._ZN15TAbstractButton13keyPressEventEP9TKeyEvent) referenced from tabstractbutton.o(.constdata__ZTV15TAbstractButton)
 <LI><a href="#[ad]">TAbstractButton::mouseMoveEvent(TMouseEvent*)</a> from tabstractbutton.o(i._ZN15TAbstractButton14mouseMoveEventEP11TMouseEvent) referenced from ticonbutton.o(.constdata__ZTV11TIconButton)
 <LI><a href="#[ad]">TAbstractButton::mouseMoveEvent(TMouseEvent*)</a> from tabstractbutton.o(i._ZN15TAbstractButton14mouseMoveEventEP11TMouseEvent) referenced from tpushbutton.o(.constdata__ZTV11TPushButton)
 <LI><a href="#[ad]">TAbstractButton::mouseMoveEvent(TMouseEvent*)</a> from tabstractbutton.o(i._ZN15TAbstractButton14mouseMoveEventEP11TMouseEvent) referenced from tabstractbutton.o(.constdata__ZTV15TAbstractButton)
 <LI><a href="#[a8]">TAbstractButton::touchMoveEvent(TTouchEvent*)</a> from tabstractbutton.o(i._ZN15TAbstractButton14touchMoveEventEP11TTouchEvent) referenced from ticonbutton.o(.constdata__ZTV11TIconButton)
 <LI><a href="#[a8]">TAbstractButton::touchMoveEvent(TTouchEvent*)</a> from tabstractbutton.o(i._ZN15TAbstractButton14touchMoveEventEP11TTouchEvent) referenced from tpushbutton.o(.constdata__ZTV11TPushButton)
 <LI><a href="#[a8]">TAbstractButton::touchMoveEvent(TTouchEvent*)</a> from tabstractbutton.o(i._ZN15TAbstractButton14touchMoveEventEP11TTouchEvent) referenced from tabstractbutton.o(.constdata__ZTV15TAbstractButton)
 <LI><a href="#[af]">TAbstractButton::keyReleaseEvent(TKeyEvent*)</a> from tabstractbutton.o(i._ZN15TAbstractButton15keyReleaseEventEP9TKeyEvent) referenced from ticonbutton.o(.constdata__ZTV11TIconButton)
 <LI><a href="#[af]">TAbstractButton::keyReleaseEvent(TKeyEvent*)</a> from tabstractbutton.o(i._ZN15TAbstractButton15keyReleaseEventEP9TKeyEvent) referenced from tpushbutton.o(.constdata__ZTV11TPushButton)
 <LI><a href="#[af]">TAbstractButton::keyReleaseEvent(TKeyEvent*)</a> from tabstractbutton.o(i._ZN15TAbstractButton15keyReleaseEventEP9TKeyEvent) referenced from tabstractbutton.o(.constdata__ZTV15TAbstractButton)
 <LI><a href="#[ac]">TAbstractButton::mouseClickEvent(TMouseEvent*)</a> from tabstractbutton.o(i._ZN15TAbstractButton15mouseClickEventEP11TMouseEvent) referenced from ticonbutton.o(.constdata__ZTV11TIconButton)
 <LI><a href="#[ac]">TAbstractButton::mouseClickEvent(TMouseEvent*)</a> from tabstractbutton.o(i._ZN15TAbstractButton15mouseClickEventEP11TMouseEvent) referenced from tpushbutton.o(.constdata__ZTV11TPushButton)
 <LI><a href="#[ac]">TAbstractButton::mouseClickEvent(TMouseEvent*)</a> from tabstractbutton.o(i._ZN15TAbstractButton15mouseClickEventEP11TMouseEvent) referenced from tabstractbutton.o(.constdata__ZTV15TAbstractButton)
 <LI><a href="#[a9]">TAbstractButton::mousePressEvent(TMouseEvent*)</a> from tabstractbutton.o(i._ZN15TAbstractButton15mousePressEventEP11TMouseEvent) referenced from ticonbutton.o(.constdata__ZTV11TIconButton)
 <LI><a href="#[a9]">TAbstractButton::mousePressEvent(TMouseEvent*)</a> from tabstractbutton.o(i._ZN15TAbstractButton15mousePressEventEP11TMouseEvent) referenced from tpushbutton.o(.constdata__ZTV11TPushButton)
 <LI><a href="#[a9]">TAbstractButton::mousePressEvent(TMouseEvent*)</a> from tabstractbutton.o(i._ZN15TAbstractButton15mousePressEventEP11TMouseEvent) referenced from tabstractbutton.o(.constdata__ZTV15TAbstractButton)
 <LI><a href="#[a7]">TAbstractButton::touchClickEvent(TTouchEvent*)</a> from tabstractbutton.o(i._ZN15TAbstractButton15touchClickEventEP11TTouchEvent) referenced from ticonbutton.o(.constdata__ZTV11TIconButton)
 <LI><a href="#[a7]">TAbstractButton::touchClickEvent(TTouchEvent*)</a> from tabstractbutton.o(i._ZN15TAbstractButton15touchClickEventEP11TTouchEvent) referenced from tpushbutton.o(.constdata__ZTV11TPushButton)
 <LI><a href="#[a7]">TAbstractButton::touchClickEvent(TTouchEvent*)</a> from tabstractbutton.o(i._ZN15TAbstractButton15touchClickEventEP11TTouchEvent) referenced from tabstractbutton.o(.constdata__ZTV15TAbstractButton)
 <LI><a href="#[a5]">TAbstractButton::touchPressEvent(TTouchEvent*)</a> from tabstractbutton.o(i._ZN15TAbstractButton15touchPressEventEP11TTouchEvent) referenced from ticonbutton.o(.constdata__ZTV11TIconButton)
 <LI><a href="#[a5]">TAbstractButton::touchPressEvent(TTouchEvent*)</a> from tabstractbutton.o(i._ZN15TAbstractButton15touchPressEventEP11TTouchEvent) referenced from tpushbutton.o(.constdata__ZTV11TPushButton)
 <LI><a href="#[a5]">TAbstractButton::touchPressEvent(TTouchEvent*)</a> from tabstractbutton.o(i._ZN15TAbstractButton15touchPressEventEP11TTouchEvent) referenced from tabstractbutton.o(.constdata__ZTV15TAbstractButton)
 <LI><a href="#[aa]">TAbstractButton::mouseReleaseEvent(TMouseEvent*)</a> from tabstractbutton.o(i._ZN15TAbstractButton17mouseReleaseEventEP11TMouseEvent) referenced from ticonbutton.o(.constdata__ZTV11TIconButton)
 <LI><a href="#[aa]">TAbstractButton::mouseReleaseEvent(TMouseEvent*)</a> from tabstractbutton.o(i._ZN15TAbstractButton17mouseReleaseEventEP11TMouseEvent) referenced from tpushbutton.o(.constdata__ZTV11TPushButton)
 <LI><a href="#[aa]">TAbstractButton::mouseReleaseEvent(TMouseEvent*)</a> from tabstractbutton.o(i._ZN15TAbstractButton17mouseReleaseEventEP11TMouseEvent) referenced from tabstractbutton.o(.constdata__ZTV15TAbstractButton)
 <LI><a href="#[a6]">TAbstractButton::touchReleaseEvent(TTouchEvent*)</a> from tabstractbutton.o(i._ZN15TAbstractButton17touchReleaseEventEP11TTouchEvent) referenced from ticonbutton.o(.constdata__ZTV11TIconButton)
 <LI><a href="#[a6]">TAbstractButton::touchReleaseEvent(TTouchEvent*)</a> from tabstractbutton.o(i._ZN15TAbstractButton17touchReleaseEventEP11TTouchEvent) referenced from tpushbutton.o(.constdata__ZTV11TPushButton)
 <LI><a href="#[a6]">TAbstractButton::touchReleaseEvent(TTouchEvent*)</a> from tabstractbutton.o(i._ZN15TAbstractButton17touchReleaseEventEP11TTouchEvent) referenced from tabstractbutton.o(.constdata__ZTV15TAbstractButton)
 <LI><a href="#[ab]">TAbstractButton::mouseDoubleClickEvent(TMouseEvent*)</a> from tabstractbutton.o(i._ZN15TAbstractButton21mouseDoubleClickEventEP11TMouseEvent) referenced from ticonbutton.o(.constdata__ZTV11TIconButton)
 <LI><a href="#[ab]">TAbstractButton::mouseDoubleClickEvent(TMouseEvent*)</a> from tabstractbutton.o(i._ZN15TAbstractButton21mouseDoubleClickEventEP11TMouseEvent) referenced from tpushbutton.o(.constdata__ZTV11TPushButton)
 <LI><a href="#[ab]">TAbstractButton::mouseDoubleClickEvent(TMouseEvent*)</a> from tabstractbutton.o(i._ZN15TAbstractButton21mouseDoubleClickEventEP11TMouseEvent) referenced from tabstractbutton.o(.constdata__ZTV15TAbstractButton)
 <LI><a href="#[b5]">TAbstractButton::moveEvent(TMoveEvent*)</a> from tabstractbutton.o(i._ZN15TAbstractButton9moveEventEP10TMoveEvent) referenced from ticonbutton.o(.constdata__ZTV11TIconButton)
 <LI><a href="#[b5]">TAbstractButton::moveEvent(TMoveEvent*)</a> from tabstractbutton.o(i._ZN15TAbstractButton9moveEventEP10TMoveEvent) referenced from tpushbutton.o(.constdata__ZTV11TPushButton)
 <LI><a href="#[b5]">TAbstractButton::moveEvent(TMoveEvent*)</a> from tabstractbutton.o(i._ZN15TAbstractButton9moveEventEP10TMoveEvent) referenced from tabstractbutton.o(.constdata__ZTV15TAbstractButton)
 <LI><a href="#[e9]">TAbstractButton::~TAbstractButton__deallocating()</a> from tabstractbutton.o(i._ZN15TAbstractButtonD0Ev) referenced from tabstractbutton.o(.constdata__ZTV15TAbstractButton)
 <LI><a href="#[e8]">TAbstractButton::~TAbstractButton__sub_object()</a> from tabstractbutton.o(i._ZN15TAbstractButtonD2Ev) referenced from tabstractbutton.o(.constdata__ZTV15TAbstractButton)
 <LI><a href="#[81]">[local to arm_exceptions_c]::__default_terminate_handler()</a> from arm_exceptions_globs.o(.text) referenced from arm_exceptions_globs.o(.text)
 <LI><a href="#[84]">__rw::__rw_locale_vector&lang;__rw::__rw_cat*&rang;::~__rw_locale_vector()</a> from rwcats.o(t._ZN4__rw18__rw_locale_vectorIPNS_8__rw_catEED1Ev) referenced from rwcats.o(i.__sti___10_rwcats_cpp_64e8068e)
 <LI><a href="#[ec]">TFont::~TFont__deallocating()</a> from tfont.o(i._ZN5TFontD0Ev) referenced from tfont.o(.constdata__ZTV5TFont)
 <LI><a href="#[eb]">TFont::~TFont()</a> from tfont.o(i._ZN5TFontD1Ev) referenced from tfont.o(.constdata__ZTV5TFont)
 <LI><a href="#[c9]">TList&lang;TConnection*&rang;::deleteItem(void*)</a> from tobject.o(t._ZN5TListIP11TConnectionE10deleteItemEPv) referenced from tobject.o(.constdata__ZTV12TConnectList)
 <LI><a href="#[c9]">TList&lang;TConnection*&rang;::deleteItem(void*)</a> from tobject.o(t._ZN5TListIP11TConnectionE10deleteItemEPv) referenced from tobject.o(.constdata__ZTV5TListIP11TConnectionE)
 <LI><a href="#[ca]">TList&lang;TConnection*&rang;::compareItems(TConnection*, TConnection*)</a> from tobject.o(t._ZN5TListIP11TConnectionE12compareItemsES1_S1_) referenced from tobject.o(.constdata__ZTV12TConnectList)
 <LI><a href="#[ca]">TList&lang;TConnection*&rang;::compareItems(TConnection*, TConnection*)</a> from tobject.o(t._ZN5TListIP11TConnectionE12compareItemsES1_S1_) referenced from tobject.o(.constdata__ZTV5TListIP11TConnectionE)
 <LI><a href="#[ed]">TList&lang;TConnection*&rang;::clear()</a> from tobject.o(t._ZN5TListIP11TConnectionE5clearEv) referenced from tobject.o(.constdata__ZTV5TListIP11TConnectionE)
 <LI><a href="#[ef]">TList&lang;TConnection*&rang;::~TList__deallocating()</a> from tobject.o(t._ZN5TListIP11TConnectionED0Ev) referenced from tobject.o(.constdata__ZTV5TListIP11TConnectionE)
 <LI><a href="#[ee]">TList&lang;TConnection*&rang;::~TList()</a> from tobject.o(t._ZN5TListIP11TConnectionED1Ev) referenced from tobject.o(.constdata__ZTV5TListIP11TConnectionE)
 <LI><a href="#[f3]">TList&lang;TObject*&rang;::deleteItem(void*)</a> from tconnection.o(t._ZN5TListIP7TObjectE10deleteItemEPv) referenced from tconnection.o(.constdata__ZTV5TListIP7TObjectE)
 <LI><a href="#[f3]">TList&lang;TObject*&rang;::deleteItem(void*)</a> from tconnection.o(t._ZN5TListIP7TObjectE10deleteItemEPv) referenced from tconnection.o(.constdata__ZTV8TObjList)
 <LI><a href="#[f4]">TList&lang;TObject*&rang;::compareItems(TObject*, TObject*)</a> from tconnection.o(t._ZN5TListIP7TObjectE12compareItemsES1_S1_) referenced from tconnection.o(.constdata__ZTV5TListIP7TObjectE)
 <LI><a href="#[f0]">TList&lang;TObject*&rang;::clear()</a> from tconnection.o(t._ZN5TListIP7TObjectE5clearEv) referenced from tconnection.o(.constdata__ZTV5TListIP7TObjectE)
 <LI><a href="#[f2]">TList&lang;TObject*&rang;::~TList__deallocating()</a> from tconnection.o(t._ZN5TListIP7TObjectED0Ev) referenced from tconnection.o(.constdata__ZTV5TListIP7TObjectE)
 <LI><a href="#[f1]">TList&lang;TObject*&rang;::~TList()</a> from tconnection.o(t._ZN5TListIP7TObjectED1Ev) referenced from tconnection.o(.constdata__ZTV5TListIP7TObjectE)
 <LI><a href="#[c5]">TList&lang;TWidget*&rang;::deleteItem(void*)</a> from twidget.o(t._ZN5TListIP7TWidgetE10deleteItemEPv) referenced from twidget.o(.constdata__ZTV11TWidgetList)
 <LI><a href="#[c5]">TList&lang;TWidget*&rang;::deleteItem(void*)</a> from twidget.o(t._ZN5TListIP7TWidgetE10deleteItemEPv) referenced from twidget.o(.constdata__ZTV5TListIP7TWidgetE)
 <LI><a href="#[c6]">TList&lang;TWidget*&rang;::compareItems(TWidget*, TWidget*)</a> from twidget.o(t._ZN5TListIP7TWidgetE12compareItemsES1_S1_) referenced from twidget.o(.constdata__ZTV11TWidgetList)
 <LI><a href="#[c6]">TList&lang;TWidget*&rang;::compareItems(TWidget*, TWidget*)</a> from twidget.o(t._ZN5TListIP7TWidgetE12compareItemsES1_S1_) referenced from twidget.o(.constdata__ZTV5TListIP7TWidgetE)
 <LI><a href="#[f5]">TList&lang;TWidget*&rang;::clear()</a> from twidget.o(t._ZN5TListIP7TWidgetE5clearEv) referenced from twidget.o(.constdata__ZTV5TListIP7TWidgetE)
 <LI><a href="#[f7]">TList&lang;TWidget*&rang;::~TList__deallocating()</a> from twidget.o(t._ZN5TListIP7TWidgetED0Ev) referenced from twidget.o(.constdata__ZTV5TListIP7TWidgetE)
 <LI><a href="#[f6]">TList&lang;TWidget*&rang;::~TList()</a> from twidget.o(t._ZN5TListIP7TWidgetED1Ev) referenced from twidget.o(.constdata__ZTV5TListIP7TWidgetE)
 <LI><a href="#[f9]">TArray::newData()</a> from tarray.o(i._ZN6TArray7newDataEv) referenced from tarray.o(.constdata__ZTV6TArray)
 <LI><a href="#[f9]">TArray::newData()</a> from tarray.o(i._ZN6TArray7newDataEv) referenced from tstring.o(.constdata__ZTV7TString)
 <LI><a href="#[f8]">TArray::~TArray()</a> from tarray.o(i._ZN6TArrayD1Ev) referenced from tarray.o(.constdata__ZTV6TArray)
 <LI><a href="#[fb]">TEvent::~TEvent__deallocating()</a> from tapplication.o(i._ZN6TEventD0Ev) referenced from tapplication.o(.constdata__ZTV6TEvent)
 <LI><a href="#[fa]">TEvent::~TEvent()</a> from tapplication.o(i._ZN6TEventD1Ev) referenced from tapplication.o(.constdata__ZTV6TEvent)
 <LI><a href="#[110]">TFrame::closeEvent(TCloseEvent*)</a> from tframe.o(i._ZN6TFrame10closeEventEP11TCloseEvent) referenced from tframe.o(.constdata__ZTV6TFrame)
 <LI><a href="#[110]">TFrame::closeEvent(TCloseEvent*)</a> from tframe.o(i._ZN6TFrame10closeEventEP11TCloseEvent) referenced from tlabel.o(.constdata__ZTV6TLabel)
 <LI><a href="#[10b]">TFrame::enterEvent(TEvent*)</a> from tframe.o(i._ZN6TFrame10enterEventEP6TEvent) referenced from tframe.o(.constdata__ZTV6TFrame)
 <LI><a href="#[10b]">TFrame::enterEvent(TEvent*)</a> from tframe.o(i._ZN6TFrame10enterEventEP6TEvent) referenced from tlabel.o(.constdata__ZTV6TLabel)
 <LI><a href="#[10c]">TFrame::leaveEvent(TEvent*)</a> from tframe.o(i._ZN6TFrame10leaveEventEP6TEvent) referenced from tframe.o(.constdata__ZTV6TFrame)
 <LI><a href="#[10c]">TFrame::leaveEvent(TEvent*)</a> from tframe.o(i._ZN6TFrame10leaveEventEP6TEvent) referenced from tlabel.o(.constdata__ZTV6TLabel)
 <LI><a href="#[10d]">TFrame::painTEvent(TPainTEvent*)</a> from tframe.o(i._ZN6TFrame10painTEventEP11TPainTEvent) referenced from tframe.o(.constdata__ZTV6TFrame)
 <LI><a href="#[10d]">TFrame::painTEvent(TPainTEvent*)</a> from tframe.o(i._ZN6TFrame10painTEventEP11TPainTEvent) referenced from tlabel.o(.constdata__ZTV6TLabel)
 <LI><a href="#[10f]">TFrame::resizeEvent(TResizeEvent*)</a> from tframe.o(i._ZN6TFrame11resizeEventEP12TResizeEvent) referenced from tframe.o(.constdata__ZTV6TFrame)
 <LI><a href="#[10f]">TFrame::resizeEvent(TResizeEvent*)</a> from tframe.o(i._ZN6TFrame11resizeEventEP12TResizeEvent) referenced from tlabel.o(.constdata__ZTV6TLabel)
 <LI><a href="#[109]">TFrame::focusInEvent(TFocusEvent*)</a> from tframe.o(i._ZN6TFrame12focusInEventEP11TFocusEvent) referenced from tframe.o(.constdata__ZTV6TFrame)
 <LI><a href="#[109]">TFrame::focusInEvent(TFocusEvent*)</a> from tframe.o(i._ZN6TFrame12focusInEventEP11TFocusEvent) referenced from tlabel.o(.constdata__ZTV6TLabel)
 <LI><a href="#[10a]">TFrame::focusOuTEvent(TFocusEvent*)</a> from tframe.o(i._ZN6TFrame13focusOuTEventEP11TFocusEvent) referenced from tframe.o(.constdata__ZTV6TFrame)
 <LI><a href="#[10a]">TFrame::focusOuTEvent(TFocusEvent*)</a> from tframe.o(i._ZN6TFrame13focusOuTEventEP11TFocusEvent) referenced from tlabel.o(.constdata__ZTV6TLabel)
 <LI><a href="#[107]">TFrame::keyPressEvent(TKeyEvent*)</a> from tframe.o(i._ZN6TFrame13keyPressEventEP9TKeyEvent) referenced from tframe.o(.constdata__ZTV6TFrame)
 <LI><a href="#[107]">TFrame::keyPressEvent(TKeyEvent*)</a> from tframe.o(i._ZN6TFrame13keyPressEventEP9TKeyEvent) referenced from tlabel.o(.constdata__ZTV6TLabel)
 <LI><a href="#[106]">TFrame::mouseMoveEvent(TMouseEvent*)</a> from tframe.o(i._ZN6TFrame14mouseMoveEventEP11TMouseEvent) referenced from tframe.o(.constdata__ZTV6TFrame)
 <LI><a href="#[106]">TFrame::mouseMoveEvent(TMouseEvent*)</a> from tframe.o(i._ZN6TFrame14mouseMoveEventEP11TMouseEvent) referenced from tlabel.o(.constdata__ZTV6TLabel)
 <LI><a href="#[101]">TFrame::touchMoveEvent(TTouchEvent*)</a> from tframe.o(i._ZN6TFrame14touchMoveEventEP11TTouchEvent) referenced from tframe.o(.constdata__ZTV6TFrame)
 <LI><a href="#[101]">TFrame::touchMoveEvent(TTouchEvent*)</a> from tframe.o(i._ZN6TFrame14touchMoveEventEP11TTouchEvent) referenced from tlabel.o(.constdata__ZTV6TLabel)
 <LI><a href="#[108]">TFrame::keyReleaseEvent(TKeyEvent*)</a> from tframe.o(i._ZN6TFrame15keyReleaseEventEP9TKeyEvent) referenced from tframe.o(.constdata__ZTV6TFrame)
 <LI><a href="#[108]">TFrame::keyReleaseEvent(TKeyEvent*)</a> from tframe.o(i._ZN6TFrame15keyReleaseEventEP9TKeyEvent) referenced from tlabel.o(.constdata__ZTV6TLabel)
 <LI><a href="#[105]">TFrame::mouseClickEvent(TMouseEvent*)</a> from tframe.o(i._ZN6TFrame15mouseClickEventEP11TMouseEvent) referenced from tframe.o(.constdata__ZTV6TFrame)
 <LI><a href="#[105]">TFrame::mouseClickEvent(TMouseEvent*)</a> from tframe.o(i._ZN6TFrame15mouseClickEventEP11TMouseEvent) referenced from tlabel.o(.constdata__ZTV6TLabel)
 <LI><a href="#[102]">TFrame::mousePressEvent(TMouseEvent*)</a> from tframe.o(i._ZN6TFrame15mousePressEventEP11TMouseEvent) referenced from tframe.o(.constdata__ZTV6TFrame)
 <LI><a href="#[102]">TFrame::mousePressEvent(TMouseEvent*)</a> from tframe.o(i._ZN6TFrame15mousePressEventEP11TMouseEvent) referenced from tlabel.o(.constdata__ZTV6TLabel)
 <LI><a href="#[100]">TFrame::touchClickEvent(TTouchEvent*)</a> from tframe.o(i._ZN6TFrame15touchClickEventEP11TTouchEvent) referenced from tframe.o(.constdata__ZTV6TFrame)
 <LI><a href="#[100]">TFrame::touchClickEvent(TTouchEvent*)</a> from tframe.o(i._ZN6TFrame15touchClickEventEP11TTouchEvent) referenced from tlabel.o(.constdata__ZTV6TLabel)
 <LI><a href="#[fe]">TFrame::touchPressEvent(TTouchEvent*)</a> from tframe.o(i._ZN6TFrame15touchPressEventEP11TTouchEvent) referenced from tframe.o(.constdata__ZTV6TFrame)
 <LI><a href="#[fe]">TFrame::touchPressEvent(TTouchEvent*)</a> from tframe.o(i._ZN6TFrame15touchPressEventEP11TTouchEvent) referenced from tlabel.o(.constdata__ZTV6TLabel)
 <LI><a href="#[103]">TFrame::mouseReleaseEvent(TMouseEvent*)</a> from tframe.o(i._ZN6TFrame17mouseReleaseEventEP11TMouseEvent) referenced from tframe.o(.constdata__ZTV6TFrame)
 <LI><a href="#[103]">TFrame::mouseReleaseEvent(TMouseEvent*)</a> from tframe.o(i._ZN6TFrame17mouseReleaseEventEP11TMouseEvent) referenced from tlabel.o(.constdata__ZTV6TLabel)
 <LI><a href="#[ff]">TFrame::touchReleaseEvent(TTouchEvent*)</a> from tframe.o(i._ZN6TFrame17touchReleaseEventEP11TTouchEvent) referenced from tframe.o(.constdata__ZTV6TFrame)
 <LI><a href="#[ff]">TFrame::touchReleaseEvent(TTouchEvent*)</a> from tframe.o(i._ZN6TFrame17touchReleaseEventEP11TTouchEvent) referenced from tlabel.o(.constdata__ZTV6TLabel)
 <LI><a href="#[104]">TFrame::mouseDoubleClickEvent(TMouseEvent*)</a> from tframe.o(i._ZN6TFrame21mouseDoubleClickEventEP11TMouseEvent) referenced from tframe.o(.constdata__ZTV6TFrame)
 <LI><a href="#[104]">TFrame::mouseDoubleClickEvent(TMouseEvent*)</a> from tframe.o(i._ZN6TFrame21mouseDoubleClickEventEP11TMouseEvent) referenced from tlabel.o(.constdata__ZTV6TLabel)
 <LI><a href="#[10e]">TFrame::moveEvent(TMoveEvent*)</a> from tframe.o(i._ZN6TFrame9moveEventEP10TMoveEvent) referenced from tframe.o(.constdata__ZTV6TFrame)
 <LI><a href="#[10e]">TFrame::moveEvent(TMoveEvent*)</a> from tframe.o(i._ZN6TFrame9moveEventEP10TMoveEvent) referenced from tlabel.o(.constdata__ZTV6TLabel)
 <LI><a href="#[fd]">TFrame::~TFrame__deallocating()</a> from tframe.o(i._ZN6TFrameD0Ev) referenced from tframe.o(.constdata__ZTV6TFrame)
 <LI><a href="#[fc]">TFrame::~TFrame__sub_object()</a> from tframe.o(i._ZN6TFrameD2Ev) referenced from tframe.o(.constdata__ZTV6TFrame)
 <LI><a href="#[113]">TLabel::show()</a> from tlabel.o(i._ZN6TLabel4showEv) referenced from tlabel.o(.constdata__ZTV6TLabel)
 <LI><a href="#[112]">TLabel::~TLabel__deallocating()</a> from tlabel.o(i._ZN6TLabelD0Ev) referenced from tlabel.o(.constdata__ZTV6TLabel)
 <LI><a href="#[111]">TLabel::~TLabel()</a> from tlabel.o(i._ZN6TLabelD1Ev) referenced from tlabel.o(.constdata__ZTV6TLabel)
 <LI><a href="#[99]">Desktop::closeSetup()</a> from desktop.o(i._ZN7Desktop10closeSetupEv) referenced from desktop.o(.constdata)
 <LI><a href="#[96]">Desktop::openCalculate()</a> from desktop.o(i._ZN7Desktop13openCalculateEv) referenced from desktop.o(.constdata)
 <LI><a href="#[116]">Desktop::show()</a> from desktop.o(i._ZN7Desktop4showEv) referenced from desktop.o(.constdata__ZTV7Desktop)
 <LI><a href="#[94]">Desktop::openDate()</a> from desktop.o(i._ZN7Desktop8openDateEv) referenced from desktop.o(.constdata)
 <LI><a href="#[98]">Desktop::openGame()</a> from desktop.o(i._ZN7Desktop8openGameEv) referenced from desktop.o(.constdata)
 <LI><a href="#[97]">Desktop::openPhoto()</a> from desktop.o(i._ZN7Desktop9openPhotoEv) referenced from desktop.o(.constdata)
 <LI><a href="#[95]">Desktop::openSetup()</a> from desktop.o(i._ZN7Desktop9openSetupEv) referenced from desktop.o(.constdata)
 <LI><a href="#[93]">Desktop::openTimer()</a> from desktop.o(i._ZN7Desktop9openTimerEv) referenced from desktop.o(.constdata)
 <LI><a href="#[115]">Desktop::~Desktop__deallocating()</a> from desktop.o(i._ZN7DesktopD0Ev) referenced from desktop.o(.constdata__ZTV7Desktop)
 <LI><a href="#[114]">Desktop::~Desktop()</a> from desktop.o(i._ZN7DesktopD1Ev) referenced from desktop.o(.constdata__ZTV7Desktop)
 <LI><a href="#[e4]">TDialog::closeEvent(TCloseEvent*)</a> from tdialog.o(i._ZN7TDialog10closeEventEP11TCloseEvent) referenced from usercalendar.o(.constdata__ZTV12UserCalendar)
 <LI><a href="#[e4]">TDialog::closeEvent(TCloseEvent*)</a> from tdialog.o(i._ZN7TDialog10closeEventEP11TCloseEvent) referenced from usercalculate.o(.constdata__ZTV13UserCalculate)
 <LI><a href="#[e4]">TDialog::closeEvent(TCloseEvent*)</a> from tdialog.o(i._ZN7TDialog10closeEventEP11TCloseEvent) referenced from tdialog.o(.constdata__ZTV7TDialog)
 <LI><a href="#[e4]">TDialog::closeEvent(TCloseEvent*)</a> from tdialog.o(i._ZN7TDialog10closeEventEP11TCloseEvent) referenced from usertime.o(.constdata__ZTV8UserTime)
 <LI><a href="#[df]">TDialog::enterEvent(TEvent*)</a> from tdialog.o(i._ZN7TDialog10enterEventEP6TEvent) referenced from usercalendar.o(.constdata__ZTV12UserCalendar)
 <LI><a href="#[df]">TDialog::enterEvent(TEvent*)</a> from tdialog.o(i._ZN7TDialog10enterEventEP6TEvent) referenced from usercalculate.o(.constdata__ZTV13UserCalculate)
 <LI><a href="#[df]">TDialog::enterEvent(TEvent*)</a> from tdialog.o(i._ZN7TDialog10enterEventEP6TEvent) referenced from tdialog.o(.constdata__ZTV7TDialog)
 <LI><a href="#[df]">TDialog::enterEvent(TEvent*)</a> from tdialog.o(i._ZN7TDialog10enterEventEP6TEvent) referenced from usertime.o(.constdata__ZTV8UserTime)
 <LI><a href="#[e0]">TDialog::leaveEvent(TEvent*)</a> from tdialog.o(i._ZN7TDialog10leaveEventEP6TEvent) referenced from usercalendar.o(.constdata__ZTV12UserCalendar)
 <LI><a href="#[e0]">TDialog::leaveEvent(TEvent*)</a> from tdialog.o(i._ZN7TDialog10leaveEventEP6TEvent) referenced from usercalculate.o(.constdata__ZTV13UserCalculate)
 <LI><a href="#[e0]">TDialog::leaveEvent(TEvent*)</a> from tdialog.o(i._ZN7TDialog10leaveEventEP6TEvent) referenced from tdialog.o(.constdata__ZTV7TDialog)
 <LI><a href="#[e0]">TDialog::leaveEvent(TEvent*)</a> from tdialog.o(i._ZN7TDialog10leaveEventEP6TEvent) referenced from usertime.o(.constdata__ZTV8UserTime)
 <LI><a href="#[e1]">TDialog::painTEvent(TPainTEvent*)</a> from tdialog.o(i._ZN7TDialog10painTEventEP11TPainTEvent) referenced from usercalendar.o(.constdata__ZTV12UserCalendar)
 <LI><a href="#[e1]">TDialog::painTEvent(TPainTEvent*)</a> from tdialog.o(i._ZN7TDialog10painTEventEP11TPainTEvent) referenced from usercalculate.o(.constdata__ZTV13UserCalculate)
 <LI><a href="#[e1]">TDialog::painTEvent(TPainTEvent*)</a> from tdialog.o(i._ZN7TDialog10painTEventEP11TPainTEvent) referenced from tdialog.o(.constdata__ZTV7TDialog)
 <LI><a href="#[e1]">TDialog::painTEvent(TPainTEvent*)</a> from tdialog.o(i._ZN7TDialog10painTEventEP11TPainTEvent) referenced from usertime.o(.constdata__ZTV8UserTime)
 <LI><a href="#[e3]">TDialog::resizeEvent(TResizeEvent*)</a> from tdialog.o(i._ZN7TDialog11resizeEventEP12TResizeEvent) referenced from usercalendar.o(.constdata__ZTV12UserCalendar)
 <LI><a href="#[e3]">TDialog::resizeEvent(TResizeEvent*)</a> from tdialog.o(i._ZN7TDialog11resizeEventEP12TResizeEvent) referenced from usercalculate.o(.constdata__ZTV13UserCalculate)
 <LI><a href="#[e3]">TDialog::resizeEvent(TResizeEvent*)</a> from tdialog.o(i._ZN7TDialog11resizeEventEP12TResizeEvent) referenced from tdialog.o(.constdata__ZTV7TDialog)
 <LI><a href="#[e3]">TDialog::resizeEvent(TResizeEvent*)</a> from tdialog.o(i._ZN7TDialog11resizeEventEP12TResizeEvent) referenced from usertime.o(.constdata__ZTV8UserTime)
 <LI><a href="#[dd]">TDialog::focusInEvent(TFocusEvent*)</a> from tdialog.o(i._ZN7TDialog12focusInEventEP11TFocusEvent) referenced from usercalendar.o(.constdata__ZTV12UserCalendar)
 <LI><a href="#[dd]">TDialog::focusInEvent(TFocusEvent*)</a> from tdialog.o(i._ZN7TDialog12focusInEventEP11TFocusEvent) referenced from usercalculate.o(.constdata__ZTV13UserCalculate)
 <LI><a href="#[dd]">TDialog::focusInEvent(TFocusEvent*)</a> from tdialog.o(i._ZN7TDialog12focusInEventEP11TFocusEvent) referenced from tdialog.o(.constdata__ZTV7TDialog)
 <LI><a href="#[dd]">TDialog::focusInEvent(TFocusEvent*)</a> from tdialog.o(i._ZN7TDialog12focusInEventEP11TFocusEvent) referenced from usertime.o(.constdata__ZTV8UserTime)
 <LI><a href="#[de]">TDialog::focusOuTEvent(TFocusEvent*)</a> from tdialog.o(i._ZN7TDialog13focusOuTEventEP11TFocusEvent) referenced from usercalendar.o(.constdata__ZTV12UserCalendar)
 <LI><a href="#[de]">TDialog::focusOuTEvent(TFocusEvent*)</a> from tdialog.o(i._ZN7TDialog13focusOuTEventEP11TFocusEvent) referenced from usercalculate.o(.constdata__ZTV13UserCalculate)
 <LI><a href="#[de]">TDialog::focusOuTEvent(TFocusEvent*)</a> from tdialog.o(i._ZN7TDialog13focusOuTEventEP11TFocusEvent) referenced from tdialog.o(.constdata__ZTV7TDialog)
 <LI><a href="#[de]">TDialog::focusOuTEvent(TFocusEvent*)</a> from tdialog.o(i._ZN7TDialog13focusOuTEventEP11TFocusEvent) referenced from usertime.o(.constdata__ZTV8UserTime)
 <LI><a href="#[db]">TDialog::keyPressEvent(TKeyEvent*)</a> from tdialog.o(i._ZN7TDialog13keyPressEventEP9TKeyEvent) referenced from usercalendar.o(.constdata__ZTV12UserCalendar)
 <LI><a href="#[db]">TDialog::keyPressEvent(TKeyEvent*)</a> from tdialog.o(i._ZN7TDialog13keyPressEventEP9TKeyEvent) referenced from usercalculate.o(.constdata__ZTV13UserCalculate)
 <LI><a href="#[db]">TDialog::keyPressEvent(TKeyEvent*)</a> from tdialog.o(i._ZN7TDialog13keyPressEventEP9TKeyEvent) referenced from tdialog.o(.constdata__ZTV7TDialog)
 <LI><a href="#[db]">TDialog::keyPressEvent(TKeyEvent*)</a> from tdialog.o(i._ZN7TDialog13keyPressEventEP9TKeyEvent) referenced from usertime.o(.constdata__ZTV8UserTime)
 <LI><a href="#[da]">TDialog::mouseMoveEvent(TMouseEvent*)</a> from tdialog.o(i._ZN7TDialog14mouseMoveEventEP11TMouseEvent) referenced from usercalendar.o(.constdata__ZTV12UserCalendar)
 <LI><a href="#[da]">TDialog::mouseMoveEvent(TMouseEvent*)</a> from tdialog.o(i._ZN7TDialog14mouseMoveEventEP11TMouseEvent) referenced from usercalculate.o(.constdata__ZTV13UserCalculate)
 <LI><a href="#[da]">TDialog::mouseMoveEvent(TMouseEvent*)</a> from tdialog.o(i._ZN7TDialog14mouseMoveEventEP11TMouseEvent) referenced from tdialog.o(.constdata__ZTV7TDialog)
 <LI><a href="#[da]">TDialog::mouseMoveEvent(TMouseEvent*)</a> from tdialog.o(i._ZN7TDialog14mouseMoveEventEP11TMouseEvent) referenced from usertime.o(.constdata__ZTV8UserTime)
 <LI><a href="#[d5]">TDialog::touchMoveEvent(TTouchEvent*)</a> from tdialog.o(i._ZN7TDialog14touchMoveEventEP11TTouchEvent) referenced from usercalendar.o(.constdata__ZTV12UserCalendar)
 <LI><a href="#[d5]">TDialog::touchMoveEvent(TTouchEvent*)</a> from tdialog.o(i._ZN7TDialog14touchMoveEventEP11TTouchEvent) referenced from usercalculate.o(.constdata__ZTV13UserCalculate)
 <LI><a href="#[d5]">TDialog::touchMoveEvent(TTouchEvent*)</a> from tdialog.o(i._ZN7TDialog14touchMoveEventEP11TTouchEvent) referenced from tdialog.o(.constdata__ZTV7TDialog)
 <LI><a href="#[d5]">TDialog::touchMoveEvent(TTouchEvent*)</a> from tdialog.o(i._ZN7TDialog14touchMoveEventEP11TTouchEvent) referenced from usertime.o(.constdata__ZTV8UserTime)
 <LI><a href="#[dc]">TDialog::keyReleaseEvent(TKeyEvent*)</a> from tdialog.o(i._ZN7TDialog15keyReleaseEventEP9TKeyEvent) referenced from usercalendar.o(.constdata__ZTV12UserCalendar)
 <LI><a href="#[dc]">TDialog::keyReleaseEvent(TKeyEvent*)</a> from tdialog.o(i._ZN7TDialog15keyReleaseEventEP9TKeyEvent) referenced from usercalculate.o(.constdata__ZTV13UserCalculate)
 <LI><a href="#[dc]">TDialog::keyReleaseEvent(TKeyEvent*)</a> from tdialog.o(i._ZN7TDialog15keyReleaseEventEP9TKeyEvent) referenced from tdialog.o(.constdata__ZTV7TDialog)
 <LI><a href="#[dc]">TDialog::keyReleaseEvent(TKeyEvent*)</a> from tdialog.o(i._ZN7TDialog15keyReleaseEventEP9TKeyEvent) referenced from usertime.o(.constdata__ZTV8UserTime)
 <LI><a href="#[d9]">TDialog::mouseClickEvent(TMouseEvent*)</a> from tdialog.o(i._ZN7TDialog15mouseClickEventEP11TMouseEvent) referenced from usercalendar.o(.constdata__ZTV12UserCalendar)
 <LI><a href="#[d9]">TDialog::mouseClickEvent(TMouseEvent*)</a> from tdialog.o(i._ZN7TDialog15mouseClickEventEP11TMouseEvent) referenced from usercalculate.o(.constdata__ZTV13UserCalculate)
 <LI><a href="#[d9]">TDialog::mouseClickEvent(TMouseEvent*)</a> from tdialog.o(i._ZN7TDialog15mouseClickEventEP11TMouseEvent) referenced from tdialog.o(.constdata__ZTV7TDialog)
 <LI><a href="#[d9]">TDialog::mouseClickEvent(TMouseEvent*)</a> from tdialog.o(i._ZN7TDialog15mouseClickEventEP11TMouseEvent) referenced from usertime.o(.constdata__ZTV8UserTime)
 <LI><a href="#[d6]">TDialog::mousePressEvent(TMouseEvent*)</a> from tdialog.o(i._ZN7TDialog15mousePressEventEP11TMouseEvent) referenced from usercalendar.o(.constdata__ZTV12UserCalendar)
 <LI><a href="#[d6]">TDialog::mousePressEvent(TMouseEvent*)</a> from tdialog.o(i._ZN7TDialog15mousePressEventEP11TMouseEvent) referenced from usercalculate.o(.constdata__ZTV13UserCalculate)
 <LI><a href="#[d6]">TDialog::mousePressEvent(TMouseEvent*)</a> from tdialog.o(i._ZN7TDialog15mousePressEventEP11TMouseEvent) referenced from tdialog.o(.constdata__ZTV7TDialog)
 <LI><a href="#[d6]">TDialog::mousePressEvent(TMouseEvent*)</a> from tdialog.o(i._ZN7TDialog15mousePressEventEP11TMouseEvent) referenced from usertime.o(.constdata__ZTV8UserTime)
 <LI><a href="#[d4]">TDialog::touchClickEvent(TTouchEvent*)</a> from tdialog.o(i._ZN7TDialog15touchClickEventEP11TTouchEvent) referenced from usercalendar.o(.constdata__ZTV12UserCalendar)
 <LI><a href="#[d4]">TDialog::touchClickEvent(TTouchEvent*)</a> from tdialog.o(i._ZN7TDialog15touchClickEventEP11TTouchEvent) referenced from usercalculate.o(.constdata__ZTV13UserCalculate)
 <LI><a href="#[d4]">TDialog::touchClickEvent(TTouchEvent*)</a> from tdialog.o(i._ZN7TDialog15touchClickEventEP11TTouchEvent) referenced from tdialog.o(.constdata__ZTV7TDialog)
 <LI><a href="#[d4]">TDialog::touchClickEvent(TTouchEvent*)</a> from tdialog.o(i._ZN7TDialog15touchClickEventEP11TTouchEvent) referenced from usertime.o(.constdata__ZTV8UserTime)
 <LI><a href="#[d2]">TDialog::touchPressEvent(TTouchEvent*)</a> from tdialog.o(i._ZN7TDialog15touchPressEventEP11TTouchEvent) referenced from usercalendar.o(.constdata__ZTV12UserCalendar)
 <LI><a href="#[d2]">TDialog::touchPressEvent(TTouchEvent*)</a> from tdialog.o(i._ZN7TDialog15touchPressEventEP11TTouchEvent) referenced from usercalculate.o(.constdata__ZTV13UserCalculate)
 <LI><a href="#[d2]">TDialog::touchPressEvent(TTouchEvent*)</a> from tdialog.o(i._ZN7TDialog15touchPressEventEP11TTouchEvent) referenced from tdialog.o(.constdata__ZTV7TDialog)
 <LI><a href="#[d2]">TDialog::touchPressEvent(TTouchEvent*)</a> from tdialog.o(i._ZN7TDialog15touchPressEventEP11TTouchEvent) referenced from usertime.o(.constdata__ZTV8UserTime)
 <LI><a href="#[d7]">TDialog::mouseReleaseEvent(TMouseEvent*)</a> from tdialog.o(i._ZN7TDialog17mouseReleaseEventEP11TMouseEvent) referenced from usercalendar.o(.constdata__ZTV12UserCalendar)
 <LI><a href="#[d7]">TDialog::mouseReleaseEvent(TMouseEvent*)</a> from tdialog.o(i._ZN7TDialog17mouseReleaseEventEP11TMouseEvent) referenced from usercalculate.o(.constdata__ZTV13UserCalculate)
 <LI><a href="#[d7]">TDialog::mouseReleaseEvent(TMouseEvent*)</a> from tdialog.o(i._ZN7TDialog17mouseReleaseEventEP11TMouseEvent) referenced from tdialog.o(.constdata__ZTV7TDialog)
 <LI><a href="#[d7]">TDialog::mouseReleaseEvent(TMouseEvent*)</a> from tdialog.o(i._ZN7TDialog17mouseReleaseEventEP11TMouseEvent) referenced from usertime.o(.constdata__ZTV8UserTime)
 <LI><a href="#[d3]">TDialog::touchReleaseEvent(TTouchEvent*)</a> from tdialog.o(i._ZN7TDialog17touchReleaseEventEP11TTouchEvent) referenced from usercalendar.o(.constdata__ZTV12UserCalendar)
 <LI><a href="#[d3]">TDialog::touchReleaseEvent(TTouchEvent*)</a> from tdialog.o(i._ZN7TDialog17touchReleaseEventEP11TTouchEvent) referenced from usercalculate.o(.constdata__ZTV13UserCalculate)
 <LI><a href="#[d3]">TDialog::touchReleaseEvent(TTouchEvent*)</a> from tdialog.o(i._ZN7TDialog17touchReleaseEventEP11TTouchEvent) referenced from tdialog.o(.constdata__ZTV7TDialog)
 <LI><a href="#[d3]">TDialog::touchReleaseEvent(TTouchEvent*)</a> from tdialog.o(i._ZN7TDialog17touchReleaseEventEP11TTouchEvent) referenced from usertime.o(.constdata__ZTV8UserTime)
 <LI><a href="#[d8]">TDialog::mouseDoubleClickEvent(TMouseEvent*)</a> from tdialog.o(i._ZN7TDialog21mouseDoubleClickEventEP11TMouseEvent) referenced from usercalendar.o(.constdata__ZTV12UserCalendar)
 <LI><a href="#[d8]">TDialog::mouseDoubleClickEvent(TMouseEvent*)</a> from tdialog.o(i._ZN7TDialog21mouseDoubleClickEventEP11TMouseEvent) referenced from usercalculate.o(.constdata__ZTV13UserCalculate)
 <LI><a href="#[d8]">TDialog::mouseDoubleClickEvent(TMouseEvent*)</a> from tdialog.o(i._ZN7TDialog21mouseDoubleClickEventEP11TMouseEvent) referenced from tdialog.o(.constdata__ZTV7TDialog)
 <LI><a href="#[d8]">TDialog::mouseDoubleClickEvent(TMouseEvent*)</a> from tdialog.o(i._ZN7TDialog21mouseDoubleClickEventEP11TMouseEvent) referenced from usertime.o(.constdata__ZTV8UserTime)
 <LI><a href="#[12c]">TDialog::show()</a> from tdialog.o(i._ZN7TDialog4showEv) referenced from tdialog.o(.constdata__ZTV7TDialog)
 <LI><a href="#[e2]">TDialog::moveEvent(TMoveEvent*)</a> from tdialog.o(i._ZN7TDialog9moveEventEP10TMoveEvent) referenced from usercalendar.o(.constdata__ZTV12UserCalendar)
 <LI><a href="#[e2]">TDialog::moveEvent(TMoveEvent*)</a> from tdialog.o(i._ZN7TDialog9moveEventEP10TMoveEvent) referenced from usercalculate.o(.constdata__ZTV13UserCalculate)
 <LI><a href="#[e2]">TDialog::moveEvent(TMoveEvent*)</a> from tdialog.o(i._ZN7TDialog9moveEventEP10TMoveEvent) referenced from tdialog.o(.constdata__ZTV7TDialog)
 <LI><a href="#[e2]">TDialog::moveEvent(TMoveEvent*)</a> from tdialog.o(i._ZN7TDialog9moveEventEP10TMoveEvent) referenced from usertime.o(.constdata__ZTV8UserTime)
 <LI><a href="#[12b]">TDialog::~TDialog__deallocating()</a> from tdialog.o(i._ZN7TDialogD0Ev) referenced from tdialog.o(.constdata__ZTV7TDialog)
 <LI><a href="#[12a]">TDialog::~TDialog()</a> from tdialog.o(i._ZN7TDialogD1Ev) referenced from tdialog.o(.constdata__ZTV7TDialog)
 <LI><a href="#[12e]">TObject::~TObject__deallocating()</a> from tobject.o(i._ZN7TObjectD0Ev) referenced from tobject.o(.constdata__ZTV7TObject)
 <LI><a href="#[12d]">TObject::~TObject__sub_object()</a> from tobject.o(i._ZN7TObjectD2Ev) referenced from tobject.o(.constdata__ZTV7TObject)
 <LI><a href="#[130]">TString::~TString__deallocating()</a> from tstring.o(i._ZN7TStringD0Ev) referenced from tstring.o(.constdata__ZTV7TString)
 <LI><a href="#[12f]">TString::~TString()</a> from tstring.o(i._ZN7TStringD1Ev) referenced from tstring.o(.constdata__ZTV7TString)
 <LI><a href="#[133]">TWidget::closeEvent(TCloseEvent*)</a> from twidget.o(i._ZN7TWidget10closeEventEP11TCloseEvent) referenced from twidget.o(.constdata__ZTV7TWidget)
 <LI><a href="#[133]">TWidget::closeEvent(TCloseEvent*)</a> from twidget.o(i._ZN7TWidget10closeEventEP11TCloseEvent) referenced from timagebox.o(.constdata__ZTV9TImageBox)
 <LI><a href="#[124]">TWidget::enterEvent(TEvent*)</a> from twidget.o(i._ZN7TWidget10enterEventEP6TEvent) referenced from desktop.o(.constdata__ZTV7Desktop)
 <LI><a href="#[124]">TWidget::enterEvent(TEvent*)</a> from twidget.o(i._ZN7TWidget10enterEventEP6TEvent) referenced from twidget.o(.constdata__ZTV7TWidget)
 <LI><a href="#[124]">TWidget::enterEvent(TEvent*)</a> from twidget.o(i._ZN7TWidget10enterEventEP6TEvent) referenced from twindow.o(.constdata__ZTV7TWindow)
 <LI><a href="#[124]">TWidget::enterEvent(TEvent*)</a> from twidget.o(i._ZN7TWidget10enterEventEP6TEvent) referenced from usergame.o(.constdata__ZTV8UserGame)
 <LI><a href="#[124]">TWidget::enterEvent(TEvent*)</a> from twidget.o(i._ZN7TWidget10enterEventEP6TEvent) referenced from timagebox.o(.constdata__ZTV9TImageBox)
 <LI><a href="#[124]">TWidget::enterEvent(TEvent*)</a> from twidget.o(i._ZN7TWidget10enterEventEP6TEvent) referenced from userphoto.o(.constdata__ZTV9UserPhoto)
 <LI><a href="#[125]">TWidget::leaveEvent(TEvent*)</a> from twidget.o(i._ZN7TWidget10leaveEventEP6TEvent) referenced from desktop.o(.constdata__ZTV7Desktop)
 <LI><a href="#[125]">TWidget::leaveEvent(TEvent*)</a> from twidget.o(i._ZN7TWidget10leaveEventEP6TEvent) referenced from twidget.o(.constdata__ZTV7TWidget)
 <LI><a href="#[125]">TWidget::leaveEvent(TEvent*)</a> from twidget.o(i._ZN7TWidget10leaveEventEP6TEvent) referenced from twindow.o(.constdata__ZTV7TWindow)
 <LI><a href="#[125]">TWidget::leaveEvent(TEvent*)</a> from twidget.o(i._ZN7TWidget10leaveEventEP6TEvent) referenced from usergame.o(.constdata__ZTV8UserGame)
 <LI><a href="#[125]">TWidget::leaveEvent(TEvent*)</a> from twidget.o(i._ZN7TWidget10leaveEventEP6TEvent) referenced from timagebox.o(.constdata__ZTV9TImageBox)
 <LI><a href="#[125]">TWidget::leaveEvent(TEvent*)</a> from twidget.o(i._ZN7TWidget10leaveEventEP6TEvent) referenced from userphoto.o(.constdata__ZTV9UserPhoto)
 <LI><a href="#[126]">TWidget::painTEvent(TPainTEvent*)</a> from twidget.o(i._ZN7TWidget10painTEventEP11TPainTEvent) referenced from desktop.o(.constdata__ZTV7Desktop)
 <LI><a href="#[126]">TWidget::painTEvent(TPainTEvent*)</a> from twidget.o(i._ZN7TWidget10painTEventEP11TPainTEvent) referenced from twidget.o(.constdata__ZTV7TWidget)
 <LI><a href="#[126]">TWidget::painTEvent(TPainTEvent*)</a> from twidget.o(i._ZN7TWidget10painTEventEP11TPainTEvent) referenced from twindow.o(.constdata__ZTV7TWindow)
 <LI><a href="#[126]">TWidget::painTEvent(TPainTEvent*)</a> from twidget.o(i._ZN7TWidget10painTEventEP11TPainTEvent) referenced from usergame.o(.constdata__ZTV8UserGame)
 <LI><a href="#[126]">TWidget::painTEvent(TPainTEvent*)</a> from twidget.o(i._ZN7TWidget10painTEventEP11TPainTEvent) referenced from timagebox.o(.constdata__ZTV9TImageBox)
 <LI><a href="#[126]">TWidget::painTEvent(TPainTEvent*)</a> from twidget.o(i._ZN7TWidget10painTEventEP11TPainTEvent) referenced from userphoto.o(.constdata__ZTV9UserPhoto)
 <LI><a href="#[a3]">TWidget::eventFilter(TEvent*)</a> from twidget.o(i._ZN7TWidget11eventFilterEP6TEvent) referenced from ticonbutton.o(.constdata__ZTV11TIconButton)
 <LI><a href="#[a3]">TWidget::eventFilter(TEvent*)</a> from twidget.o(i._ZN7TWidget11eventFilterEP6TEvent) referenced from tpushbutton.o(.constdata__ZTV11TPushButton)
 <LI><a href="#[a3]">TWidget::eventFilter(TEvent*)</a> from twidget.o(i._ZN7TWidget11eventFilterEP6TEvent) referenced from usercalendar.o(.constdata__ZTV12UserCalendar)
 <LI><a href="#[a3]">TWidget::eventFilter(TEvent*)</a> from twidget.o(i._ZN7TWidget11eventFilterEP6TEvent) referenced from usercalculate.o(.constdata__ZTV13UserCalculate)
 <LI><a href="#[a3]">TWidget::eventFilter(TEvent*)</a> from twidget.o(i._ZN7TWidget11eventFilterEP6TEvent) referenced from tabstractbutton.o(.constdata__ZTV15TAbstractButton)
 <LI><a href="#[a3]">TWidget::eventFilter(TEvent*)</a> from twidget.o(i._ZN7TWidget11eventFilterEP6TEvent) referenced from tframe.o(.constdata__ZTV6TFrame)
 <LI><a href="#[a3]">TWidget::eventFilter(TEvent*)</a> from twidget.o(i._ZN7TWidget11eventFilterEP6TEvent) referenced from tlabel.o(.constdata__ZTV6TLabel)
 <LI><a href="#[a3]">TWidget::eventFilter(TEvent*)</a> from twidget.o(i._ZN7TWidget11eventFilterEP6TEvent) referenced from desktop.o(.constdata__ZTV7Desktop)
 <LI><a href="#[a3]">TWidget::eventFilter(TEvent*)</a> from twidget.o(i._ZN7TWidget11eventFilterEP6TEvent) referenced from tdialog.o(.constdata__ZTV7TDialog)
 <LI><a href="#[a3]">TWidget::eventFilter(TEvent*)</a> from twidget.o(i._ZN7TWidget11eventFilterEP6TEvent) referenced from twidget.o(.constdata__ZTV7TWidget)
 <LI><a href="#[a3]">TWidget::eventFilter(TEvent*)</a> from twidget.o(i._ZN7TWidget11eventFilterEP6TEvent) referenced from twindow.o(.constdata__ZTV7TWindow)
 <LI><a href="#[a3]">TWidget::eventFilter(TEvent*)</a> from twidget.o(i._ZN7TWidget11eventFilterEP6TEvent) referenced from usergame.o(.constdata__ZTV8UserGame)
 <LI><a href="#[a3]">TWidget::eventFilter(TEvent*)</a> from twidget.o(i._ZN7TWidget11eventFilterEP6TEvent) referenced from usertime.o(.constdata__ZTV8UserTime)
 <LI><a href="#[a3]">TWidget::eventFilter(TEvent*)</a> from twidget.o(i._ZN7TWidget11eventFilterEP6TEvent) referenced from timagebox.o(.constdata__ZTV9TImageBox)
 <LI><a href="#[a3]">TWidget::eventFilter(TEvent*)</a> from twidget.o(i._ZN7TWidget11eventFilterEP6TEvent) referenced from userphoto.o(.constdata__ZTV9UserPhoto)
 <LI><a href="#[128]">TWidget::resizeEvent(TResizeEvent*)</a> from twidget.o(i._ZN7TWidget11resizeEventEP12TResizeEvent) referenced from desktop.o(.constdata__ZTV7Desktop)
 <LI><a href="#[128]">TWidget::resizeEvent(TResizeEvent*)</a> from twidget.o(i._ZN7TWidget11resizeEventEP12TResizeEvent) referenced from twidget.o(.constdata__ZTV7TWidget)
 <LI><a href="#[128]">TWidget::resizeEvent(TResizeEvent*)</a> from twidget.o(i._ZN7TWidget11resizeEventEP12TResizeEvent) referenced from twindow.o(.constdata__ZTV7TWindow)
 <LI><a href="#[128]">TWidget::resizeEvent(TResizeEvent*)</a> from twidget.o(i._ZN7TWidget11resizeEventEP12TResizeEvent) referenced from usergame.o(.constdata__ZTV8UserGame)
 <LI><a href="#[128]">TWidget::resizeEvent(TResizeEvent*)</a> from twidget.o(i._ZN7TWidget11resizeEventEP12TResizeEvent) referenced from timagebox.o(.constdata__ZTV9TImageBox)
 <LI><a href="#[128]">TWidget::resizeEvent(TResizeEvent*)</a> from twidget.o(i._ZN7TWidget11resizeEventEP12TResizeEvent) referenced from userphoto.o(.constdata__ZTV9UserPhoto)
 <LI><a href="#[122]">TWidget::focusInEvent(TFocusEvent*)</a> from twidget.o(i._ZN7TWidget12focusInEventEP11TFocusEvent) referenced from desktop.o(.constdata__ZTV7Desktop)
 <LI><a href="#[122]">TWidget::focusInEvent(TFocusEvent*)</a> from twidget.o(i._ZN7TWidget12focusInEventEP11TFocusEvent) referenced from twidget.o(.constdata__ZTV7TWidget)
 <LI><a href="#[122]">TWidget::focusInEvent(TFocusEvent*)</a> from twidget.o(i._ZN7TWidget12focusInEventEP11TFocusEvent) referenced from twindow.o(.constdata__ZTV7TWindow)
 <LI><a href="#[122]">TWidget::focusInEvent(TFocusEvent*)</a> from twidget.o(i._ZN7TWidget12focusInEventEP11TFocusEvent) referenced from usergame.o(.constdata__ZTV8UserGame)
 <LI><a href="#[122]">TWidget::focusInEvent(TFocusEvent*)</a> from twidget.o(i._ZN7TWidget12focusInEventEP11TFocusEvent) referenced from timagebox.o(.constdata__ZTV9TImageBox)
 <LI><a href="#[122]">TWidget::focusInEvent(TFocusEvent*)</a> from twidget.o(i._ZN7TWidget12focusInEventEP11TFocusEvent) referenced from userphoto.o(.constdata__ZTV9UserPhoto)
 <LI><a href="#[123]">TWidget::focusOuTEvent(TFocusEvent*)</a> from twidget.o(i._ZN7TWidget13focusOuTEventEP11TFocusEvent) referenced from desktop.o(.constdata__ZTV7Desktop)
 <LI><a href="#[123]">TWidget::focusOuTEvent(TFocusEvent*)</a> from twidget.o(i._ZN7TWidget13focusOuTEventEP11TFocusEvent) referenced from twidget.o(.constdata__ZTV7TWidget)
 <LI><a href="#[123]">TWidget::focusOuTEvent(TFocusEvent*)</a> from twidget.o(i._ZN7TWidget13focusOuTEventEP11TFocusEvent) referenced from twindow.o(.constdata__ZTV7TWindow)
 <LI><a href="#[123]">TWidget::focusOuTEvent(TFocusEvent*)</a> from twidget.o(i._ZN7TWidget13focusOuTEventEP11TFocusEvent) referenced from usergame.o(.constdata__ZTV8UserGame)
 <LI><a href="#[123]">TWidget::focusOuTEvent(TFocusEvent*)</a> from twidget.o(i._ZN7TWidget13focusOuTEventEP11TFocusEvent) referenced from timagebox.o(.constdata__ZTV9TImageBox)
 <LI><a href="#[123]">TWidget::focusOuTEvent(TFocusEvent*)</a> from twidget.o(i._ZN7TWidget13focusOuTEventEP11TFocusEvent) referenced from userphoto.o(.constdata__ZTV9UserPhoto)
 <LI><a href="#[120]">TWidget::keyPressEvent(TKeyEvent*)</a> from twidget.o(i._ZN7TWidget13keyPressEventEP9TKeyEvent) referenced from desktop.o(.constdata__ZTV7Desktop)
 <LI><a href="#[120]">TWidget::keyPressEvent(TKeyEvent*)</a> from twidget.o(i._ZN7TWidget13keyPressEventEP9TKeyEvent) referenced from twidget.o(.constdata__ZTV7TWidget)
 <LI><a href="#[120]">TWidget::keyPressEvent(TKeyEvent*)</a> from twidget.o(i._ZN7TWidget13keyPressEventEP9TKeyEvent) referenced from twindow.o(.constdata__ZTV7TWindow)
 <LI><a href="#[120]">TWidget::keyPressEvent(TKeyEvent*)</a> from twidget.o(i._ZN7TWidget13keyPressEventEP9TKeyEvent) referenced from usergame.o(.constdata__ZTV8UserGame)
 <LI><a href="#[120]">TWidget::keyPressEvent(TKeyEvent*)</a> from twidget.o(i._ZN7TWidget13keyPressEventEP9TKeyEvent) referenced from timagebox.o(.constdata__ZTV9TImageBox)
 <LI><a href="#[120]">TWidget::keyPressEvent(TKeyEvent*)</a> from twidget.o(i._ZN7TWidget13keyPressEventEP9TKeyEvent) referenced from userphoto.o(.constdata__ZTV9UserPhoto)
 <LI><a href="#[11f]">TWidget::mouseMoveEvent(TMouseEvent*)</a> from twidget.o(i._ZN7TWidget14mouseMoveEventEP11TMouseEvent) referenced from desktop.o(.constdata__ZTV7Desktop)
 <LI><a href="#[11f]">TWidget::mouseMoveEvent(TMouseEvent*)</a> from twidget.o(i._ZN7TWidget14mouseMoveEventEP11TMouseEvent) referenced from twidget.o(.constdata__ZTV7TWidget)
 <LI><a href="#[11f]">TWidget::mouseMoveEvent(TMouseEvent*)</a> from twidget.o(i._ZN7TWidget14mouseMoveEventEP11TMouseEvent) referenced from twindow.o(.constdata__ZTV7TWindow)
 <LI><a href="#[11f]">TWidget::mouseMoveEvent(TMouseEvent*)</a> from twidget.o(i._ZN7TWidget14mouseMoveEventEP11TMouseEvent) referenced from usergame.o(.constdata__ZTV8UserGame)
 <LI><a href="#[11f]">TWidget::mouseMoveEvent(TMouseEvent*)</a> from twidget.o(i._ZN7TWidget14mouseMoveEventEP11TMouseEvent) referenced from timagebox.o(.constdata__ZTV9TImageBox)
 <LI><a href="#[11f]">TWidget::mouseMoveEvent(TMouseEvent*)</a> from twidget.o(i._ZN7TWidget14mouseMoveEventEP11TMouseEvent) referenced from userphoto.o(.constdata__ZTV9UserPhoto)
 <LI><a href="#[11a]">TWidget::touchMoveEvent(TTouchEvent*)</a> from twidget.o(i._ZN7TWidget14touchMoveEventEP11TTouchEvent) referenced from desktop.o(.constdata__ZTV7Desktop)
 <LI><a href="#[11a]">TWidget::touchMoveEvent(TTouchEvent*)</a> from twidget.o(i._ZN7TWidget14touchMoveEventEP11TTouchEvent) referenced from twidget.o(.constdata__ZTV7TWidget)
 <LI><a href="#[11a]">TWidget::touchMoveEvent(TTouchEvent*)</a> from twidget.o(i._ZN7TWidget14touchMoveEventEP11TTouchEvent) referenced from twindow.o(.constdata__ZTV7TWindow)
 <LI><a href="#[11a]">TWidget::touchMoveEvent(TTouchEvent*)</a> from twidget.o(i._ZN7TWidget14touchMoveEventEP11TTouchEvent) referenced from usergame.o(.constdata__ZTV8UserGame)
 <LI><a href="#[11a]">TWidget::touchMoveEvent(TTouchEvent*)</a> from twidget.o(i._ZN7TWidget14touchMoveEventEP11TTouchEvent) referenced from timagebox.o(.constdata__ZTV9TImageBox)
 <LI><a href="#[11a]">TWidget::touchMoveEvent(TTouchEvent*)</a> from twidget.o(i._ZN7TWidget14touchMoveEventEP11TTouchEvent) referenced from userphoto.o(.constdata__ZTV9UserPhoto)
 <LI><a href="#[121]">TWidget::keyReleaseEvent(TKeyEvent*)</a> from twidget.o(i._ZN7TWidget15keyReleaseEventEP9TKeyEvent) referenced from desktop.o(.constdata__ZTV7Desktop)
 <LI><a href="#[121]">TWidget::keyReleaseEvent(TKeyEvent*)</a> from twidget.o(i._ZN7TWidget15keyReleaseEventEP9TKeyEvent) referenced from twidget.o(.constdata__ZTV7TWidget)
 <LI><a href="#[121]">TWidget::keyReleaseEvent(TKeyEvent*)</a> from twidget.o(i._ZN7TWidget15keyReleaseEventEP9TKeyEvent) referenced from twindow.o(.constdata__ZTV7TWindow)
 <LI><a href="#[121]">TWidget::keyReleaseEvent(TKeyEvent*)</a> from twidget.o(i._ZN7TWidget15keyReleaseEventEP9TKeyEvent) referenced from usergame.o(.constdata__ZTV8UserGame)
 <LI><a href="#[121]">TWidget::keyReleaseEvent(TKeyEvent*)</a> from twidget.o(i._ZN7TWidget15keyReleaseEventEP9TKeyEvent) referenced from timagebox.o(.constdata__ZTV9TImageBox)
 <LI><a href="#[121]">TWidget::keyReleaseEvent(TKeyEvent*)</a> from twidget.o(i._ZN7TWidget15keyReleaseEventEP9TKeyEvent) referenced from userphoto.o(.constdata__ZTV9UserPhoto)
 <LI><a href="#[11e]">TWidget::mouseClickEvent(TMouseEvent*)</a> from twidget.o(i._ZN7TWidget15mouseClickEventEP11TMouseEvent) referenced from desktop.o(.constdata__ZTV7Desktop)
 <LI><a href="#[11e]">TWidget::mouseClickEvent(TMouseEvent*)</a> from twidget.o(i._ZN7TWidget15mouseClickEventEP11TMouseEvent) referenced from twidget.o(.constdata__ZTV7TWidget)
 <LI><a href="#[11e]">TWidget::mouseClickEvent(TMouseEvent*)</a> from twidget.o(i._ZN7TWidget15mouseClickEventEP11TMouseEvent) referenced from twindow.o(.constdata__ZTV7TWindow)
 <LI><a href="#[11e]">TWidget::mouseClickEvent(TMouseEvent*)</a> from twidget.o(i._ZN7TWidget15mouseClickEventEP11TMouseEvent) referenced from usergame.o(.constdata__ZTV8UserGame)
 <LI><a href="#[11e]">TWidget::mouseClickEvent(TMouseEvent*)</a> from twidget.o(i._ZN7TWidget15mouseClickEventEP11TMouseEvent) referenced from timagebox.o(.constdata__ZTV9TImageBox)
 <LI><a href="#[11e]">TWidget::mouseClickEvent(TMouseEvent*)</a> from twidget.o(i._ZN7TWidget15mouseClickEventEP11TMouseEvent) referenced from userphoto.o(.constdata__ZTV9UserPhoto)
 <LI><a href="#[11b]">TWidget::mousePressEvent(TMouseEvent*)</a> from twidget.o(i._ZN7TWidget15mousePressEventEP11TMouseEvent) referenced from desktop.o(.constdata__ZTV7Desktop)
 <LI><a href="#[11b]">TWidget::mousePressEvent(TMouseEvent*)</a> from twidget.o(i._ZN7TWidget15mousePressEventEP11TMouseEvent) referenced from twidget.o(.constdata__ZTV7TWidget)
 <LI><a href="#[11b]">TWidget::mousePressEvent(TMouseEvent*)</a> from twidget.o(i._ZN7TWidget15mousePressEventEP11TMouseEvent) referenced from twindow.o(.constdata__ZTV7TWindow)
 <LI><a href="#[11b]">TWidget::mousePressEvent(TMouseEvent*)</a> from twidget.o(i._ZN7TWidget15mousePressEventEP11TMouseEvent) referenced from usergame.o(.constdata__ZTV8UserGame)
 <LI><a href="#[11b]">TWidget::mousePressEvent(TMouseEvent*)</a> from twidget.o(i._ZN7TWidget15mousePressEventEP11TMouseEvent) referenced from timagebox.o(.constdata__ZTV9TImageBox)
 <LI><a href="#[11b]">TWidget::mousePressEvent(TMouseEvent*)</a> from twidget.o(i._ZN7TWidget15mousePressEventEP11TMouseEvent) referenced from userphoto.o(.constdata__ZTV9UserPhoto)
 <LI><a href="#[119]">TWidget::touchClickEvent(TTouchEvent*)</a> from twidget.o(i._ZN7TWidget15touchClickEventEP11TTouchEvent) referenced from desktop.o(.constdata__ZTV7Desktop)
 <LI><a href="#[119]">TWidget::touchClickEvent(TTouchEvent*)</a> from twidget.o(i._ZN7TWidget15touchClickEventEP11TTouchEvent) referenced from twidget.o(.constdata__ZTV7TWidget)
 <LI><a href="#[119]">TWidget::touchClickEvent(TTouchEvent*)</a> from twidget.o(i._ZN7TWidget15touchClickEventEP11TTouchEvent) referenced from twindow.o(.constdata__ZTV7TWindow)
 <LI><a href="#[119]">TWidget::touchClickEvent(TTouchEvent*)</a> from twidget.o(i._ZN7TWidget15touchClickEventEP11TTouchEvent) referenced from usergame.o(.constdata__ZTV8UserGame)
 <LI><a href="#[119]">TWidget::touchClickEvent(TTouchEvent*)</a> from twidget.o(i._ZN7TWidget15touchClickEventEP11TTouchEvent) referenced from timagebox.o(.constdata__ZTV9TImageBox)
 <LI><a href="#[119]">TWidget::touchClickEvent(TTouchEvent*)</a> from twidget.o(i._ZN7TWidget15touchClickEventEP11TTouchEvent) referenced from userphoto.o(.constdata__ZTV9UserPhoto)
 <LI><a href="#[117]">TWidget::touchPressEvent(TTouchEvent*)</a> from twidget.o(i._ZN7TWidget15touchPressEventEP11TTouchEvent) referenced from desktop.o(.constdata__ZTV7Desktop)
 <LI><a href="#[117]">TWidget::touchPressEvent(TTouchEvent*)</a> from twidget.o(i._ZN7TWidget15touchPressEventEP11TTouchEvent) referenced from twidget.o(.constdata__ZTV7TWidget)
 <LI><a href="#[117]">TWidget::touchPressEvent(TTouchEvent*)</a> from twidget.o(i._ZN7TWidget15touchPressEventEP11TTouchEvent) referenced from twindow.o(.constdata__ZTV7TWindow)
 <LI><a href="#[117]">TWidget::touchPressEvent(TTouchEvent*)</a> from twidget.o(i._ZN7TWidget15touchPressEventEP11TTouchEvent) referenced from usergame.o(.constdata__ZTV8UserGame)
 <LI><a href="#[117]">TWidget::touchPressEvent(TTouchEvent*)</a> from twidget.o(i._ZN7TWidget15touchPressEventEP11TTouchEvent) referenced from timagebox.o(.constdata__ZTV9TImageBox)
 <LI><a href="#[117]">TWidget::touchPressEvent(TTouchEvent*)</a> from twidget.o(i._ZN7TWidget15touchPressEventEP11TTouchEvent) referenced from userphoto.o(.constdata__ZTV9UserPhoto)
[...]
</UL>
<BR>[Calls]<UL><LI><a href="#[26c]">&gt;&gt;</a>&nbsp;&nbsp;&nbsp;f_read
<LI><a href="#[249]">&gt;&gt;</a>&nbsp;&nbsp;&nbsp;f_open
<LI><a href="#[24b]">&gt;&gt;</a>&nbsp;&nbsp;&nbsp;f_close
</UL>
<BR>[Called By]<UL><LI><a href="#[25b]">&gt;&gt;</a>&nbsp;&nbsp;&nbsp;lodepng_load_file(unsigned char**, unsigned*, const char*)
</UL>

<P><STRONG><a name="[23b]"></a>lodepng_get_bpp_lct(LodePNGColorType, unsigned)</STRONG> (Thumb, 12 bytes, Stack size 8 bytes, lodepng.o(i._Z19lodepng_get_bpp_lct16LodePNGColorTypej))
<BR><BR>[Stack]<UL><LI>Max Depth = 8<LI>Call Chain = lodepng_get_bpp_lct(LodePNGColorType, unsigned)
</UL>
<BR>[Calls]<UL><LI><a href="#[26f]">&gt;&gt;</a>&nbsp;&nbsp;&nbsp;getNumColorChannels(LodePNGColorType)
</UL>
<BR>[Called By]<UL><LI><a href="#[23a]">&gt;&gt;</a>&nbsp;&nbsp;&nbsp;lodepng_get_bpp(const LodePNGColorMode*)
</UL>

<P><STRONG><a name="[270]"></a>LodePNGIText_cleanup(LodePNGInfo*)</STRONG> (Thumb, 84 bytes, Stack size 16 bytes, lodepng.o(i._Z20LodePNGIText_cleanupP11LodePNGInfo))
<BR><BR>[Stack]<UL><LI>Max Depth = 36<LI>Call Chain = LodePNGIText_cleanup(LodePNGInfo*) &rArr; string_cleanup(char**) &rArr; lodepng_free(void*) &rArr; free
</UL>
<BR>[Calls]<UL><LI><a href="#[234]">&gt;&gt;</a>&nbsp;&nbsp;&nbsp;string_cleanup(char**)
<LI><a href="#[20c]">&gt;&gt;</a>&nbsp;&nbsp;&nbsp;lodepng_free(void*)
</UL>
<BR>[Called By]<UL><LI><a href="#[23f]">&gt;&gt;</a>&nbsp;&nbsp;&nbsp;lodepng_info_cleanup(LodePNGInfo*)
</UL>

<P><STRONG><a name="[24e]"></a>inflateNoCompression(ucvector*, const unsigned char*, unsigned*, unsigned*, unsigned)</STRONG> (Thumb, 156 bytes, Stack size 40 bytes, lodepng.o(i._Z20inflateNoCompressionP8ucvectorPKhPjS3_j))
<BR><BR>[Stack]<UL><LI>Max Depth = 168<LI>Call Chain = inflateNoCompression(ucvector*, const unsigned char*, unsigned*, unsigned*, unsigned) &rArr; ucvector_resize(ucvector*, unsigned) &rArr; ucvector_reserve(ucvector*, unsigned) &rArr; lodepng_realloc(void*, unsigned) &rArr; realloc &rArr; malloc &rArr; internal_alloc &rArr; __aeabi_memcpy
</UL>
<BR>[Calls]<UL><LI><a href="#[216]">&gt;&gt;</a>&nbsp;&nbsp;&nbsp;ucvector_resize(ucvector*, unsigned)
</UL>
<BR>[Called By]<UL><LI><a href="#[23e]">&gt;&gt;</a>&nbsp;&nbsp;&nbsp;lodepng_inflatev(ucvector*, const unsigned char*, unsigned, const LodePNGDecompressSettings*)
</UL>

<P><STRONG><a name="[229]"></a>postProcessScanlines(unsigned char*, unsigned char*, unsigned, unsigned, const LodePNGInfo*)</STRONG> (Thumb, 250 bytes, Stack size 224 bytes, lodepng.o(i._Z20postProcessScanlinesPhS_jjPK11LodePNGInfo))
<BR><BR>[Stack]<UL><LI>Max Depth = 484<LI>Call Chain = postProcessScanlines(unsigned char*, unsigned char*, unsigned, unsigned, const LodePNGInfo*) &rArr; Adam7_deinterlace(unsigned char*, const unsigned char*, unsigned, unsigned, unsigned) &rArr; Adam7_getpassvalues(unsigned*, unsigned*, unsigned*, unsigned*, unsigned*, unsigned, unsigned, unsigned)
</UL>
<BR>[Calls]<UL><LI><a href="#[23a]">&gt;&gt;</a>&nbsp;&nbsp;&nbsp;lodepng_get_bpp(const LodePNGColorMode*)
<LI><a href="#[273]">&gt;&gt;</a>&nbsp;&nbsp;&nbsp;unfilter(unsigned char*, const unsigned char*, unsigned, unsigned, unsigned)
<LI><a href="#[254]">&gt;&gt;</a>&nbsp;&nbsp;&nbsp;Adam7_getpassvalues(unsigned*, unsigned*, unsigned*, unsigned*, unsigned*, unsigned, unsigned, unsigned)
<LI><a href="#[25d]">&gt;&gt;</a>&nbsp;&nbsp;&nbsp;removePaddingBits(unsigned char*, const unsigned char*, unsigned, unsigned, unsigned)
<LI><a href="#[253]">&gt;&gt;</a>&nbsp;&nbsp;&nbsp;Adam7_deinterlace(unsigned char*, const unsigned char*, unsigned, unsigned, unsigned)
</UL>
<BR>[Called By]<UL><LI><a href="#[210]">&gt;&gt;</a>&nbsp;&nbsp;&nbsp;decodeGeneric(unsigned char**, unsigned*, unsigned*, LodePNGState*, const unsigned char*, unsigned)
</UL>

<P><STRONG><a name="[23d]"></a>ucvector_init_buffer(ucvector*, unsigned char*, unsigned)</STRONG> (Thumb, 8 bytes, Stack size 0 bytes, lodepng.o(i._Z20ucvector_init_bufferP8ucvectorPhj))
<BR><BR>[Called By]<UL><LI><a href="#[23c]">&gt;&gt;</a>&nbsp;&nbsp;&nbsp;lodepng_inflate(unsigned char**, unsigned*, const unsigned char*, unsigned, const LodePNGDecompressSettings*)
</UL>

<P><STRONG><a name="[269]"></a>getTreeInflateDynamic(HuffmanTree*, HuffmanTree*, const unsigned char*, unsigned*, unsigned)</STRONG> (Thumb, 640 bytes, Stack size 80 bytes, lodepng.o(i._Z21getTreeInflateDynamicP11HuffmanTreeS0_PKhPjj))
<BR><BR>[Stack]<UL><LI>Max Depth = 168<LI>Call Chain = getTreeInflateDynamic(HuffmanTree*, HuffmanTree*, const unsigned char*, unsigned*, unsigned) &rArr; HuffmanTree_makeFromLengths(HuffmanTree*, const unsigned*, unsigned, unsigned) &rArr; lodepng_malloc(unsigned) &rArr; malloc &rArr; internal_alloc &rArr; __aeabi_memcpy
</UL>
<BR>[Calls]<UL><LI><a href="#[274]">&gt;&gt;</a>&nbsp;&nbsp;&nbsp;HuffmanTree_makeFromLengths(HuffmanTree*, const unsigned*, unsigned, unsigned)
<LI><a href="#[26a]">&gt;&gt;</a>&nbsp;&nbsp;&nbsp;huffmanDecodeSymbol(const unsigned char*, unsigned*, const HuffmanTree*, unsigned)
<LI><a href="#[263]">&gt;&gt;</a>&nbsp;&nbsp;&nbsp;HuffmanTree_cleanup(HuffmanTree*)
<LI><a href="#[26b]">&gt;&gt;</a>&nbsp;&nbsp;&nbsp;readBitsFromStream(unsigned*, const unsigned char*, unsigned)
<LI><a href="#[268]">&gt;&gt;</a>&nbsp;&nbsp;&nbsp;HuffmanTree_init(HuffmanTree*)
<LI><a href="#[228]">&gt;&gt;</a>&nbsp;&nbsp;&nbsp;lodepng_malloc(unsigned)
<LI><a href="#[20c]">&gt;&gt;</a>&nbsp;&nbsp;&nbsp;lodepng_free(void*)
</UL>
<BR>[Called By]<UL><LI><a href="#[24d]">&gt;&gt;</a>&nbsp;&nbsp;&nbsp;inflateHuffmanBlock(ucvector*, const unsigned char*, unsigned*, unsigned*, unsigned, unsigned)
</UL>

<P><STRONG><a name="[278]"></a>HuffmanTree_make2DTree(HuffmanTree*)</STRONG> (Thumb, 194 bytes, Stack size 24 bytes, lodepng.o(i._Z22HuffmanTree_make2DTreeP11HuffmanTree), UNUSED)
<BR><BR>[Calls]<UL><LI><a href="#[228]">&gt;&gt;</a>&nbsp;&nbsp;&nbsp;lodepng_malloc(unsigned)
</UL>
<BR>[Called By]<UL><LI><a href="#[27c]">&gt;&gt;</a>&nbsp;&nbsp;&nbsp;HuffmanTree_makeFromLengths2(HuffmanTree*)
</UL>

<P><STRONG><a name="[25e]"></a>setBitOfReversedStream(unsigned*, unsigned char*, unsigned char)</STRONG> (Thumb, 44 bytes, Stack size 12 bytes, lodepng.o(i._Z22setBitOfReversedStreamPjPhh))
<BR><BR>[Stack]<UL><LI>Max Depth = 12<LI>Call Chain = setBitOfReversedStream(unsigned*, unsigned char*, unsigned char)
</UL>
<BR>[Called By]<UL><LI><a href="#[25d]">&gt;&gt;</a>&nbsp;&nbsp;&nbsp;removePaddingBits(unsigned char*, const unsigned char*, unsigned, unsigned, unsigned)
</UL>

<P><STRONG><a name="[266]"></a>generateFixedLitLenTree(HuffmanTree*)</STRONG> (Thumb, 106 bytes, Stack size 16 bytes, lodepng.o(i._Z23generateFixedLitLenTreeP11HuffmanTree))
<BR><BR>[Stack]<UL><LI>Max Depth = 104<LI>Call Chain = generateFixedLitLenTree(HuffmanTree*) &rArr; HuffmanTree_makeFromLengths(HuffmanTree*, const unsigned*, unsigned, unsigned) &rArr; lodepng_malloc(unsigned) &rArr; malloc &rArr; internal_alloc &rArr; __aeabi_memcpy
</UL>
<BR>[Calls]<UL><LI><a href="#[274]">&gt;&gt;</a>&nbsp;&nbsp;&nbsp;HuffmanTree_makeFromLengths(HuffmanTree*, const unsigned*, unsigned, unsigned)
<LI><a href="#[228]">&gt;&gt;</a>&nbsp;&nbsp;&nbsp;lodepng_malloc(unsigned)
<LI><a href="#[20c]">&gt;&gt;</a>&nbsp;&nbsp;&nbsp;lodepng_free(void*)
</UL>
<BR>[Called By]<UL><LI><a href="#[265]">&gt;&gt;</a>&nbsp;&nbsp;&nbsp;getTreeInflateFixed(HuffmanTree*, HuffmanTree*)
</UL>

<P><STRONG><a name="[256]"></a>setBitOfReversedStream0(unsigned*, unsigned char*, unsigned char)</STRONG> (Thumb, 36 bytes, Stack size 8 bytes, lodepng.o(i._Z23setBitOfReversedStream0PjPhh))
<BR><BR>[Stack]<UL><LI>Max Depth = 8<LI>Call Chain = setBitOfReversedStream0(unsigned*, unsigned char*, unsigned char)
</UL>
<BR>[Called By]<UL><LI><a href="#[253]">&gt;&gt;</a>&nbsp;&nbsp;&nbsp;Adam7_deinterlace(unsigned char*, const unsigned char*, unsigned, unsigned, unsigned)
</UL>

<P><STRONG><a name="[22e]"></a>lodepng_color_mode_equal(const LodePNGColorMode*, const LodePNGColorMode*)</STRONG> (Thumb, 120 bytes, Stack size 12 bytes, lodepng.o(i._Z24lodepng_color_mode_equalPK16LodePNGColorModeS1_))
<BR><BR>[Stack]<UL><LI>Max Depth = 12<LI>Call Chain = lodepng_color_mode_equal(const LodePNGColorMode*, const LodePNGColorMode*)
</UL>
<BR>[Called By]<UL><LI><a href="#[230]">&gt;&gt;</a>&nbsp;&nbsp;&nbsp;lodepng_convert(unsigned char*, const unsigned char*, const LodePNGColorMode*, const LodePNGColorMode*, unsigned, unsigned)
<LI><a href="#[22d]">&gt;&gt;</a>&nbsp;&nbsp;&nbsp;lodepng_decode(unsigned char**, unsigned*, unsigned*, LodePNGState*, const unsigned char*, unsigned)
</UL>

<P><STRONG><a name="[25a]"></a>LodePNGUnknownChunks_init(LodePNGInfo*)</STRONG> (Thumb, 36 bytes, Stack size 0 bytes, lodepng.o(i._Z25LodePNGUnknownChunks_initP11LodePNGInfo))
<BR><BR>[Called By]<UL><LI><a href="#[240]">&gt;&gt;</a>&nbsp;&nbsp;&nbsp;lodepng_info_init(LodePNGInfo*)
</UL>

<P><STRONG><a name="[267]"></a>generateFixedDistanceTree(HuffmanTree*)</STRONG> (Thumb, 54 bytes, Stack size 16 bytes, lodepng.o(i._Z25generateFixedDistanceTreeP11HuffmanTree))
<BR><BR>[Stack]<UL><LI>Max Depth = 104<LI>Call Chain = generateFixedDistanceTree(HuffmanTree*) &rArr; HuffmanTree_makeFromLengths(HuffmanTree*, const unsigned*, unsigned, unsigned) &rArr; lodepng_malloc(unsigned) &rArr; malloc &rArr; internal_alloc &rArr; __aeabi_memcpy
</UL>
<BR>[Calls]<UL><LI><a href="#[274]">&gt;&gt;</a>&nbsp;&nbsp;&nbsp;HuffmanTree_makeFromLengths(HuffmanTree*, const unsigned*, unsigned, unsigned)
<LI><a href="#[228]">&gt;&gt;</a>&nbsp;&nbsp;&nbsp;lodepng_malloc(unsigned)
<LI><a href="#[20c]">&gt;&gt;</a>&nbsp;&nbsp;&nbsp;lodepng_free(void*)
</UL>
<BR>[Called By]<UL><LI><a href="#[265]">&gt;&gt;</a>&nbsp;&nbsp;&nbsp;getTreeInflateFixed(HuffmanTree*, HuffmanTree*)
</UL>

<P><STRONG><a name="[223]"></a>lodepng_get_raw_size_idat(unsigned, unsigned, const LodePNGColorMode*)</STRONG> (Thumb, 34 bytes, Stack size 16 bytes, lodepng.o(i._Z25lodepng_get_raw_size_idatjjPK16LodePNGColorMode))
<BR><BR>[Stack]<UL><LI>Max Depth = 24<LI>Call Chain = lodepng_get_raw_size_idat(unsigned, unsigned, const LodePNGColorMode*) &rArr; lodepng_get_bpp(const LodePNGColorMode*) &rArr; lodepng_get_bpp_lct(LodePNGColorType, unsigned)
</UL>
<BR>[Calls]<UL><LI><a href="#[23a]">&gt;&gt;</a>&nbsp;&nbsp;&nbsp;lodepng_get_bpp(const LodePNGColorMode*)
</UL>
<BR>[Called By]<UL><LI><a href="#[210]">&gt;&gt;</a>&nbsp;&nbsp;&nbsp;decodeGeneric(unsigned char**, unsigned*, unsigned*, LodePNGState*, const unsigned char*, unsigned)
</UL>

<P><STRONG><a name="[255]"></a>readBitFromReversedStream(unsigned*, const unsigned char*)</STRONG> (Thumb, 30 bytes, Stack size 0 bytes, lodepng.o(i._Z25readBitFromReversedStreamPjPKh))
<BR><BR>[Called By]<UL><LI><a href="#[25f]">&gt;&gt;</a>&nbsp;&nbsp;&nbsp;readBitsFromReversedStream(unsigned*, const unsigned char*, unsigned)
<LI><a href="#[25d]">&gt;&gt;</a>&nbsp;&nbsp;&nbsp;removePaddingBits(unsigned char*, const unsigned char*, unsigned, unsigned, unsigned)
<LI><a href="#[253]">&gt;&gt;</a>&nbsp;&nbsp;&nbsp;Adam7_deinterlace(unsigned char*, const unsigned char*, unsigned, unsigned, unsigned)
</UL>

<P><STRONG><a name="[25f]"></a>readBitsFromReversedStream(unsigned*, const unsigned char*, unsigned)</STRONG> (Thumb, 38 bytes, Stack size 24 bytes, lodepng.o(i._Z26readBitsFromReversedStreamPjPKhj))
<BR><BR>[Stack]<UL><LI>Max Depth = 24<LI>Call Chain = readBitsFromReversedStream(unsigned*, const unsigned char*, unsigned)
</UL>
<BR>[Calls]<UL><LI><a href="#[255]">&gt;&gt;</a>&nbsp;&nbsp;&nbsp;readBitFromReversedStream(unsigned*, const unsigned char*)
</UL>
<BR>[Called By]<UL><LI><a href="#[237]">&gt;&gt;</a>&nbsp;&nbsp;&nbsp;getPixelColorsRGBA8(unsigned char*, unsigned, unsigned, const unsigned char*, const LodePNGColorMode*)
<LI><a href="#[238]">&gt;&gt;</a>&nbsp;&nbsp;&nbsp;getPixelColorRGBA8(unsigned char*, unsigned char*, unsigned char*, unsigned char*, const unsigned char*, unsigned, const LodePNGColorMode*)
</UL>

<P><STRONG><a name="[274]"></a>HuffmanTree_makeFromLengths(HuffmanTree*, const unsigned*, unsigned, unsigned)</STRONG> (Thumb, 64 bytes, Stack size 24 bytes, lodepng.o(i._Z27HuffmanTree_makeFromLengthsP11HuffmanTreePKjjj))
<BR><BR>[Stack]<UL><LI>Max Depth = 88<LI>Call Chain = HuffmanTree_makeFromLengths(HuffmanTree*, const unsigned*, unsigned, unsigned) &rArr; lodepng_malloc(unsigned) &rArr; malloc &rArr; internal_alloc &rArr; __aeabi_memcpy
</UL>
<BR>[Calls]<UL><LI><a href="#[228]">&gt;&gt;</a>&nbsp;&nbsp;&nbsp;lodepng_malloc(unsigned)
</UL>
<BR>[Called By]<UL><LI><a href="#[267]">&gt;&gt;</a>&nbsp;&nbsp;&nbsp;generateFixedDistanceTree(HuffmanTree*)
<LI><a href="#[266]">&gt;&gt;</a>&nbsp;&nbsp;&nbsp;generateFixedLitLenTree(HuffmanTree*)
<LI><a href="#[269]">&gt;&gt;</a>&nbsp;&nbsp;&nbsp;getTreeInflateDynamic(HuffmanTree*, HuffmanTree*, const unsigned char*, unsigned*, unsigned)
</UL>

<P><STRONG><a name="[27c]"></a>HuffmanTree_makeFromLengths2(HuffmanTree*)</STRONG> (Thumb, 214 bytes, Stack size 40 bytes, lodepng.o(i._Z28HuffmanTree_makeFromLengths2P11HuffmanTree), UNUSED)
<BR><BR>[Calls]<UL><LI><a href="#[278]">&gt;&gt;</a>&nbsp;&nbsp;&nbsp;HuffmanTree_make2DTree(HuffmanTree*)
<LI><a href="#[250]">&gt;&gt;</a>&nbsp;&nbsp;&nbsp;uivector_resizev(uivector*, unsigned, unsigned)
<LI><a href="#[24f]">&gt;&gt;</a>&nbsp;&nbsp;&nbsp;uivector_cleanup(void*)
<LI><a href="#[228]">&gt;&gt;</a>&nbsp;&nbsp;&nbsp;lodepng_malloc(unsigned)
<LI><a href="#[27d]">&gt;&gt;</a>&nbsp;&nbsp;&nbsp;uivector_init(uivector*)
</UL>

<P><STRONG><a name="[272]"></a>LodePNGUnknownChunks_cleanup(LodePNGInfo*)</STRONG> (Thumb, 26 bytes, Stack size 16 bytes, lodepng.o(i._Z28LodePNGUnknownChunks_cleanupP11LodePNGInfo))
<BR><BR>[Stack]<UL><LI>Max Depth = 28<LI>Call Chain = LodePNGUnknownChunks_cleanup(LodePNGInfo*) &rArr; lodepng_free(void*) &rArr; free
</UL>
<BR>[Calls]<UL><LI><a href="#[20c]">&gt;&gt;</a>&nbsp;&nbsp;&nbsp;lodepng_free(void*)
</UL>
<BR>[Called By]<UL><LI><a href="#[23f]">&gt;&gt;</a>&nbsp;&nbsp;&nbsp;lodepng_info_cleanup(LodePNGInfo*)
</UL>

<P><STRONG><a name="[27b]"></a>adler32(const unsigned char*, unsigned)</STRONG> (Thumb, 10 bytes, Stack size 0 bytes, lodepng.o(i._Z7adler32PKhj))
<BR><BR>[Stack]<UL><LI>Max Depth = 16<LI>Call Chain = adler32(const unsigned char*, unsigned) &rArr; update_adler32(unsigned, const unsigned char*, unsigned)
</UL>
<BR>[Calls]<UL><LI><a href="#[286]">&gt;&gt;</a>&nbsp;&nbsp;&nbsp;update_adler32(unsigned, const unsigned char*, unsigned)
</UL>
<BR>[Called By]<UL><LI><a href="#[247]">&gt;&gt;</a>&nbsp;&nbsp;&nbsp;lodepng_zlib_decompress(unsigned char**, unsigned*, const unsigned char*, unsigned, const LodePNGDecompressSettings*)
</UL>

<P><STRONG><a name="[27a]"></a>inflate(unsigned char**, unsigned*, const unsigned char*, unsigned, const LodePNGDecompressSettings*)</STRONG> (Thumb, 24 bytes, Stack size 16 bytes, lodepng.o(i._Z7inflatePPhPjPKhjPK25LodePNGDecompressSettings))
<BR><BR>[Stack]<UL><LI>Max Depth = 360<LI>Call Chain = inflate(unsigned char**, unsigned*, const unsigned char*, unsigned, const LodePNGDecompressSettings*) &rArr; lodepng_inflate(unsigned char**, unsigned*, const unsigned char*, unsigned, const LodePNGDecompressSettings*) &rArr; lodepng_inflatev(ucvector*, const unsigned char*, unsigned, const LodePNGDecompressSettings*) &rArr; inflateHuffmanBlock(ucvector*, const unsigned char*, unsigned*, unsigned*, unsigned, unsigned) &rArr; getTreeInflateDynamic(HuffmanTree*, HuffmanTree*, const unsigned char*, unsigned*, unsigned) &rArr; HuffmanTree_makeFromLengths(HuffmanTree*, const unsigned*, unsigned, unsigned) &rArr; lodepng_malloc(unsigned) &rArr; malloc &rArr; internal_alloc &rArr; __aeabi_memcpy
</UL>
<BR>[Calls]<UL><LI><a href="#[23c]">&gt;&gt;</a>&nbsp;&nbsp;&nbsp;lodepng_inflate(unsigned char**, unsigned*, const unsigned char*, unsigned, const LodePNGDecompressSettings*)
</UL>
<BR>[Called By]<UL><LI><a href="#[247]">&gt;&gt;</a>&nbsp;&nbsp;&nbsp;lodepng_zlib_decompress(unsigned char**, unsigned*, const unsigned char*, unsigned, const LodePNGDecompressSettings*)
</UL>

<P><STRONG><a name="[273]"></a>unfilter(unsigned char*, const unsigned char*, unsigned, unsigned, unsigned)</STRONG> (Thumb, 82 bytes, Stack size 40 bytes, lodepng.o(i._Z8unfilterPhPKhjjj))
<BR><BR>[Stack]<UL><LI>Max Depth = 84<LI>Call Chain = unfilter(unsigned char*, const unsigned char*, unsigned, unsigned, unsigned) &rArr; unfilterScanline(unsigned char*, const unsigned char*, const unsigned char*, unsigned, unsigned char, unsigned) &rArr; paethPredictor(short, short, short)
</UL>
<BR>[Calls]<UL><LI><a href="#[251]">&gt;&gt;</a>&nbsp;&nbsp;&nbsp;unfilterScanline(unsigned char*, const unsigned char*, const unsigned char*, unsigned, unsigned char, unsigned)
</UL>
<BR>[Called By]<UL><LI><a href="#[229]">&gt;&gt;</a>&nbsp;&nbsp;&nbsp;postProcessScanlines(unsigned char*, unsigned char*, unsigned, unsigned, const LodePNGInfo*)
</UL>

<P><STRONG><a name="[330]"></a>_printf_core</STRONG> (Thumb, 996 bytes, Stack size 104 bytes, printf8.o(i._printf_core), UNUSED)
<BR><BR>[Calls]<UL><LI><a href="#[151]">&gt;&gt;</a>&nbsp;&nbsp;&nbsp;__aeabi_uldivmod
<LI><a href="#[333]">&gt;&gt;</a>&nbsp;&nbsp;&nbsp;_printf_pre_padding
<LI><a href="#[334]">&gt;&gt;</a>&nbsp;&nbsp;&nbsp;_printf_post_padding
</UL>
<BR>[Called By]<UL><LI><a href="#[32f]">&gt;&gt;</a>&nbsp;&nbsp;&nbsp;__0printf$8
</UL>

<P><STRONG><a name="[334]"></a>_printf_post_padding</STRONG> (Thumb, 36 bytes, Stack size 24 bytes, printf8.o(i._printf_post_padding), UNUSED)
<BR><BR>[Called By]<UL><LI><a href="#[330]">&gt;&gt;</a>&nbsp;&nbsp;&nbsp;_printf_core
</UL>

<P><STRONG><a name="[333]"></a>_printf_pre_padding</STRONG> (Thumb, 46 bytes, Stack size 24 bytes, printf8.o(i._printf_pre_padding), UNUSED)
<BR><BR>[Called By]<UL><LI><a href="#[330]">&gt;&gt;</a>&nbsp;&nbsp;&nbsp;_printf_core
</UL>

<P><STRONG><a name="[332]"></a>internal_alloc</STRONG> (Thumb, 76 bytes, Stack size 24 bytes, mallocr.o(i.internal_alloc))
<BR><BR>[Stack]<UL><LI>Max Depth = 32<LI>Call Chain = internal_alloc &rArr; __aeabi_memcpy
</UL>
<BR>[Calls]<UL><LI><a href="#[185]">&gt;&gt;</a>&nbsp;&nbsp;&nbsp;__aeabi_memcpy
</UL>
<BR>[Called By]<UL><LI><a href="#[244]">&gt;&gt;</a>&nbsp;&nbsp;&nbsp;realloc
<LI><a href="#[15a]">&gt;&gt;</a>&nbsp;&nbsp;&nbsp;malloc
</UL>

<P><STRONG><a name="[147]"></a>__sti___8_char_cpp_a3dc957a</STRONG> (Thumb, 12 bytes, Stack size 0 bytes, char.o(i.__sti___8_char_cpp_a3dc957a))
<BR>[Address Reference Count : 1]<UL><LI> char.o(.init_array)
</UL>
<P><STRONG><a name="[148]"></a>__sti___10_locale_cpp_ff99fc7b</STRONG> (Thumb, 12 bytes, Stack size 0 bytes, locale.o(i.__sti___10_locale_cpp_ff99fc7b))
<BR>[Address Reference Count : 1]<UL><LI> locale.o(.init_array)
</UL>
<P><STRONG><a name="[81]"></a>[local to arm_exceptions_c]::__default_terminate_handler()</STRONG> (Thumb, 6 bytes, Stack size 8 bytes, arm_exceptions_globs.o(.text))
<BR><BR>[Stack]<UL><LI>Max Depth = 8<LI>Call Chain = [local to arm_exceptions_c]::__default_terminate_handler()
</UL>
<BR>[Address Reference Count : 1]<UL><LI> arm_exceptions_globs.o(.text)
</UL>
<P><STRONG><a name="[149]"></a>__sti___10_rwcats_cpp_64e8068e</STRONG> (Thumb, 42 bytes, Stack size 16 bytes, rwcats.o(i.__sti___10_rwcats_cpp_64e8068e))
<BR><BR>[Stack]<UL><LI>Max Depth = 104<LI>Call Chain = __sti___10_rwcats_cpp_64e8068e &rArr; __aeabi_atexit &rArr; malloc &rArr; internal_alloc &rArr; __aeabi_memcpy
</UL>
<BR>[Calls]<UL><LI><a href="#[2dc]">&gt;&gt;</a>&nbsp;&nbsp;&nbsp;operator new[] (unsigned)
<LI><a href="#[15d]">&gt;&gt;</a>&nbsp;&nbsp;&nbsp;__aeabi_atexit
</UL>
<BR>[Address Reference Count : 1]<UL><LI> rwcats.o(.init_array)
</UL><P>
<H3>
Undefined Global Symbols
</H3><HR></body></html>
