Component: ARM Compiler 5.06 update 5 (build 528) Tool: armlink [4d35e2]

==============================================================================

Section Cross References

    startup_stm32f429_439xx.o(RESET) refers to startup_stm32f429_439xx.o(STACK) for __initial_sp
    startup_stm32f429_439xx.o(RESET) refers to startup_stm32f429_439xx.o(.text) for Reset_Handler
    startup_stm32f429_439xx.o(RESET) refers to stm32f4xx_it.o(i.NMI_Handler) for NMI_Handler
    startup_stm32f429_439xx.o(RESET) refers to stm32f4xx_it.o(i.HardFault_Handler) for HardFault_Handler
    startup_stm32f429_439xx.o(RESET) refers to stm32f4xx_it.o(i.MemManage_Handler) for MemManage_Handler
    startup_stm32f429_439xx.o(RESET) refers to stm32f4xx_it.o(i.BusFault_Handler) for BusFault_Handler
    startup_stm32f429_439xx.o(RESET) refers to stm32f4xx_it.o(i.UsageFault_Handler) for UsageFault_Handler
    startup_stm32f429_439xx.o(RESET) refers to port.o(.emb_text) for SVC_Handler
    startup_stm32f429_439xx.o(RESET) refers to stm32f4xx_it.o(i.DebugMon_Handler) for DebugMon_Handler
    startup_stm32f429_439xx.o(RESET) refers to port.o(i.SysTick_Handler) for SysTick_Handler
    startup_stm32f429_439xx.o(RESET) refers to stm32f4xx_it.o(i.USART1_IRQHandler) for USART1_IRQHandler
    startup_stm32f429_439xx.o(RESET) refers to stm32f4xx_it.o(i.EXTI15_10_IRQHandler) for EXTI15_10_IRQHandler
    startup_stm32f429_439xx.o(RESET) refers to stm32f4xx_it.o(i.TIM6_DAC_IRQHandler) for TIM6_DAC_IRQHandler
    startup_stm32f429_439xx.o(.text) refers to system_stm32f4xx.o(i.SystemInit) for SystemInit
    startup_stm32f429_439xx.o(.text) refers to sdram_conf.o(i.SDRAMConfig) for SDRAMConfig
    startup_stm32f429_439xx.o(.text) refers to entry.o(.ARM.Collect$$$$00000000) for __main
    system_stm32f4xx.o(i.SystemCoreClockUpdate) refers to system_stm32f4xx.o(.data) for SystemCoreClock
    system_stm32f4xx.o(i.SystemInit) refers to system_stm32f4xx.o(i.SetSysClock) for SetSysClock
    stm32f4xx_adc.o(i.ADC_DeInit) refers to stm32f4xx_rcc.o(i.RCC_APB2PeriphResetCmd) for RCC_APB2PeriphResetCmd
    stm32f4xx_can.o(i.CAN_DeInit) refers to stm32f4xx_rcc.o(i.RCC_APB1PeriphResetCmd) for RCC_APB1PeriphResetCmd
    stm32f4xx_can.o(i.CAN_GetITStatus) refers to stm32f4xx_can.o(i.CheckITStatus) for CheckITStatus
    stm32f4xx_cryp.o(i.CRYP_DeInit) refers to stm32f4xx_rcc.o(i.RCC_AHB2PeriphResetCmd) for RCC_AHB2PeriphResetCmd
    stm32f4xx_cryp_aes.o(i.CRYP_AES_CBC) refers to stm32f4xx_cryp.o(i.CRYP_KeyStructInit) for CRYP_KeyStructInit
    stm32f4xx_cryp_aes.o(i.CRYP_AES_CBC) refers to stm32f4xx_cryp.o(i.CRYP_FIFOFlush) for CRYP_FIFOFlush
    stm32f4xx_cryp_aes.o(i.CRYP_AES_CBC) refers to stm32f4xx_cryp.o(i.CRYP_Init) for CRYP_Init
    stm32f4xx_cryp_aes.o(i.CRYP_AES_CBC) refers to stm32f4xx_cryp.o(i.CRYP_KeyInit) for CRYP_KeyInit
    stm32f4xx_cryp_aes.o(i.CRYP_AES_CBC) refers to stm32f4xx_cryp.o(i.CRYP_Cmd) for CRYP_Cmd
    stm32f4xx_cryp_aes.o(i.CRYP_AES_CBC) refers to stm32f4xx_cryp.o(i.CRYP_GetFlagStatus) for CRYP_GetFlagStatus
    stm32f4xx_cryp_aes.o(i.CRYP_AES_CBC) refers to stm32f4xx_cryp.o(i.CRYP_IVInit) for CRYP_IVInit
    stm32f4xx_cryp_aes.o(i.CRYP_AES_CBC) refers to stm32f4xx_cryp.o(i.CRYP_GetCmdStatus) for CRYP_GetCmdStatus
    stm32f4xx_cryp_aes.o(i.CRYP_AES_CBC) refers to stm32f4xx_cryp.o(i.CRYP_DataIn) for CRYP_DataIn
    stm32f4xx_cryp_aes.o(i.CRYP_AES_CBC) refers to stm32f4xx_cryp.o(i.CRYP_DataOut) for CRYP_DataOut
    stm32f4xx_cryp_aes.o(i.CRYP_AES_CCM) refers to stm32f4xx_cryp.o(i.CRYP_KeyStructInit) for CRYP_KeyStructInit
    stm32f4xx_cryp_aes.o(i.CRYP_AES_CCM) refers to stm32f4xx_cryp.o(i.CRYP_FIFOFlush) for CRYP_FIFOFlush
    stm32f4xx_cryp_aes.o(i.CRYP_AES_CCM) refers to stm32f4xx_cryp.o(i.CRYP_KeyInit) for CRYP_KeyInit
    stm32f4xx_cryp_aes.o(i.CRYP_AES_CCM) refers to stm32f4xx_cryp.o(i.CRYP_IVInit) for CRYP_IVInit
    stm32f4xx_cryp_aes.o(i.CRYP_AES_CCM) refers to stm32f4xx_cryp.o(i.CRYP_Init) for CRYP_Init
    stm32f4xx_cryp_aes.o(i.CRYP_AES_CCM) refers to stm32f4xx_cryp.o(i.CRYP_PhaseConfig) for CRYP_PhaseConfig
    stm32f4xx_cryp_aes.o(i.CRYP_AES_CCM) refers to stm32f4xx_cryp.o(i.CRYP_DataIn) for CRYP_DataIn
    stm32f4xx_cryp_aes.o(i.CRYP_AES_CCM) refers to stm32f4xx_cryp.o(i.CRYP_Cmd) for CRYP_Cmd
    stm32f4xx_cryp_aes.o(i.CRYP_AES_CCM) refers to stm32f4xx_cryp.o(i.CRYP_GetCmdStatus) for CRYP_GetCmdStatus
    stm32f4xx_cryp_aes.o(i.CRYP_AES_CCM) refers to stm32f4xx_cryp.o(i.CRYP_GetFlagStatus) for CRYP_GetFlagStatus
    stm32f4xx_cryp_aes.o(i.CRYP_AES_CCM) refers to stm32f4xx_cryp.o(i.CRYP_DataOut) for CRYP_DataOut
    stm32f4xx_cryp_aes.o(i.CRYP_AES_CTR) refers to stm32f4xx_cryp.o(i.CRYP_KeyStructInit) for CRYP_KeyStructInit
    stm32f4xx_cryp_aes.o(i.CRYP_AES_CTR) refers to stm32f4xx_cryp.o(i.CRYP_KeyInit) for CRYP_KeyInit
    stm32f4xx_cryp_aes.o(i.CRYP_AES_CTR) refers to stm32f4xx_cryp.o(i.CRYP_Init) for CRYP_Init
[...]
    TList<TObject*>::find(TObject*, bool)    0x080098ed   Thumb Code    70  tobject.o(t._ZN5TListIP7TObjectE4findES1_b)
    TList<TObject*>::last()                  0x08009933   Thumb Code    24  tobject.o(t._ZN5TListIP7TObjectE4lastEv)
    TList<TObject*>::next()                  0x0800994b   Thumb Code    44  tdialog.o(t._ZN5TListIP7TObjectE4nextEv)
    TList<TObject*>::clear()                 0x08009977   Thumb Code    86  tconnection.o(t._ZN5TListIP7TObjectE5clearEv)
    TList<TObject*>::first()                 0x080099cd   Thumb Code    22  tdialog.o(t._ZN5TListIP7TObjectE5firstEv)
    TList<TObject*>::append(TObject*)        0x080099e3   Thumb Code    64  tconnection.o(t._ZN5TListIP7TObjectE6appendES1_)
    TList<TObject*>::locate(unsigned long)   0x08009a23   Thumb Code   148  tconnection.o(t._ZN5TListIP7TObjectE6locateEm)
    TList<TObject*>::remove(TObject*)        0x08009ab7   Thumb Code    78  tobject.o(t._ZN5TListIP7TObjectE6removeES1_)
    TList<TObject*>::unlink()                0x08009b05   Thumb Code   148  tobject.o(t._ZN5TListIP7TObjectE6unlinkEv)
    TList<TObject*>::findRef(TObject*, bool) 0x08009b99   Thumb Code    52  tobject.o(t._ZN5TListIP7TObjectE7findRefES1_b)
    TList<TObject*>::TList()                 0x08009bcd   Thumb Code    34  tconnection.o(t._ZN5TListIP7TObjectEC1Ev)
    TList<TObject*>::TList__sub_object()     0x08009bcd   Thumb Code     0  tconnection.o(t._ZN5TListIP7TObjectEC1Ev)
    TList<TObject*>::~TList__deallocating()  0x08009bf9   Thumb Code    18  tconnection.o(t._ZN5TListIP7TObjectED0Ev)
    TList<TObject*>::~TList()                0x08009c0d   Thumb Code    68  tconnection.o(t._ZN5TListIP7TObjectED1Ev)
    TList<TObject*>::~TList__sub_object()    0x08009c0d   Thumb Code     0  tconnection.o(t._ZN5TListIP7TObjectED1Ev)
    TList<TWidget*>::deleteItem(void*)       0x08009c55   Thumb Code    16  twidget.o(t._ZN5TListIP7TWidgetE10deleteItemEPv)
    TList<TWidget*>::compareItems(TWidget*, TWidget*) 0x08009c65   Thumb Code    14  twidget.o(t._ZN5TListIP7TWidgetE12compareItemsES1_S1_)
    TList<TWidget*>::find(TWidget*, bool)    0x08009c73   Thumb Code    70  tdialog.o(t._ZN5TListIP7TWidgetE4findES1_b)
    TList<TWidget*>::next()                  0x08009cb9   Thumb Code    44  tpainter.o(t._ZN5TListIP7TWidgetE4nextEv)
    TList<TWidget*>::clear()                 0x08009ce5   Thumb Code    86  twidget.o(t._ZN5TListIP7TWidgetE5clearEv)
    TList<TWidget*>::first()                 0x08009d3b   Thumb Code    22  tpainter.o(t._ZN5TListIP7TWidgetE5firstEv)
    TList<TWidget*>::append(TWidget*)        0x08009d51   Thumb Code    64  twidget.o(t._ZN5TListIP7TWidgetE6appendES1_)
    TList<TWidget*>::remove(TWidget*)        0x08009d91   Thumb Code    78  tdialog.o(t._ZN5TListIP7TWidgetE6removeES1_)
    TList<TWidget*>::unlink()                0x08009ddf   Thumb Code   148  tdialog.o(t._ZN5TListIP7TWidgetE6unlinkEv)
    TList<TWidget*>::findRef(TWidget*, bool) 0x08009e73   Thumb Code    52  twidget.o(t._ZN5TListIP7TWidgetE7findRefES1_b)
    TList<TWidget*>::TList()                 0x08009ea9   Thumb Code    34  twidget.o(t._ZN5TListIP7TWidgetEC1Ev)
    TList<TWidget*>::TList__sub_object()     0x08009ea9   Thumb Code     0  twidget.o(t._ZN5TListIP7TWidgetEC1Ev)
    TList<TWidget*>::~TList__deallocating()  0x08009ed5   Thumb Code    18  twidget.o(t._ZN5TListIP7TWidgetED0Ev)
    TList<TWidget*>::~TList()                0x08009ee9   Thumb Code    68  twidget.o(t._ZN5TListIP7TWidgetED1Ev)
    TList<TWidget*>::~TList__sub_object()    0x08009ee9   Thumb Code     0  twidget.o(t._ZN5TListIP7TWidgetED1Ev)
    ASCII16x24_Table                         0x08009f30   Data        4560  fonts_1.o(.constdata)
    ASCII12x12_Table                         0x0800b100   Data        2304  fonts_1.o(.constdata)
    ASCII8x12_Table                          0x0800ba00   Data        2304  fonts_1.o(.constdata)
    ASCII8x8_Table                           0x0800c300   Data        1536  fonts_1.o(.constdata)
    vtable for TPushButton                   0x0800ca74   Data         112  tpushbutton.o(.constdata__ZTV11TPushButton)
    vtable for TTouchEvent                   0x0800cae4   Data          16  tapplication.o(.constdata__ZTV11TTouchEvent)
    vtable for tCollection<TConnection*>     0x0800caf4   Data          32  tobject.o(.constdata__ZTV11tCollectionIP11TConnectionE)
    vtable for tCollection<TObject*>         0x0800cb14   Data          32  tconnection.o(.constdata__ZTV11tCollectionIP7TObjectE)
    vtable for tCollection<TWidget*>         0x0800cb34   Data          32  twidget.o(.constdata__ZTV11tCollectionIP7TWidgetE)
    vtable for tWidgetList                   0x0800cb54   Data          40  twidget.o(.constdata__ZTV11tWidgetList)
    vtable for TConnectList                  0x0800cb7c   Data          40  tobject.o(.constdata__ZTV12TConnectList)
    vtable for TRadioButton                  0x0800cba4   Data         112  tradiobutton.o(.constdata__ZTV12TRadioButton)
    vtable for TTouchDirver                  0x0800cc14   Data          20  tdirver.o(.constdata__ZTV12TTouchDirver)
    vtable for TAbstractButton               0x0800cc28   Data         112  tabstractbutton.o(.constdata__ZTV15TAbstractButton)
    vtable for TAbstractSlider               0x0800cc98   Data         116  tabstractslider.o(.constdata__ZTV15TAbstractSlider)
    vtable for User                          0x0800cd0c   Data         100  user.o(.constdata__ZTV4User)
    vtable for TList<TConnection*>           0x0800cd70   Data          36  tobject.o(.constdata__ZTV5TListIP11TConnectionE)
    vtable for TList<TObject*>               0x0800cd94   Data          36  tconnection.o(.constdata__ZTV5TListIP7TObjectE)
    vtable for TList<TWidget*>               0x0800cdb8   Data          36  twidget.o(.constdata__ZTV5TListIP7TWidgetE)
    vtable for TArray                        0x0800cddc   Data          28  tarray.o(.constdata__ZTV6TArray)
    vtable for TEvent                        0x0800cdf8   Data          16  tapplication.o(.constdata__ZTV6TEvent)
    vtable for TFrame                        0x0800ce08   Data         100  tframe.o(.constdata__ZTV6TFrame)
    vtable for TLabel                        0x0800ce6c   Data         100  tlabel.o(.constdata__ZTV6TLabel)
    vtable for TDialog                       0x0800ced0   Data         100  tdialog.o(.constdata__ZTV7TDialog)
    vtable for TDirver                       0x0800cf34   Data          20  tguimain.o(.constdata__ZTV7TDirver)
    vtable for TObject                       0x0800cf48   Data          20  tobject.o(.constdata__ZTV7TObject)
    vtable for TSlider                       0x0800cf5c   Data         120  tslider.o(.constdata__ZTV7TSlider)
    vtable for TString                       0x0800cfd4   Data          28  tstring.o(.constdata__ZTV7TString)
    vtable for TWidget                       0x0800cff0   Data         100  twidget.o(.constdata__ZTV7TWidget)
    vtable for TObjList                      0x0800d054   Data          40  tconnection.o(.constdata__ZTV8TObjList)
    vtable for TCheckBox                     0x0800d07c   Data         112  tcheckbox.o(.constdata__ZTV9TCheckBox)
    Region$$Table$$Base                      0x0800d190   Number         0  anon$$obj.o(Region$$Table)
    Region$$Table$$Limit                     0x0800d1c0   Number         0  anon$$obj.o(Region$$Table)
    SystemCoreClock                          0x20000000   Data           4  system_stm32f4xx.o(.data)
    AHBPrescTable                            0x20000004   Data          16  system_stm32f4xx.o(.data)
    tim6_count                               0x20000038   Data           4  main.o(.data)
    Font16x24                                0x2000003c   Data           8  fonts_1.o(.data)
    Font12x12                                0x20000044   Data           8  fonts_1.o(.data)
    Font8x12                                 0x2000004c   Data           8  fonts_1.o(.data)
    Font8x8                                  0x20000054   Data           8  fonts_1.o(.data)
    pxCurrentTCB                             0x20000060   Data           4  tasks.o(.data)
    CTP_CFG_GT9157                           0x200000d4   Data         186  gt9xx.o(.data)
    CTP_CFG_GT911                            0x2000018e   Data         186  gt9xx.o(.data)
    config                                   0x20000248   Data         242  gt9xx.o(.data)
    touchIC                                  0x2000033a   Data           1  gt9xx.o(.data)
    I2CTimeout                               0x20000358   Data           4  touch_i2c.o(.data)
    win_id                                   0x2000035c   Data           4  tgui_conf.o(.data)
    TouchX_pre                               0x20000360   Data           4  tgui_conf.o(.data)
    TouchY_pre                               0x20000364   Data           4  tgui_conf.o(.data)
    TouchX                                   0x20000368   Data           4  tgui_conf.o(.data)
    TouchY                                   0x2000036c   Data           4  tgui_conf.o(.data)
    state                                    0x20000370   Data           1  tgui_conf.o(.data)
    __stdout                                 0x20000374   Data           4  stdout.o(.data)
    __microlib_freelist                      0x20000378   Data           4  mvars.o(.data)
    __microlib_freelist_initialised          0x2000037c   Data           4  mvars.o(.data)
    xQueueRegistry                           0x2000038c   Data          64  queue.o(.bss)
    __initial_sp                             0x200154c0   Data           0  startup_stm32f429_439xx.o(STACK)
    testValue                                0xd0000000   Data           1  sdramtest.o(.ARM.__AT_0xD0000000)
    __heap_base                              0xd0000008   Data           0  startup_stm32f429_439xx.o(HEAP)
    __heap_limit                             0xd0400008   Data           0  startup_stm32f429_439xx.o(HEAP)



==============================================================================

Memory Map of the image

  Image Entry point : 0x080001ad

  Load Region LR_IROM1 (Base: 0x08000000, Size: 0x0000d54c, Max: 0x00100000, ABSOLUTE, COMPRESSED[0x0000d2d4])

    Execution Region ER_IROM1 (Exec base: 0x08000000, Load base: 0x08000000, Size: 0x0000d1c0, Max: 0x00100000, ABSOLUTE)

    Exec Addr    Load Addr    Size         Type   Attr      Idx    E Section Name        Object

    0x08000000   0x08000000   0x000001ac   Data   RO            3    RESET               startup_stm32f429_439xx.o
    0x080001ac   0x080001ac   0x00000000   Code   RO        13929  * .ARM.Collect$$$$00000000  mc_w.l(entry.o)
    0x080001ac   0x080001ac   0x00000004   Code   RO        14307    .ARM.Collect$$$$00000001  mc_w.l(entry2.o)
    0x080001b0   0x080001b0   0x00000004   Code   RO        14310    .ARM.Collect$$$$00000004  mc_w.l(entry5.o)
    0x080001b4   0x080001b4   0x00000000   Code   RO        14312    .ARM.Collect$$$$00000008  mc_w.l(entry7b.o)
    0x080001b4   0x080001b4   0x00000000   Code   RO        14314    .ARM.Collect$$$$0000000A  mc_w.l(entry8b.o)
    0x080001b4   0x080001b4   0x00000008   Code   RO        14315    .ARM.Collect$$$$0000000B  mc_w.l(entry9a.o)
    0x080001bc   0x080001bc   0x00000000   Code   RO        14317    .ARM.Collect$$$$0000000D  mc_w.l(entry10a.o)
    0x080001bc   0x080001bc   0x00000000   Code   RO        14319    .ARM.Collect$$$$0000000F  mc_w.l(entry11a.o)
    0x080001bc   0x080001bc   0x00000004   Code   RO        14308    .ARM.Collect$$$$00002712  mc_w.l(entry2.o)
    0x080001c0   0x080001c0   0x000000b6   Code   RO         7890    .emb_text           port.o
    0x08000276   0x08000276   0x00000002   PAD
    0x08000278   0x08000278   0x0000002c   Code   RO            4    .text               startup_stm32f429_439xx.o
    0x080002a4   0x080002a4   0x00000040   Code   RO        13966    .text               mc_w.l(memmovea.o)
    0x080002e4   0x080002e4   0x00000024   Code   RO        13968    .text               mc_w.l(memseta.o)
    0x08000308   0x08000308   0x0000000e   Code   RO        13976    .text               mc_w.l(strlen.o)
    0x08000316   0x08000316   0x00000004   Code   RO        14278    .text               cpprt_w.l(arm_newhandler_noexceptions.o)
    0x0800031a   0x0800031a   0x00000062   Code   RO        14324    .text               mc_w.l(uldiv.o)
    0x0800037c   0x0800037c   0x0000001e   Code   RO        14326    .text               mc_w.l(llshl.o)
    0x0800039a   0x0800039a   0x00000002   PAD
    0x0800039c   0x0800039c   0x00000014   Code   RO        14343    .text               mc_w.l(cpp_memory.o)
    0x080003b0   0x080003b0   0x00000002   Code   RO        14346    .text               mc_w.l(cpp_signal.o)
    0x080003b2   0x080003b2   0x0000001a   Code   RO        14376    .text               cpprt_w.l(arm_exceptions_terminate.o)
    0x080003cc   0x080003cc   0x00000050   Code   RO        14379    .text               cpprt_w.l(arm_exceptions_globs.o)
    0x0800041c   0x0800041c   0x00000024   Code   RO        14385    .text               mc_w.l(init.o)
    0x08000440   0x08000440   0x00000020   Code   RO        14387    .text               mc_w.l(llushr.o)
    0x08000460   0x08000460   0x0000003c   Code   RO        14392    .text               cpprt_w.l(arm_exceptions_mem.o)
    0x0800049c   0x0800049c   0x00000056   Code   RO        14413    .text               mc_w.l(__dczerorl2.o)
    0x080004f2   0x080004f2   0x00000004   Code   RO         5161    i.BusFault_Handler  stm32f4xx_it.o
    0x080004f6   0x080004f6   0x00000016   Code   RO         1358    i.DMA2D_DeInit      stm32f4xx_dma2d.o
    0x0800050c   0x0800050c   0x00000018   Code   RO         1363    i.DMA2D_GetFlagStatus  stm32f4xx_dma2d.o
    0x08000524   0x08000524   0x000000e4   Code   RO         1366    i.DMA2D_Init        stm32f4xx_dma2d.o
    0x08000608   0x08000608   0x00000014   Code   RO         1368    i.DMA2D_StartTransfer  stm32f4xx_dma2d.o
    0x0800061c   0x0800061c   0x00000002   Code   RO         5162    i.DebugMon_Handler  stm32f4xx_it.o
    0x0800061e   0x0800061e   0x00000012   Code   RO         5256    i.Delay             delay_conf.o
    0x08000630   0x08000630   0x00000012   Code   RO         8251    i.Delay             touch_i2c.o
    0x08000642   0x08000642   0x0000001e   Code   RO         5163    i.EXTI15_10_IRQHandler  stm32f4xx_it.o
    0x08000660   0x08000660   0x0000000c   Code   RO         1485    i.EXTI_ClearITPendingBit  stm32f4xx_exti.o
    0x0800066c   0x0800066c   0x00000018   Code   RO         1489    i.EXTI_GetITStatus  stm32f4xx_exti.o
    0x08000684   0x08000684   0x00000094   Code   RO         1490    i.EXTI_Init         stm32f4xx_exti.o
    0x08000718   0x08000718   0x000000dc   Code   RO         5280    i.FLASHConfig       flash_conf.o
    0x080007f4   0x080007f4   0x00000048   Code   RO         1844    i.FMC_GetFlagStatus  stm32f4xx_fmc.o
    0x0800083c   0x0800083c   0x00000020   Code   RO         1861    i.FMC_SDRAMCmdConfig  stm32f4xx_fmc.o
    0x0800085c   0x0800085c   0x00000144   Code   RO         1863    i.FMC_SDRAMInit     stm32f4xx_fmc.o
    0x080009a0   0x080009a0   0x00000018   Code   RO         1867    i.FMC_SetRefreshCount  stm32f4xx_fmc.o
    0x080009b8   0x080009b8   0x00000090   Code   RO         2046    i.GPIO_Init         stm32f4xx_gpio.o
    0x08000a48   0x08000a48   0x00000046   Code   RO         2047    i.GPIO_PinAFConfig  stm32f4xx_gpio.o
    0x08000a8e   0x08000a8e   0x00000004   Code   RO         2053    i.GPIO_ResetBits    stm32f4xx_gpio.o
    0x08000a92   0x08000a92   0x00000004   Code   RO         2054    i.GPIO_SetBits      stm32f4xx_gpio.o
    0x08000a96   0x08000a96   0x00000008   Code   RO         2056    i.GPIO_ToggleBits   stm32f4xx_gpio.o
    0x08000a9e   0x08000a9e   0x0000000a   Code   RO         2058    i.GPIO_WriteBit     stm32f4xx_gpio.o
    0x08000aa8   0x08000aa8   0x000000c8   Code   RO         8019    i.GTP_Get_Info      gt9xx.o
    0x08000b70   0x08000b70   0x00000084   Code   RO         8020    i.GTP_I2C_Read      gt9xx.o
    0x08000bf4   0x08000bf4   0x00000070   Code   RO         8022    i.GTP_I2C_Test      gt9xx.o
    0x08000c64   0x08000c64   0x00000060   Code   RO         8023    i.GTP_I2C_Write     gt9xx.o
    0x08000cc4   0x08000cc4   0x00000108   Code   RO         8026    i.GTP_Init_Panel    gt9xx.o
    0x08000dcc   0x08000dcc   0x00000158   Code   RO         8027    i.GTP_Read_Version  gt9xx.o
    0x08000f24   0x08000f24   0x0000000c   Code   RO         8030    i.GTP_TouchProcess  gt9xx.o
    0x08000f30   0x08000f30   0x0000003c   Code   RO         8031    i.GTP_Touch_Down    gt9xx.o
    0x08000f6c   0x08000f6c   0x00000030   Code   RO         8032    i.GTP_Touch_Up      gt9xx.o
    0x08000f9c   0x08000f9c   0x000001f0   Code   RO         8034    i.Goodix_TS_Work_Func  gt9xx.o
    0x0800118c   0x0800118c   0x00000004   Code   RO         5164    i.HardFault_Handler  stm32f4xx_it.o
    0x08001190   0x08001190   0x00000018   Code   RO         2334    i.I2C_AcknowledgeConfig  stm32f4xx_i2c.o
    0x080011a8   0x080011a8   0x0000002a   Code   RO         2337    i.I2C_CheckEvent    stm32f4xx_i2c.o
    0x080011d2   0x080011d2   0x00000018   Code   RO         2340    i.I2C_Cmd           stm32f4xx_i2c.o
    0x080011ea   0x080011ea   0x00000002   PAD
    0x080011ec   0x080011ec   0x000000b4   Code   RO         8252    i.I2C_GPIO_Config   touch_i2c.o
    0x080012a0   0x080012a0   0x00000078   Code   RO         8254    i.I2C_GTP_IRQEnable  touch_i2c.o
    0x08001318   0x08001318   0x00000018   Code   RO         2348    i.I2C_GenerateSTART  stm32f4xx_i2c.o
    0x08001330   0x08001330   0x00000018   Code   RO         2349    i.I2C_GenerateSTOP  stm32f4xx_i2c.o
    0x08001348   0x08001348   0x0000003a   Code   RO         2350    i.I2C_GetFlagStatus  stm32f4xx_i2c.o
    0x08001382   0x08001382   0x00000002   PAD
    0x08001384   0x08001384   0x000000e8   Code   RO         2355    i.I2C_Init          stm32f4xx_i2c.o
    0x0800146c   0x0800146c   0x0000004c   Code   RO         8255    i.I2C_Mode_Config   touch_i2c.o
    0x080014b8   0x080014b8   0x00000108   Code   RO         8256    i.I2C_ReadBytes     touch_i2c.o
    0x080015c0   0x080015c0   0x00000008   Code   RO         2360    i.I2C_ReceiveData   stm32f4xx_i2c.o
    0x080015c8   0x080015c8   0x00000074   Code   RO         8257    i.I2C_ResetChip     touch_i2c.o
    0x0800163c   0x0800163c   0x00000010   Code   RO         2362    i.I2C_Send7bitAddress  stm32f4xx_i2c.o
    0x0800164c   0x0800164c   0x00000004   Code   RO         2363    i.I2C_SendData      stm32f4xx_i2c.o
    0x08001650   0x08001650   0x00000044   Code   RO         8258    i.I2C_TIMEOUT_UserCallback  touch_i2c.o
    0x08001694   0x08001694   0x00000014   Code   RO         8259    i.I2C_Touch_Init    touch_i2c.o
    0x080016a8   0x080016a8   0x0000007e   Code   RO         8035    i.I2C_Transfer      gt9xx.o
    0x08001726   0x08001726   0x00000002   PAD
    0x08001728   0x08001728   0x000000f8   Code   RO         8260    i.I2C_WriteBytes    touch_i2c.o
    0x08001820   0x08001820   0x00000080   Code   RO         5405    i.LCD_Clear         lcd_conf.o
    0x080018a0   0x080018a0   0x00000308   Code   RO         5429    i.LCD_GPIO_Config   lcd_conf.o
    0x08001ba8   0x08001ba8   0x000000b4   Code   RO         5432    i.LCD_Init          lcd_conf.o
    0x08001c5c   0x08001c5c   0x000000a0   Code   RO         5433    i.LCD_LayerInit     lcd_conf.o
    0x08001cfc   0x08001cfc   0x0000000c   Code   RO         5443    i.LCD_SetFont       lcd_conf.o
    0x08001d08   0x08001d08   0x00000030   Code   RO         5444    i.LCD_SetLayer      lcd_conf.o
    0x08001d38   0x08001d38   0x00000030   Code   RO         5446    i.LCD_SetTransparency  lcd_conf.o
    0x08001d68   0x08001d68   0x0000003c   Code   RO         5725    i.LED_BLUE_Config   led_conf.o
    0x08001da4   0x08001da4   0x0000003c   Code   RO         5729    i.LED_GREEN_Config  led_conf.o
    0x08001de0   0x08001de0   0x00000014   Code   RO         5732    i.LED_GREEN_Toggle  led_conf.o
    0x08001df4   0x08001df4   0x0000003c   Code   RO         5733    i.LED_RED_Config    led_conf.o
    0x08001e30   0x08001e30   0x00000014   Code   RO         5736    i.LED_RED_Toggle    led_conf.o
    0x08001e44   0x08001e44   0x00000024   Code   RO         2620    i.LTDC_Cmd          stm32f4xx_ltdc.o
    0x08001e68   0x08001e68   0x00000188   Code   RO         2631    i.LTDC_Init         stm32f4xx_ltdc.o
    0x08001ff0   0x08001ff0   0x00000004   Code   RO         2634    i.LTDC_LayerAlpha   stm32f4xx_ltdc.o
    0x08001ff4   0x08001ff4   0x00000016   Code   RO         2635    i.LTDC_LayerCmd     stm32f4xx_ltdc.o
    0x0800200a   0x0800200a   0x00000114   Code   RO         2636    i.LTDC_LayerInit    stm32f4xx_ltdc.o
    0x0800211e   0x0800211e   0x00000002   PAD
    0x08002120   0x08002120   0x0000000c   Code   RO         2643    i.LTDC_ReloadConfig  stm32f4xx_ltdc.o
    0x0800212c   0x0800212c   0x00000004   Code   RO         5165    i.MemManage_Handler  stm32f4xx_it.o
    0x08002130   0x08002130   0x00000002   Code   RO         5166    i.NMI_Handler       stm32f4xx_it.o
    0x08002132   0x08002132   0x00000002   PAD
    0x08002134   0x08002134   0x00000078   Code   RO          164    i.NVIC_Init         misc.o
    0x080021ac   0x080021ac   0x00000014   Code   RO          165    i.NVIC_PriorityGroupConfig  misc.o
    0x080021c0   0x080021c0   0x00000020   Code   RO         2960    i.RCC_AHB1PeriphClockCmd  stm32f4xx_rcc.o
    0x080021e0   0x080021e0   0x00000020   Code   RO         2962    i.RCC_AHB1PeriphResetCmd  stm32f4xx_rcc.o
    0x08002200   0x08002200   0x00000020   Code   RO         2966    i.RCC_AHB3PeriphClockCmd  stm32f4xx_rcc.o
    0x08002220   0x08002220   0x00000020   Code   RO         2969    i.RCC_APB1PeriphClockCmd  stm32f4xx_rcc.o
    0x08002240   0x08002240   0x00000020   Code   RO         2972    i.RCC_APB2PeriphClockCmd  stm32f4xx_rcc.o
    0x08002260   0x08002260   0x000000e8   Code   RO         2981    i.RCC_GetClocksFreq  stm32f4xx_rcc.o
    0x08002348   0x08002348   0x00000040   Code   RO         2982    i.RCC_GetFlagStatus  stm32f4xx_rcc.o
    0x08002388   0x08002388   0x00000018   Code   RO         2993    i.RCC_LTDCCLKDivConfig  stm32f4xx_rcc.o
    0x080023a0   0x080023a0   0x0000000c   Code   RO         3002    i.RCC_PLLSAICmd     stm32f4xx_rcc.o
    0x080023ac   0x080023ac   0x00000018   Code   RO         3003    i.RCC_PLLSAIConfig  stm32f4xx_rcc.o
    0x080023c4   0x080023c4   0x00000064   Code   RO         5818    i.SDRAMConfig       sdram_conf.o
    0x08002428   0x08002428   0x000003a4   Code   RO         5819    i.SDRAM_GPIO_Config  sdram_conf.o
    0x080027cc   0x080027cc   0x000000b0   Code   RO         5820    i.SDRAM_InitSequence  sdram_conf.o
    0x0800287c   0x0800287c   0x00000024   Code   RO         5824    i.SDRAM_delay       sdram_conf.o
    0x080028a0   0x080028a0   0x00000018   Code   RO         4115    i.SPI_Cmd           stm32f4xx_spi.o
    0x080028b8   0x080028b8   0x0000003c   Code   RO         4128    i.SPI_Init          stm32f4xx_spi.o
    0x080028f4   0x080028f4   0x00000040   Code   RO         4280    i.SYSCFG_EXTILineConfig  stm32f4xx_syscfg.o
    0x08002934   0x08002934   0x00000120   Code   RO           13    i.SetSysClock       system_stm32f4xx.o
    0x08002a54   0x08002a54   0x00000034   Code   RO         7891    i.SysTick_Handler   port.o
    0x08002a88   0x08002a88   0x00000068   Code   RO           15    i.SystemInit        system_stm32f4xx.o
    0x08002af0   0x08002af0   0x00000028   Code   RO         5167    i.TIM6_DAC_IRQHandler  stm32f4xx_it.o
    0x08002b18   0x08002b18   0x0000000c   Code   RO         6376    i.TIM_Basic_Config  tim_conf.o
    0x08002b24   0x08002b24   0x00000006   Code   RO         4347    i.TIM_ClearFlag     stm32f4xx_tim.o
    0x08002b2a   0x08002b2a   0x00000006   Code   RO         4348    i.TIM_ClearITPendingBit  stm32f4xx_tim.o
    0x08002b30   0x08002b30   0x00000018   Code   RO         4353    i.TIM_Cmd           stm32f4xx_tim.o
    0x08002b48   0x08002b48   0x00000022   Code   RO         4374    i.TIM_GetITStatus   stm32f4xx_tim.o
    0x08002b6a   0x08002b6a   0x00000012   Code   RO         4378    i.TIM_ITConfig      stm32f4xx_tim.o
    0x08002b7c   0x08002b7c   0x00000040   Code   RO         6377    i.TIM_Mode_Config   tim_conf.o
    0x08002bbc   0x08002bbc   0x00000084   Code   RO         4425    i.TIM_TimeBaseInit  stm32f4xx_tim.o
    0x08002c40   0x08002c40   0x0000002a   Code   RO         6378    i.TIMx_NVIC_Config  tim_conf.o
    0x08002c6a   0x08002c6a   0x00000002   PAD
    0x08002c6c   0x08002c6c   0x000000a8   Code   RO         5876    i.USART1Config      usart_conf.o
    0x08002d14   0x08002d14   0x00000002   Code   RO         5168    i.USART1_IRQHandler  stm32f4xx_it.o
    0x08002d16   0x08002d16   0x00000028   Code   RO         5877    i.USART1_NVICConfig  usart_conf.o
    0x08002d3e   0x08002d3e   0x00000018   Code   RO         4907    i.USART_Cmd         stm32f4xx_usart.o
    0x08002d56   0x08002d56   0x0000001a   Code   RO         4910    i.USART_GetFlagStatus  stm32f4xx_usart.o
    0x08002d70   0x08002d70   0x0000004a   Code   RO         4913    i.USART_ITConfig    stm32f4xx_usart.o
    0x08002dba   0x08002dba   0x00000002   PAD
    0x08002dbc   0x08002dbc   0x000000d4   Code   RO         4914    i.USART_Init        stm32f4xx_usart.o
    0x08002e90   0x08002e90   0x00000008   Code   RO         4924    i.USART_SendData    stm32f4xx_usart.o
    0x08002e98   0x08002e98   0x00000004   Code   RO         5169    i.UsageFault_Handler  stm32f4xx_it.o
    0x08002e9c   0x08002e9c   0x00000004   Code   RO         5980    i._Z10task0_tempPv  main.o
    0x08002ea0   0x08002ea0   0x00000008   Code   RO         5981    i._Z10task2_tguiPv  main.o
    0x08002ea8   0x08002ea8   0x00000004   Code   RO         5982    i._Z12task3_driverPv  main.o
    0x08002eac   0x08002eac   0x00000304   Code   RO         9539    i._Z7TGuiRunv       tguimain.o
    0x080031b0   0x080031b0   0x00000010   Code   RO         5983    i._Z9task1_ledPv    main.o
    0x080031c0   0x080031c0   0x000000a0   Code   RO        13501    i._ZN11TBufPainter10drawButtonEllllPKcb  tbufpainter.o
    0x08003260   0x08003260   0x0000008e   Code   RO        13502    i._ZN11TBufPainter10drawCircleElll  tbufpainter.o
    0x080032ee   0x080032ee   0x00000002   PAD
    0x080032f0   0x080032f0   0x00000090   Code   RO        13504    i._ZN11TBufPainter10drawDialogEllllPKcbm  tbufpainter.o
    0x08003380   0x08003380   0x00000038   Code   RO        13505    i._ZN11TBufPainter10drawEnTextEllPKclb  tbufpainter.o
    0x080033b8   0x080033b8   0x00000030   Code   RO        13507    i._ZN11TBufPainter12drawFullRectEllll  tbufpainter.o
    0x080033e8   0x080033e8   0x00000004   Code   RO        13705    i._ZN11TBufPainter12setTextColorEm  tbufpainter.o
    0x080033ec   0x080033ec   0x0000004c   Code   RO        13509    i._ZN11TBufPainter13displayEnCharEllhb  tbufpainter.o
    0x08003438   0x08003438   0x000000f2   Code   RO        13510    i._ZN11TBufPainter13drawWinShadesEllllmmmmmb  tbufpainter.o
    0x0800352a   0x0800352a   0x0000007e   Code   RO        13511    i._ZN11TBufPainter14drawFullCircleElll  tbufpainter.o
    0x080035a8   0x080035a8   0x000001d4   Code   RO        13513    i._ZN11TBufPainter14drawVertSliderEllllllbm  tbufpainter.o
    0x0800377c   0x0800377c   0x0000009c   Code   RO        13514    i._ZN11TBufPainter15drawDialogTitleElllPKcb  tbufpainter.o
    0x08003818   0x08003818   0x000001d4   Code   RO        13517    i._ZN11TBufPainter15drawHorizSliderEllllllbm  tbufpainter.o
    0x080039ec   0x080039ec   0x00000082   Code   RO        13518    i._ZN11TBufPainter16drawCenterEnTextEllllPKcmmbb  tbufpainter.o
    0x08003a6e   0x08003a6e   0x000000a2   Code   RO        13520    i._ZN11TBufPainter8drawCharEllPKtb  tbufpainter.o
    0x08003b10   0x08003b10   0x00000152   Code   RO        13521    i._ZN11TBufPainter8drawLineEllll  tbufpainter.o
    0x08003c62   0x08003c62   0x00000002   PAD
    0x08003c64   0x08003c64   0x000000e8   Code   RO        13523    i._ZN11TBufPainter9drawCheckEllllPKcbbm  tbufpainter.o
    0x08003d4c   0x08003d4c   0x00000028   Code   RO        13524    i._ZN11TBufPainter9drawHLineElll  tbufpainter.o
    0x08003d74   0x08003d74   0x0000004a   Code   RO        13525    i._ZN11TBufPainter9drawLabelEllllPKcmm  tbufpainter.o
    0x08003dbe   0x08003dbe   0x00000026   Code   RO        13527    i._ZN11TBufPainter9drawPointEll  tbufpainter.o
    0x08003de4   0x08003de4   0x00000140   Code   RO        13528    i._ZN11TBufPainter9drawRadioEllllPKcbbm  tbufpainter.o
    0x08003f24   0x08003f24   0x00000026   Code   RO        13529    i._ZN11TBufPainter9drawVLineElll  tbufpainter.o
    0x08003f4a   0x08003f4a   0x00000042   Code   RO        13530    i._ZN11TBufPainter9paintMetaEP5TRect  tbufpainter.o
    0x08003f8c   0x08003f8c   0x00000006   Code   RO        13531    i._ZN11TBufPainter9setColorsEmm  tbufpainter.o
    0x08003f92   0x08003f92   0x00000002   PAD
    0x08003f94   0x08003f94   0x00000014   Code   RO        13532    i._ZN11TBufPainterC1EPmP5TRect  tbufpainter.o
    0x08003fa8   0x08003fa8   0x000000e0   Code   RO        12236    i._ZN11TConnection6activeEll  tconnection.o
    0x08004088   0x08004088   0x00000064   Code   RO        12238    i._ZN11TConnectionC1EM7TObjectFviiEPS0_S2_  tconnection.o
    0x080040ec   0x080040ec   0x00000080   Code   RO        11221    i._ZN11TPushButton11sig_depressEll  tpushbutton.o
    0x0800416c   0x0800416c   0x00000080   Code   RO        11222    i._ZN11TPushButton11sig_releaseEll  tpushbutton.o
    0x080041ec   0x080041ec   0x0000000c   Code   RO        11223    i._ZN11TPushButton4showEv  tpushbutton.o
    0x080041f8   0x080041f8   0x00000066   Code   RO        11224    i._ZN11TPushButton7releaseEv  tpushbutton.o
    0x0800425e   0x0800425e   0x00000002   PAD
    0x08004260   0x08004260   0x0000008c   Code   RO        11225    i._ZN11TPushButtonC1EllllPKcP7TWidget  tpushbutton.o
    0x080042ec   0x080042ec   0x00000012   Code   RO        11267    i._ZN11TPushButtonD0Ev  tpushbutton.o
    0x080042fe   0x080042fe   0x00000010   Code   RO         9566    i._ZN11TPushButtonD1Ev  tguimain.o
    0x0800430e   0x0800430e   0x00000012   Code   RO        13330    i._ZN11TTouchEventD0Ev  tapplication.o
    0x08004320   0x08004320   0x00000020   Code   RO        13307    i._ZN11TTouchEventD1Ev  tapplication.o
    0x08004340   0x08004340   0x00000008   Code   RO         9394    i._ZN11tWidgetList10getCurrentEv  tpainter.o
    0x08004348   0x08004348   0x0000000c   Code   RO        12022    i._ZN11tWidgetList5clearEv  twidget.o
    0x08004354   0x08004354   0x00000010   Code   RO        11987    i._ZN11tWidgetList6appendEP7TWidget  twidget.o
    0x08004364   0x08004364   0x00000010   Code   RO        10626    i._ZN11tWidgetList6removeEP7TWidget  tdialog.o
    0x08004374   0x08004374   0x0000000c   Code   RO         9382    i._ZN11tWidgetList7getNextEv  tpainter.o
    0x08004380   0x08004380   0x0000000c   Code   RO         9388    i._ZN11tWidgetList8getFirstEv  tpainter.o
    0x0800438c   0x0800438c   0x00000012   Code   RO        12031    i._ZN11tWidgetListD0Ev  twidget.o
    0x0800439e   0x0800439e   0x0000000e   Code   RO        12028    i._ZN11tWidgetListD1Ev  twidget.o
    0x080043ac   0x080043ac   0x00000024   Code   RO        13219    i._ZN12TApplication10distributeEv  tapplication.o
    0x080043d0   0x080043d0   0x00000014   Code   RO        13222    i._ZN12TApplication3runEv  tapplication.o
    0x080043e4   0x080043e4   0x0000001c   Code   RO        13223    i._ZN12TApplication4emitEP7TObject  tapplication.o
    0x08004400   0x08004400   0x00000012   Code   RO        13224    i._ZN12TApplication4showEv  tapplication.o
    0x08004412   0x08004412   0x00000012   Code   RO        13225    i._ZN12TApplication7destroyEv  tapplication.o
    0x08004424   0x08004424   0x000000b0   Code   RO        13226    i._ZN12TApplication8visitAllEP7TObjectPS_  tapplication.o
    0x080044d4   0x080044d4   0x000000a8   Code   RO        13227    i._ZN12TApplication9translateEP7TDirver  tapplication.o
    0x0800457c   0x0800457c   0x0000000e   Code   RO        13228    i._ZN12TApplicationC1EP7TWidgetP7TDirver  tapplication.o
    0x0800458a   0x0800458a   0x0000000e   Code   RO        13229    i._ZN12TApplicationD1Ev  tapplication.o
    0x08004598   0x08004598   0x00000028   Code   RO        12671    i._ZN12TConnectList2atEm  tobject.o
    0x080045c0   0x080045c0   0x00000086   Code   RO         8543    i._ZN12TConnectList4findEM7TObjectFviiE  tconnectlist.o
    0x08004646   0x08004646   0x0000000c   Code   RO        12738    i._ZN12TConnectList5clearEv  tobject.o
    0x08004652   0x08004652   0x00000002   PAD
    0x08004654   0x08004654   0x00000098   Code   RO        11315    i._ZN12TRadioButton11sig_depressEll  tradiobutton.o
    0x080046ec   0x080046ec   0x0000009c   Code   RO        11316    i._ZN12TRadioButton11sig_releaseEll  tradiobutton.o
    0x08004788   0x08004788   0x00000008   Code   RO        11317    i._ZN12TRadioButton12addNextRadioEPS_  tradiobutton.o
    0x08004790   0x08004790   0x00000040   Code   RO        11318    i._ZN12TRadioButton17changeOtherSelectEv  tradiobutton.o
    0x080047d0   0x080047d0   0x0000000c   Code   RO        11319    i._ZN12TRadioButton4showEv  tradiobutton.o
    0x080047dc   0x080047dc   0x0000007e   Code   RO        11320    i._ZN12TRadioButton7releaseEv  tradiobutton.o
    0x0800485a   0x0800485a   0x0000001e   Code   RO        11321    i._ZN12TRadioButton8delRadioEv  tradiobutton.o
    0x08004878   0x08004878   0x000000ac   Code   RO        11322    i._ZN12TRadioButtonC1EllllPKcP7TWidget  tradiobutton.o
    0x08004924   0x08004924   0x00000012   Code   RO        11386    i._ZN12TRadioButtonD0Ev  tradiobutton.o
    0x08004936   0x08004936   0x00000002   PAD
    0x08004938   0x08004938   0x00000020   Code   RO         9572    i._ZN12TRadioButtonD1Ev  tguimain.o
    0x08004958   0x08004958   0x00000010   Code   RO        13151    i._ZN12TTouchDirver10changeLockEv  tdirver.o
    0x08004968   0x08004968   0x00000090   Code   RO        13125    i._ZN12TTouchDirver10obtainDataEv  tdirver.o
    0x080049f8   0x080049f8   0x00000006   Code   RO        13163    i._ZN12TTouchDirver8dataBackEv  tdirver.o
    0x080049fe   0x080049fe   0x00000006   Code   RO        13157    i._ZN12TTouchDirver9dataFrontEv  tdirver.o
    0x08004a04   0x08004a04   0x00000002   Code   RO        10044    i._ZN15TAbstractButton10closeEventEP11TCloseEvent  tabstractbutton.o
    0x08004a06   0x08004a06   0x00000002   Code   RO        10014    i._ZN15TAbstractButton10enterEventEP6TEvent  tabstractbutton.o
    0x08004a08   0x08004a08   0x00000002   Code   RO        10020    i._ZN15TAbstractButton10leaveEventEP6TEvent  tabstractbutton.o
    0x08004a0a   0x08004a0a   0x00000002   Code   RO        10026    i._ZN15TAbstractButton10painTEventEP11TPainTEvent  tabstractbutton.o
    0x08004a0c   0x08004a0c   0x00000002   Code   RO        10038    i._ZN15TAbstractButton11resizeEventEP12TResizeEvent  tabstractbutton.o
    0x08004a0e   0x08004a0e   0x00000002   Code   RO        10002    i._ZN15TAbstractButton12focusInEventEP11TFocusEvent  tabstractbutton.o
    0x08004a10   0x08004a10   0x00000002   Code   RO        10008    i._ZN15TAbstractButton13focusOuTEventEP11TFocusEvent  tabstractbutton.o
    0x08004a12   0x08004a12   0x00000002   Code   RO         9990    i._ZN15TAbstractButton13keyPressEventEP9TKeyEvent  tabstractbutton.o
    0x08004a14   0x08004a14   0x00000002   Code   RO         9984    i._ZN15TAbstractButton14mouseMoveEventEP11TMouseEvent  tabstractbutton.o
    0x08004a16   0x08004a16   0x00000036   Code   RO         9898    i._ZN15TAbstractButton14touchMoveEventEP11TTouchEvent  tabstractbutton.o
    0x08004a4c   0x08004a4c   0x00000002   Code   RO         9996    i._ZN15TAbstractButton15keyReleaseEventEP9TKeyEvent  tabstractbutton.o
    0x08004a4e   0x08004a4e   0x00000002   Code   RO         9978    i._ZN15TAbstractButton15mouseClickEventEP11TMouseEvent  tabstractbutton.o
    0x08004a50   0x08004a50   0x00000002   Code   RO         9960    i._ZN15TAbstractButton15mousePressEventEP11TMouseEvent  tabstractbutton.o
    0x08004a52   0x08004a52   0x00000002   Code   RO         9954    i._ZN15TAbstractButton15touchClickEventEP11TTouchEvent  tabstractbutton.o
    0x08004a54   0x08004a54   0x00000044   Code   RO         9899    i._ZN15TAbstractButton15touchPressEventEP11TTouchEvent  tabstractbutton.o
    0x08004a98   0x08004a98   0x00000002   Code   RO         9966    i._ZN15TAbstractButton17mouseReleaseEventEP11TMouseEvent  tabstractbutton.o
    0x08004a9a   0x08004a9a   0x0000004a   Code   RO         9900    i._ZN15TAbstractButton17touchReleaseEventEP11TTouchEvent  tabstractbutton.o
    0x08004ae4   0x08004ae4   0x00000002   Code   RO         9972    i._ZN15TAbstractButton21mouseDoubleClickEventEP11TMouseEvent  tabstractbutton.o
    0x08004ae6   0x08004ae6   0x00000002   Code   RO        10032    i._ZN15TAbstractButton9moveEventEP10TMoveEvent  tabstractbutton.o
    0x08004ae8   0x08004ae8   0x0000003c   Code   RO         9901    i._ZN15TAbstractButtonC2EllllPKcP7TWidget  tabstractbutton.o
    0x08004b24   0x08004b24   0x00000012   Code   RO         9951    i._ZN15TAbstractButtonD0Ev  tabstractbutton.o
    0x08004b36   0x08004b36   0x00000010   Code   RO         9560    i._ZN15TAbstractButtonD2Ev  tguimain.o
    0x08004b46   0x08004b46   0x00000002   Code   RO        10287    i._ZN15TAbstractSlider10closeEventEP11TCloseEvent  tabstractslider.o
    0x08004b48   0x08004b48   0x00000002   Code   RO        10257    i._ZN15TAbstractSlider10enterEventEP6TEvent  tabstractslider.o
    0x08004b4a   0x08004b4a   0x00000002   Code   RO        10263    i._ZN15TAbstractSlider10leaveEventEP6TEvent  tabstractslider.o
    0x08004b4c   0x08004b4c   0x00000002   Code   RO        10269    i._ZN15TAbstractSlider10painTEventEP11TPainTEvent  tabstractslider.o
    0x08004b4e   0x08004b4e   0x00000002   Code   RO        10281    i._ZN15TAbstractSlider11resizeEventEP12TResizeEvent  tabstractslider.o
    0x08004b50   0x08004b50   0x00000002   Code   RO        10245    i._ZN15TAbstractSlider12focusInEventEP11TFocusEvent  tabstractslider.o
    0x08004b52   0x08004b52   0x00000002   Code   RO        10251    i._ZN15TAbstractSlider13focusOuTEventEP11TFocusEvent  tabstractslider.o
    0x08004b54   0x08004b54   0x00000002   Code   RO        10233    i._ZN15TAbstractSlider13keyPressEventEP9TKeyEvent  tabstractslider.o
    0x08004b56   0x08004b56   0x00000002   Code   RO        10227    i._ZN15TAbstractSlider14mouseMoveEventEP11TMouseEvent  tabstractslider.o
    0x08004b58   0x08004b58   0x00000002   Code   RO        10197    i._ZN15TAbstractSlider14touchMoveEventEP11TTouchEvent  tabstractslider.o
    0x08004b5a   0x08004b5a   0x00000002   Code   RO        10239    i._ZN15TAbstractSlider15keyReleaseEventEP9TKeyEvent  tabstractslider.o
    0x08004b5c   0x08004b5c   0x00000002   Code   RO        10221    i._ZN15TAbstractSlider15mouseClickEventEP11TMouseEvent  tabstractslider.o
    0x08004b5e   0x08004b5e   0x00000002   Code   RO        10203    i._ZN15TAbstractSlider15mousePressEventEP11TMouseEvent  tabstractslider.o
    0x08004b60   0x08004b60   0x00000002   Code   RO        10191    i._ZN15TAbstractSlider15touchClickEventEP11TTouchEvent  tabstractslider.o
    0x08004b62   0x08004b62   0x00000002   Code   RO        10179    i._ZN15TAbstractSlider15touchPressEventEP11TTouchEvent  tabstractslider.o
    0x08004b64   0x08004b64   0x00000002   Code   RO        10209    i._ZN15TAbstractSlider17mouseReleaseEventEP11TMouseEvent  tabstractslider.o
    0x08004b66   0x08004b66   0x00000002   Code   RO        10185    i._ZN15TAbstractSlider17touchReleaseEventEP11TTouchEvent  tabstractslider.o
    0x08004b68   0x08004b68   0x00000002   Code   RO        10215    i._ZN15TAbstractSlider21mouseDoubleClickEventEP11TMouseEvent  tabstractslider.o
    0x08004b6a   0x08004b6a   0x00000002   Code   RO        10275    i._ZN15TAbstractSlider9moveEventEP10TMoveEvent  tabstractslider.o
    0x08004b6c   0x08004b6c   0x00000040   Code   RO        10148    i._ZN15TAbstractSliderC2EllllPKcP7TWidgetb  tabstractslider.o
    0x08004bac   0x08004bac   0x00000012   Code   RO        10176    i._ZN15TAbstractSliderD0Ev  tabstractslider.o
    0x08004bbe   0x08004bbe   0x00000010   Code   RO        10170    i._ZN15TAbstractSliderD2Ev  tabstractslider.o
    0x08004bce   0x08004bce   0x0000000c   Code   RO         9700    i._ZN4User4showEv   user.o
    0x08004bda   0x08004bda   0x00000002   PAD
    0x08004bdc   0x08004bdc   0x0000006c   Code   RO         9701    i._ZN4UserC1EllllPKcP7TWidget  user.o
    0x08004c48   0x08004c48   0x00000012   Code   RO         9846    i._ZN4UserD0Ev      user.o
    0x08004c5a   0x08004c5a   0x00000010   Code   RO         9726    i._ZN4UserD1Ev      user.o
    0x08004c6a   0x08004c6a   0x0000001c   Code   RO        12864    i._ZN5TRect11moveTopLeftEll  trect.o
    0x08004c86   0x08004c86   0x00000004   Code   RO         9364    i._ZN5TRect6setTopEi  tpainter.o
    0x08004c8a   0x08004c8a   0x00000004   Code   RO         9358    i._ZN5TRect7setLeftEi  tpainter.o
    0x08004c8e   0x08004c8e   0x00000004   Code   RO         9370    i._ZN5TRect8setRightEi  tpainter.o
    0x08004c92   0x08004c92   0x0000000a   Code   RO        12872    i._ZN5TRect8setWidthEi  trect.o
    0x08004c9c   0x08004c9c   0x00000004   Code   RO         9376    i._ZN5TRect9setBottomEi  tpainter.o
    0x08004ca0   0x08004ca0   0x0000000a   Code   RO        12874    i._ZN5TRect9setHeightEi  trect.o
    0x08004caa   0x08004caa   0x00000016   Code   RO         9310    i._ZN5TRectC1Eiiii  tpainter.o
    0x08004cc0   0x08004cc0   0x0000000e   Code   RO        11906    i._ZN5TRectC1Ev     twidget.o
    0x08004cce   0x08004cce   0x0000000e   Code   RO         8463    i._ZN6TArray10deleteDataEPNS_10array_dataE  tarray.o
    0x08004cdc   0x08004cdc   0x0000001e   Code   RO         8336    i._ZN6TArray5storeEPKcm  tarray.o
    0x08004cfa   0x08004cfa   0x00000054   Code   RO         8339    i._ZN6TArray6resizeEm  tarray.o
    0x08004d4e   0x08004d4e   0x00000020   Code   RO         8457    i._ZN6TArray7newDataEv  tarray.o
    0x08004d6e   0x08004d6e   0x00000080   Code   RO         8340    i._ZN6TArray9duplicateEPKcm  tarray.o
    0x08004dee   0x08004dee   0x00000002   PAD
    0x08004df0   0x08004df0   0x00000018   Code   RO         8346    i._ZN6TArrayC1Ev    tarray.o
    0x08004e08   0x08004e08   0x00000034   Code   RO         8348    i._ZN6TArrayD1Ev    tarray.o
    0x08004e3c   0x08004e3c   0x00000024   Code   RO        13194    i._ZN6TEvent8peErrMsgEv  teven.o
    0x08004e60   0x08004e60   0x00000012   Code   RO        13327    i._ZN6TEventD0Ev    tapplication.o
    0x08004e72   0x08004e72   0x00000002   PAD
    0x08004e74   0x08004e74   0x0000001c   Code   RO        13313    i._ZN6TEventD1Ev    tapplication.o
    0x08004e90   0x08004e90   0x00000002   Code   RO        11040    i._ZN6TFrame10closeEventEP11TCloseEvent  tframe.o
    0x08004e92   0x08004e92   0x00000002   Code   RO        11010    i._ZN6TFrame10enterEventEP6TEvent  tframe.o
    0x08004e94   0x08004e94   0x00000002   Code   RO        11016    i._ZN6TFrame10leaveEventEP6TEvent  tframe.o
    0x08004e96   0x08004e96   0x00000002   Code   RO        11022    i._ZN6TFrame10painTEventEP11TPainTEvent  tframe.o
    0x08004e98   0x08004e98   0x00000002   Code   RO        11034    i._ZN6TFrame11resizeEventEP12TResizeEvent  tframe.o
    0x08004e9a   0x08004e9a   0x00000002   Code   RO        10998    i._ZN6TFrame12focusInEventEP11TFocusEvent  tframe.o
    0x08004e9c   0x08004e9c   0x00000002   Code   RO        11004    i._ZN6TFrame13focusOuTEventEP11TFocusEvent  tframe.o
    0x08004e9e   0x08004e9e   0x00000002   Code   RO        10986    i._ZN6TFrame13keyPressEventEP9TKeyEvent  tframe.o
    0x08004ea0   0x08004ea0   0x00000002   Code   RO        10980    i._ZN6TFrame14mouseMoveEventEP11TMouseEvent  tframe.o
    0x08004ea2   0x08004ea2   0x00000002   Code   RO        10950    i._ZN6TFrame14touchMoveEventEP11TTouchEvent  tframe.o
    0x08004ea4   0x08004ea4   0x00000002   Code   RO        10992    i._ZN6TFrame15keyReleaseEventEP9TKeyEvent  tframe.o
    0x08004ea6   0x08004ea6   0x00000002   Code   RO        10974    i._ZN6TFrame15mouseClickEventEP11TMouseEvent  tframe.o
    0x08004ea8   0x08004ea8   0x00000002   Code   RO        10956    i._ZN6TFrame15mousePressEventEP11TMouseEvent  tframe.o
    0x08004eaa   0x08004eaa   0x00000002   Code   RO        10944    i._ZN6TFrame15touchClickEventEP11TTouchEvent  tframe.o
    0x08004eac   0x08004eac   0x00000002   Code   RO        10932    i._ZN6TFrame15touchPressEventEP11TTouchEvent  tframe.o
    0x08004eae   0x08004eae   0x00000002   Code   RO        10962    i._ZN6TFrame17mouseReleaseEventEP11TMouseEvent  tframe.o
    0x08004eb0   0x08004eb0   0x00000002   Code   RO        10938    i._ZN6TFrame17touchReleaseEventEP11TTouchEvent  tframe.o
    0x08004eb2   0x08004eb2   0x00000002   Code   RO        10968    i._ZN6TFrame21mouseDoubleClickEventEP11TMouseEvent  tframe.o
    0x08004eb4   0x08004eb4   0x00000002   Code   RO        11028    i._ZN6TFrame9moveEventEP10TMoveEvent  tframe.o
    0x08004eb6   0x08004eb6   0x00000002   PAD
    0x08004eb8   0x08004eb8   0x00000034   Code   RO        10903    i._ZN6TFrameC2EllllPKcP7TWidget  tframe.o
    0x08004eec   0x08004eec   0x00000012   Code   RO        10904    i._ZN6TFrameD0Ev    tframe.o
    0x08004efe   0x08004efe   0x00000010   Code   RO        10905    i._ZN6TFrameD2Ev    tframe.o
    0x08004f0e   0x08004f0e   0x00000002   PAD
    0x08004f10   0x08004f10   0x00000060   Code   RO        11057    i._ZN6TLabel14slot_showValueEll  tlabel.o
    0x08004f70   0x08004f70   0x00000062   Code   RO        11058    i._ZN6TLabel4showEv  tlabel.o
    0x08004fd2   0x08004fd2   0x00000002   PAD
    0x08004fd4   0x08004fd4   0x0000009c   Code   RO        11059    i._ZN6TLabelC1EllllPKcP7TWidget  tlabel.o
    0x08005070   0x08005070   0x00000012   Code   RO        11090    i._ZN6TLabelD0Ev    tlabel.o
    0x08005082   0x08005082   0x00000010   Code   RO         9584    i._ZN6TLabelD1Ev    tguimain.o
    0x08005092   0x08005092   0x00000006   Code   RO        10381    i._ZN7TBuffer10getBufAddrEv  tcheckbox.o
    0x08005098   0x08005098   0x0000004e   Code   RO        13463    i._ZN7TBufferC1EPmmmm  tbuffer.o
    0x080050e6   0x080050e6   0x00000012   Code   RO        13464    i._ZN7TBufferD1Ev   tbuffer.o
    0x080050f8   0x080050f8   0x00000002   Code   RO        10746    i._ZN7TDialog10closeEventEP11TCloseEvent  tdialog.o
    0x080050fa   0x080050fa   0x00000002   Code   RO        10716    i._ZN7TDialog10enterEventEP6TEvent  tdialog.o
    0x080050fc   0x080050fc   0x00000002   Code   RO        10722    i._ZN7TDialog10leaveEventEP6TEvent  tdialog.o
    0x080050fe   0x080050fe   0x00000002   Code   RO        10728    i._ZN7TDialog10painTEventEP11TPainTEvent  tdialog.o
    0x08005100   0x08005100   0x00000002   Code   RO        10740    i._ZN7TDialog11resizeEventEP12TResizeEvent  tdialog.o
    0x08005102   0x08005102   0x00000002   Code   RO        10704    i._ZN7TDialog12focusInEventEP11TFocusEvent  tdialog.o
    0x08005104   0x08005104   0x00000002   Code   RO        10710    i._ZN7TDialog13focusOuTEventEP11TFocusEvent  tdialog.o
    0x08005106   0x08005106   0x00000002   Code   RO        10692    i._ZN7TDialog13keyPressEventEP9TKeyEvent  tdialog.o
    0x08005108   0x08005108   0x00000002   Code   RO        10686    i._ZN7TDialog14mouseMoveEventEP11TMouseEvent  tdialog.o
    0x0800510a   0x0800510a   0x000000b8   Code   RO        10534    i._ZN7TDialog14touchMoveEventEP11TTouchEvent  tdialog.o
    0x080051c2   0x080051c2   0x00000002   Code   RO        10698    i._ZN7TDialog15keyReleaseEventEP9TKeyEvent  tdialog.o
    0x080051c4   0x080051c4   0x00000002   Code   RO        10680    i._ZN7TDialog15mouseClickEventEP11TMouseEvent  tdialog.o
    0x080051c6   0x080051c6   0x00000002   Code   RO        10662    i._ZN7TDialog15mousePressEventEP11TMouseEvent  tdialog.o
    0x080051c8   0x080051c8   0x00000002   Code   RO        10656    i._ZN7TDialog15touchClickEventEP11TTouchEvent  tdialog.o
    0x080051ca   0x080051ca   0x00000206   Code   RO        10535    i._ZN7TDialog15touchPressEventEP11TTouchEvent  tdialog.o
    0x080053d0   0x080053d0   0x00000002   Code   RO        10668    i._ZN7TDialog17mouseReleaseEventEP11TMouseEvent  tdialog.o
    0x080053d2   0x080053d2   0x0000000e   Code   RO        10536    i._ZN7TDialog17touchReleaseEventEP11TTouchEvent  tdialog.o
    0x080053e0   0x080053e0   0x00000002   Code   RO        10674    i._ZN7TDialog21mouseDoubleClickEventEP11TMouseEvent  tdialog.o
    0x080053e2   0x080053e2   0x0000000c   Code   RO        10537    i._ZN7TDialog4showEv  tdialog.o
    0x080053ee   0x080053ee   0x000001c8   Code   RO        10538    i._ZN7TDialog8restRectEllllR5TRectS1_  tdialog.o
    0x080055b6   0x080055b6   0x00000002   Code   RO        10734    i._ZN7TDialog9moveEventEP10TMoveEvent  tdialog.o
    0x080055b8   0x080055b8   0x000000b0   Code   RO        10539    i._ZN7TDialogC1EllllPKcP7TWidget  tdialog.o
    0x08005668   0x08005668   0x00000012   Code   RO        10540    i._ZN7TDialogD0Ev   tdialog.o
    0x0800567a   0x0800567a   0x00000010   Code   RO        10541    i._ZN7TDialogD1Ev   tdialog.o
    0x0800568a   0x0800568a   0x00000002   Code   RO         9606    i._ZN7TDirver10obtainDataEv  tguimain.o
    0x0800568c   0x0800568c   0x00000004   Code   RO        13145    i._ZN7TDirver7setTypeEl  tdirver.o
    0x08005690   0x08005690   0x00000006   Code   RO         9600    i._ZN7TDirver8dataBackEv  tguimain.o
    0x08005696   0x08005696   0x00000006   Code   RO         9594    i._ZN7TDirver9dataFrontEv  tguimain.o
    0x0800569c   0x0800569c   0x00000006   Code   RO        11380    i._ZN7TObject10getParentsEv  tradiobutton.o
    0x080056a2   0x080056a2   0x00000048   Code   RO        12474    i._ZN7TObject12destroyChildEPS_  tobject.o
    0x080056ea   0x080056ea   0x00000006   Code   RO        11960    i._ZN7TObject12getChildListEv  twidget.o
    0x080056f0   0x080056f0   0x00000024   Code   RO        12477    i._ZN7TObject6relinkEP6tLNodeIPS_E  tobject.o
    0x08005714   0x08005714   0x00000030   Code   RO        12478    i._ZN7TObject6unlinkEPS_  tobject.o
    0x08005744   0x08005744   0x000000b8   Code   RO        12479    i._ZN7TObject7connectEMS_FviiEPS_S1_  tobject.o
    0x080057fc   0x080057fc   0x0000000c   Code   RO        10375    i._ZN7TObject7getNameEv  tcheckbox.o
    0x08005808   0x08005808   0x00000028   Code   RO        12480    i._ZN7TObject7setNameEPKc  tobject.o
    0x08005830   0x08005830   0x0000004c   Code   RO        12481    i._ZN7TObject8addChildEPS_  tobject.o
    0x0800587c   0x0800587c   0x00000040   Code   RO        12482    i._ZN7TObject8callSlotEMS_FviiEll  tobject.o
    0x080058bc   0x080058bc   0x00000034   Code   RO        12484    i._ZN7TObjectC2EPKcPS_  tobject.o
    0x080058f0   0x080058f0   0x00000012   Code   RO        12485    i._ZN7TObjectD0Ev   tobject.o
    0x08005902   0x08005902   0x00000002   PAD
    0x08005904   0x08005904   0x00000048   Code   RO        12486    i._ZN7TObjectD2Ev   tobject.o
    0x0800594c   0x0800594c   0x00000114   Code   RO        11509    i._ZN7TSlider11sig_depressEll  tslider.o
    0x08005a60   0x08005a60   0x0000011c   Code   RO        11510    i._ZN7TSlider11sig_releaseEll  tslider.o
    0x08005b7c   0x08005b7c   0x0000002e   Code   RO        11511    i._ZN7TSlider14touchMoveEventEP11TTouchEvent  tslider.o
    0x08005baa   0x08005baa   0x00000002   PAD
    0x08005bac   0x08005bac   0x00000028   Code   RO        11512    i._ZN7TSlider15sig_valueChangeEll  tslider.o
    0x08005bd4   0x08005bd4   0x00000044   Code   RO        11513    i._ZN7TSlider15touchPressEventEP11TTouchEvent  tslider.o
    0x08005c18   0x08005c18   0x00000054   Code   RO        11514    i._ZN7TSlider17touchReleaseEventEP11TTouchEvent  tslider.o
    0x08005c6c   0x08005c6c   0x0000000c   Code   RO        11515    i._ZN7TSlider4showEv  tslider.o
    0x08005c78   0x08005c78   0x000000b6   Code   RO        11516    i._ZN7TSlider7releaseEv  tslider.o
    0x08005d2e   0x08005d2e   0x00000002   PAD
    0x08005d30   0x08005d30   0x00000114   Code   RO        11517    i._ZN7TSlider8sig_moveEll  tslider.o
    0x08005e44   0x08005e44   0x000000e4   Code   RO        11518    i._ZN7TSliderC1EllllPKcP7TWidgetb  tslider.o
    0x08005f28   0x08005f28   0x00000012   Code   RO        11590    i._ZN7TSliderD0Ev   tslider.o
    0x08005f3a   0x08005f3a   0x00000016   Code   RO         9578    i._ZN7TSliderD1Ev   tguimain.o
    0x08005f50   0x08005f50   0x00000028   Code   RO         8737    i._ZN7TString6resizeEm  tstring.o
    0x08005f78   0x08005f78   0x00000046   Code   RO         8738    i._ZN7TString6setNumEm  tstring.o
    0x08005fbe   0x08005fbe   0x00000028   Code   RO         8739    i._ZN7TString6setStrEPKc  tstring.o
    0x08005fe6   0x08005fe6   0x00000002   PAD
    0x08005fe8   0x08005fe8   0x0000002c   Code   RO         8741    i._ZN7TStringC1EPKc  tstring.o
    0x08006014   0x08006014   0x00000012   Code   RO         8936    i._ZN7TStringD0Ev   tstring.o
    0x08006026   0x08006026   0x0000000e   Code   RO         8926    i._ZN7TStringD1Ev   tstring.o
    0x08006034   0x08006034   0x0000004e   Code   RO        11727    i._ZN7TWidget10chgInValidEP5TRectS1_  twidget.o
    0x08006082   0x08006082   0x00000002   Code   RO         9840    i._ZN7TWidget10closeEventEP11TCloseEvent  user.o
    0x08006084   0x08006084   0x00000002   Code   RO         9810    i._ZN7TWidget10enterEventEP6TEvent  user.o
    0x08006086   0x08006086   0x00000002   Code   RO         9816    i._ZN7TWidget10leaveEventEP6TEvent  user.o
    0x08006088   0x08006088   0x00000002   Code   RO         9822    i._ZN7TWidget10painTEventEP11TPainTEvent  user.o
    0x0800608a   0x0800608a   0x00000018   Code   RO        11728    i._ZN7TWidget10remInvalidEPS_  twidget.o
    0x080060a2   0x080060a2   0x000000b6   Code   RO        11729    i._ZN7TWidget11chgChildsXYEPS_  twidget.o
    0x08006158   0x08006158   0x00000166   Code   RO        11730    i._ZN7TWidget11eventFilterEP6TEvent  twidget.o
    0x080062be   0x080062be   0x00000006   Code   RO        12000    i._ZN7TWidget11getOffsetWHEv  twidget.o
    0x080062c4   0x080062c4   0x00000002   Code   RO         9834    i._ZN7TWidget11resizeEventEP12TResizeEvent  user.o
    0x080062c6   0x080062c6   0x00000002   Code   RO         9798    i._ZN7TWidget12focusInEventEP11TFocusEvent  user.o
    0x080062c8   0x080062c8   0x00000006   Code   RO        10399    i._ZN7TWidget12getBackColorEv  tcheckbox.o
    0x080062ce   0x080062ce   0x0000005a   Code   RO        11731    i._ZN7TWidget12isInRealAreaEll  twidget.o
    0x08006328   0x08006328   0x00000126   Code   RO        11732    i._ZN7TWidget13chgAllInValidEP8TObjListPS_P5TRectS4_  twidget.o
    0x0800644e   0x0800644e   0x00000002   Code   RO         9804    i._ZN7TWidget13focusOuTEventEP11TFocusEvent  user.o
    0x08006450   0x08006450   0x00000002   Code   RO         9786    i._ZN7TWidget13keyPressEventEP9TKeyEvent  user.o
    0x08006452   0x08006452   0x00000002   PAD
    0x08006454   0x08006454   0x00000068   Code   RO        11733    i._ZN7TWidget14addAchgInvalidEPS_P5TRectS2_  twidget.o
    0x080064bc   0x080064bc   0x00000020   Code   RO        11734    i._ZN7TWidget14chgPareInValidEv  twidget.o
    0x080064dc   0x080064dc   0x00000006   Code   RO        10644    i._ZN7TWidget14getInvalidListEv  tdialog.o
    0x080064e2   0x080064e2   0x00000002   Code   RO         9780    i._ZN7TWidget14mouseMoveEventEP11TMouseEvent  user.o
    0x080064e4   0x080064e4   0x000001aa   Code   RO        11735    i._ZN7TWidget14repaintInvaildEP5TRectS1_  twidget.o
    0x0800668e   0x0800668e   0x00000002   Code   RO         9750    i._ZN7TWidget14touchMoveEventEP11TTouchEvent  user.o
    0x08006690   0x08006690   0x00000002   Code   RO         9792    i._ZN7TWidget15keyReleaseEventEP9TKeyEvent  user.o
    0x08006692   0x08006692   0x00000002   Code   RO         9774    i._ZN7TWidget15mouseClickEventEP11TMouseEvent  user.o
    0x08006694   0x08006694   0x00000002   Code   RO         9756    i._ZN7TWidget15mousePressEventEP11TMouseEvent  user.o
    0x08006696   0x08006696   0x00000002   Code   RO         9744    i._ZN7TWidget15touchClickEventEP11TTouchEvent  user.o
    0x08006698   0x08006698   0x00000002   Code   RO         9732    i._ZN7TWidget15touchPressEventEP11TTouchEvent  user.o
    0x0800669a   0x0800669a   0x00000002   Code   RO         9762    i._ZN7TWidget17mouseReleaseEventEP11TMouseEvent  user.o
    0x0800669c   0x0800669c   0x00000002   Code   RO         9738    i._ZN7TWidget17touchReleaseEventEP11TTouchEvent  user.o
    0x0800669e   0x0800669e   0x0000000a   Code   RO        10632    i._ZN7TWidget1xEv   tdialog.o
    0x080066a8   0x080066a8   0x0000000a   Code   RO        10638    i._ZN7TWidget1yEv   tdialog.o
    0x080066b2   0x080066b2   0x00000002   Code   RO         9768    i._ZN7TWidget21mouseDoubleClickEventEP11TMouseEvent  user.o
    0x080066b4   0x080066b4   0x0000000c   Code   RO        11994    i._ZN7TWidget5widthEv  twidget.o
    0x080066c0   0x080066c0   0x00000010   Code   RO        10393    i._ZN7TWidget6heightEv  tcheckbox.o
    0x080066d0   0x080066d0   0x00000006   Code   RO         9406    i._ZN7TWidget7getRectEv  tpainter.o
    0x080066d6   0x080066d6   0x0000023c   Code   RO        11736    i._ZN7TWidget7rectCutEP5TRect  twidget.o
    0x08006912   0x08006912   0x00000016   Code   RO        11737    i._ZN7TWidget7refreshEv  twidget.o
    0x08006928   0x08006928   0x00000042   Code   RO        11738    i._ZN7TWidget7showAllEPS_  twidget.o
    0x0800696a   0x0800696a   0x0000000e   Code   RO        10650    i._ZN7TWidget7showAllEv  tdialog.o
    0x08006978   0x08006978   0x00000050   Code   RO        11739    i._ZN7TWidget8isInAreaEll  twidget.o
    0x080069c8   0x080069c8   0x00000006   Code   RO        10405    i._ZN7TWidget9getBufferEv  tcheckbox.o
    0x080069ce   0x080069ce   0x00000002   Code   RO         9828    i._ZN7TWidget9moveEventEP10TMoveEvent  user.o
    0x080069d0   0x080069d0   0x000000f0   Code   RO        11740    i._ZN7TWidget9transformEP5TRect  twidget.o
    0x08006ac0   0x08006ac0   0x00000130   Code   RO        11741    i._ZN7TWidgetC2EllllPKcPS_  twidget.o
    0x08006bf0   0x08006bf0   0x00000012   Code   RO        11742    i._ZN7TWidgetD0Ev   twidget.o
    0x08006c02   0x08006c02   0x00000002   PAD
    0x08006c04   0x08006c04   0x00000040   Code   RO        11743    i._ZN7TWidgetD2Ev   twidget.o
    0x08006c44   0x08006c44   0x00000012   Code   RO         8475    i._ZN7tShared5derefEv  tarray.o
    0x08006c56   0x08006c56   0x00000008   Code   RO        11948    i._ZN8TObjList10getCurrentEv  twidget.o
    0x08006c5e   0x08006c5e   0x00000008   Code   RO        11936    i._ZN8TObjList10setCurNodeEP6tLNodeIP7TObjectE  twidget.o
    0x08006c66   0x08006c66   0x00000008   Code   RO        11954    i._ZN8TObjList11getCurIndexEv  twidget.o
    0x08006c6e   0x08006c6e   0x00000008   Code   RO        11942    i._ZN8TObjList11setCurIndexEl  twidget.o
    0x08006c76   0x08006c76   0x00000014   Code   RO        12374    i._ZN8TObjList12compareItemsEP7TObjectS1_  tconnection.o
    0x08006c8a   0x08006c8a   0x00000010   Code   RO        12677    i._ZN8TObjList6appendEP7TObject  tobject.o
    0x08006c9a   0x08006c9a   0x0000000c   Code   RO        12689    i._ZN8TObjList7getLastEv  tobject.o
    0x08006ca6   0x08006ca6   0x0000000c   Code   RO        11924    i._ZN8TObjList7getNextEv  twidget.o
    0x08006cb2   0x08006cb2   0x0000000c   Code   RO        11930    i._ZN8TObjList8getFirstEv  twidget.o
    0x08006cbe   0x08006cbe   0x00000002   PAD
    0x08006cc0   0x08006cc0   0x00000018   Code   RO        12351    i._ZN8TObjListC1Ev  tconnection.o
    0x08006cd8   0x08006cd8   0x00000012   Code   RO        12383    i._ZN8TObjListD0Ev  tconnection.o
    0x08006cea   0x08006cea   0x0000000e   Code   RO        12380    i._ZN8TObjListD1Ev  tconnection.o
    0x08006cf8   0x08006cf8   0x00000090   Code   RO        10323    i._ZN9TCheckBox11sig_depressEll  tcheckbox.o
    0x08006d88   0x08006d88   0x000000a8   Code   RO        10324    i._ZN9TCheckBox11sig_releaseEll  tcheckbox.o
    0x08006e30   0x08006e30   0x0000000c   Code   RO        10325    i._ZN9TCheckBox4showEv  tcheckbox.o
    0x08006e3c   0x08006e3c   0x00000078   Code   RO        10326    i._ZN9TCheckBox7releaseEv  tcheckbox.o
    0x08006eb4   0x08006eb4   0x000000a4   Code   RO        10327    i._ZN9TCheckBoxC1EllllPKcP7TWidget  tcheckbox.o
    0x08006f58   0x08006f58   0x00000012   Code   RO        10411    i._ZN9TCheckBoxD0Ev  tcheckbox.o
    0x08006f6a   0x08006f6a   0x00000016   Code   RO        10369    i._ZN9TCheckBoxD1Ev  tcheckbox.o
    0x08006f80   0x08006f80   0x0000005c   Code   RO         8646    i._ZN9TFuncList4findEM7TObjectFviiE  tfunclist.o
    0x08006fdc   0x08006fdc   0x0000003a   Code   RO         8648    i._ZN9TFuncList6appendEM7TObjectFviiE  tfunclist.o
    0x08007016   0x08007016   0x00000094   Code   RO         8649    i._ZN9TFuncList6locateEm  tfunclist.o
    0x080070aa   0x080070aa   0x00000010   Code   RO         8654    i._ZN9TFuncListC1Ev  tfunclist.o
    0x080070ba   0x080070ba   0x00000012   Code   RO         8712    i._ZN9tFuncNodeC1EM7TObjectFviiE  tfunclist.o
    0x080070cc   0x080070cc   0x0000000a   Code   RO         9939    i._ZNK11TTouchEvent1xEv  tabstractbutton.o
    0x080070d6   0x080070d6   0x0000000a   Code   RO         9945    i._ZNK11TTouchEvent1yEv  tabstractbutton.o
    0x080070e0   0x080070e0   0x0000005a   Code   RO        12877    i._ZNK5TRect10intersectsERKS_  trect.o
    0x0800713a   0x0800713a   0x00000006   Code   RO         9340    i._ZNK5TRect3topEv  tpainter.o
    0x08007140   0x08007140   0x00000006   Code   RO         9334    i._ZNK5TRect4leftEv  tpainter.o
    0x08007146   0x08007146   0x00000006   Code   RO         9346    i._ZNK5TRect5rightEv  tpainter.o
    0x0800714c   0x0800714c   0x0000000c   Code   RO        11912    i._ZNK5TRect5widthEv  twidget.o
    0x08007158   0x08007158   0x00000006   Code   RO         9352    i._ZNK5TRect6bottomEv  tpainter.o
    0x0800715e   0x0800715e   0x0000000c   Code   RO        11918    i._ZNK5TRect6heightEv  twidget.o
    0x0800716a   0x0800716a   0x0000001a   Code   RO         9316    i._ZNK5TRect7isValidEv  tpainter.o
    0x08007184   0x08007184   0x00000058   Code   RO        12883    i._ZNK5TRect9intersectERKS_  trect.o
    0x080071dc   0x080071dc   0x00000008   Code   RO         8487    i._ZNK6TArray4dataEv  tarray.o
    0x080071e4   0x080071e4   0x0000000c   Code   RO         8756    i._ZNK7TStringcvPKcEv  tstring.o
    0x080071f0   0x080071f0   0x00000008   Code   RO        13806    i._ZdaPv            cpprt_w.l(array_del.o)
    0x080071f8   0x080071f8   0x00000008   Code   RO        13813    i._ZdlPv            cpprt_w.l(delete.o)
    0x08007200   0x08007200   0x00000008   Code   RO        13809    i._Znaj             cpprt_w.l(array_new.o)
    0x08007208   0x08007208   0x00000028   Code   RO        13816    i._Znwj             cpprt_w.l(new.o)
    0x08007230   0x08007230   0x00000020   Code   RO        14195    i.__0printf$8       mc_w.l(printf8.o)
    0x08007250   0x08007250   0x00000006   Code   RO        13820    i.__cxa_pure_virtual  cpprt_w.l(pure_virt.o)
    0x08007256   0x08007256   0x00000002   PAD
    0x08007258   0x08007258   0x0000005c   Code   RO        14249    i.__free$realloc    mc_w.l(mallocr.o)
    0x080072b4   0x080072b4   0x00000050   Code   RO        14250    i.__malloc$realloc  mc_w.l(mallocr.o)
    0x08007304   0x08007304   0x0000000e   Code   RO        14407    i.__scatterload_copy  mc_w.l(handlers.o)
    0x08007312   0x08007312   0x00000002   Code   RO        14408    i.__scatterload_null  mc_w.l(handlers.o)
    0x08007314   0x08007314   0x0000000e   Code   RO        14409    i.__scatterload_zeroinit  mc_w.l(handlers.o)
    0x08007322   0x08007322   0x00000002   PAD
    0x08007324   0x08007324   0x00000410   Code   RO        14202    i._printf_core      mc_w.l(printf8.o)
    0x08007734   0x08007734   0x00000024   Code   RO        14203    i._printf_post_padding  mc_w.l(printf8.o)
    0x08007758   0x08007758   0x0000002e   Code   RO        14204    i._printf_pre_padding  mc_w.l(printf8.o)
    0x08007786   0x08007786   0x00000002   PAD
    0x08007788   0x08007788   0x00000024   Code   RO         5887    i.fputc             usart_conf.o
    0x080077ac   0x080077ac   0x0000000c   Code   RO         8988    i.getState          tgui_conf.o
    0x080077b8   0x080077b8   0x0000000c   Code   RO         8989    i.getTouchX         tgui_conf.o
    0x080077c4   0x080077c4   0x0000000c   Code   RO         8990    i.getTouchY         tgui_conf.o
    0x080077d0   0x080077d0   0x00000030   Code   RO         8992    i.guiTouchDown      tgui_conf.o
    0x08007800   0x08007800   0x0000000c   Code   RO         8993    i.guiTouchUp        tgui_conf.o
    0x0800780c   0x0800780c   0x00000094   Code   RO         8994    i.gui_dma2d_memset  tgui_conf.o
    0x080078a0   0x080078a0   0x00000050   Code   RO        14251    i.internal_alloc    mc_w.l(mallocr.o)
    0x080078f0   0x080078f0   0x000000c0   Code   RO         5984    i.main              main.o
    0x080079b0   0x080079b0   0x00000098   Code   RO         7423    i.prvAddCurrentTaskToDelayedList  tasks.o
    0x08007a48   0x08007a48   0x000000b8   Code   RO         7424    i.prvAddNewTaskToReadyList  tasks.o
    0x08007b00   0x08007b00   0x00000064   Code   RO         7760    i.prvCheckForValidListAndQueue  timers.o
    0x08007b64   0x08007b64   0x00000064   Code   RO         7425    i.prvCheckTasksWaitingTermination  tasks.o
    0x08007bc8   0x08007bc8   0x0000002a   Code   RO         7222    i.prvCopyDataFromQueue  queue.o
    0x08007bf2   0x08007bf2   0x0000007c   Code   RO         7223    i.prvCopyDataToQueue  queue.o
    0x08007c6e   0x08007c6e   0x00000012   Code   RO         7426    i.prvDeleteTCB      tasks.o
    0x08007c80   0x08007c80   0x00000028   Code   RO         7761    i.prvGetNextExpireTime  timers.o
    0x08007ca8   0x08007ca8   0x0000007c   Code   RO         7967    i.prvHeapInit       heap_4.o
    0x08007d24   0x08007d24   0x00000028   Code   RO         7427    i.prvIdleTask       tasks.o
    0x08007d4c   0x08007d4c   0x0000002a   Code   RO         7225    i.prvInitialiseNewQueue  queue.o
    0x08007d76   0x08007d76   0x000000b4   Code   RO         7428    i.prvInitialiseNewTask  tasks.o
    0x08007e2a   0x08007e2a   0x00000002   PAD
    0x08007e2c   0x08007e2c   0x00000068   Code   RO         7429    i.prvInitialiseTaskLists  tasks.o
    0x08007e94   0x08007e94   0x00000068   Code   RO         7968    i.prvInsertBlockIntoFreeList  heap_4.o
    0x08007efc   0x08007efc   0x00000058   Code   RO         7763    i.prvInsertTimerInActiveList  timers.o
    0x08007f54   0x08007f54   0x0000001a   Code   RO         7226    i.prvIsQueueEmpty   queue.o
    0x08007f6e   0x08007f6e   0x0000001e   Code   RO         7227    i.prvIsQueueFull    queue.o
    0x08007f8c   0x08007f8c   0x00000064   Code   RO         7764    i.prvProcessExpiredTimer  timers.o
    0x08007ff0   0x08007ff0   0x000000f8   Code   RO         7765    i.prvProcessReceivedCommands  timers.o
    0x080080e8   0x080080e8   0x00000074   Code   RO         7766    i.prvProcessTimerOrBlockTask  timers.o
    0x0800815c   0x0800815c   0x00000034   Code   RO         7431    i.prvResetNextTaskUnblockTime  tasks.o
    0x08008190   0x08008190   0x0000002c   Code   RO         7767    i.prvSampleTimeNow  timers.o
    0x080081bc   0x080081bc   0x000000a0   Code   RO         7768    i.prvSwitchTimerLists  timers.o
    0x0800825c   0x0800825c   0x00000040   Code   RO         7892    i.prvTaskExitError  port.o
    0x0800829c   0x0800829c   0x0000001a   Code   RO         7769    i.prvTimerTask      timers.o
    0x080082b6   0x080082b6   0x0000007e   Code   RO         7228    i.prvUnlockQueue    queue.o
    0x08008334   0x08008334   0x0000013c   Code   RO         7969    i.pvPortMalloc      heap_4.o
    0x08008470   0x08008470   0x00000020   Code   RO         7434    i.pvTaskIncrementMutexHeldCount  tasks.o
    0x08008490   0x08008490   0x0000002c   Code   RO         7893    i.pxPortInitialiseStack  port.o
    0x080084bc   0x080084bc   0x0000006c   Code   RO        14252    i.realloc           mc_w.l(mallocr.o)
    0x08008528   0x08008528   0x00000028   Code   RO         7185    i.uxListRemove      list.o
    0x08008550   0x08008550   0x0000001a   Code   RO         7186    i.vListInitialise   list.o
    0x0800856a   0x0800856a   0x00000006   Code   RO         7187    i.vListInitialiseItem  list.o
    0x08008570   0x08008570   0x00000034   Code   RO         7188    i.vListInsert       list.o
    0x080085a4   0x080085a4   0x00000018   Code   RO         7189    i.vListInsertEnd    list.o
    0x080085bc   0x080085bc   0x00000054   Code   RO         7895    i.vPortEnterCritical  port.o
    0x08008610   0x08008610   0x0000003c   Code   RO         7896    i.vPortExitCritical  port.o
    0x0800864c   0x0800864c   0x00000094   Code   RO         7970    i.vPortFree         heap_4.o
    0x080086e0   0x080086e0   0x00000020   Code   RO         7897    i.vPortSetupTimerInterrupt  port.o
    0x08008700   0x08008700   0x00000078   Code   RO         7898    i.vPortValidateInterruptPriority  port.o
    0x08008778   0x08008778   0x0000002c   Code   RO         7234    i.vQueueAddToRegistry  queue.o
    0x080087a4   0x080087a4   0x0000004a   Code   RO         7238    i.vQueueWaitForMessageRestricted  queue.o
    0x080087ee   0x080087ee   0x00000002   PAD
    0x080087f0   0x080087f0   0x0000000c   Code   RO         7447    i.vTaskMissedYield  tasks.o
    0x080087fc   0x080087fc   0x00000038   Code   RO         7449    i.vTaskPlaceOnEventList  tasks.o
    0x08008834   0x08008834   0x00000040   Code   RO         7450    i.vTaskPlaceOnEventListRestricted  tasks.o
    0x08008874   0x08008874   0x000000b0   Code   RO         7452    i.vTaskPriorityInherit  tasks.o
    0x08008924   0x08008924   0x00000030   Code   RO         7456    i.vTaskSetTimeOutState  tasks.o
    0x08008954   0x08008954   0x00000094   Code   RO         7457    i.vTaskStartScheduler  tasks.o
    0x080089e8   0x080089e8   0x00000010   Code   RO         7459    i.vTaskSuspendAll   tasks.o
    0x080089f8   0x080089f8   0x0000008c   Code   RO         7460    i.vTaskSwitchContext  tasks.o
    0x08008a84   0x08008a84   0x0000013c   Code   RO         7899    i.xPortStartScheduler  port.o
    0x08008bc0   0x08008bc0   0x00000058   Code   RO         7241    i.xQueueGenericCreate  queue.o
    0x08008c18   0x08008c18   0x000001c4   Code   RO         7242    i.xQueueGenericReceive  queue.o
    0x08008ddc   0x08008ddc   0x00000098   Code   RO         7243    i.xQueueGenericReset  queue.o
    0x08008e74   0x08008e74   0x000001a8   Code   RO         7244    i.xQueueGenericSend  queue.o
    0x0800901c   0x0800901c   0x000000f8   Code   RO         7245    i.xQueueGenericSendFromISR  queue.o
    0x08009114   0x08009114   0x0000008c   Code   RO         7461    i.xTaskCheckForTimeOut  tasks.o
    0x080091a0   0x080091a0   0x00000060   Code   RO         7462    i.xTaskCreate       tasks.o
    0x08009200   0x08009200   0x00000020   Code   RO         7466    i.xTaskGetSchedulerState  tasks.o
    0x08009220   0x08009220   0x0000000c   Code   RO         7467    i.xTaskGetTickCount  tasks.o
    0x0800922c   0x0800922c   0x00000148   Code   RO         7469    i.xTaskIncrementTick  tasks.o
    0x08009374   0x08009374   0x000000c8   Code   RO         7472    i.xTaskPriorityDisinherit  tasks.o
    0x0800943c   0x0800943c   0x00000098   Code   RO         7473    i.xTaskRemoveFromEventList  tasks.o
    0x080094d4   0x080094d4   0x00000104   Code   RO         7475    i.xTaskResumeAll    tasks.o
    0x080095d8   0x080095d8   0x00000058   Code   RO         7773    i.xTimerCreateTimerTask  timers.o
    0x08009630   0x08009630   0x00000084   Code   RO         7774    i.xTimerGenericCommand  timers.o
    0x080096b4   0x080096b4   0x00000012   Code   RO        12624    t._ZN11tCollectionIP11TConnectionE10deleteItemEPv  tobject.o
    0x080096c6   0x080096c6   0x00000012   Code   RO        12283    t._ZN11tCollectionIP7TObjectE10deleteItemEPv  tconnection.o
    0x080096d8   0x080096d8   0x00000012   Code   RO        11859    t._ZN11tCollectionIP7TWidgetE10deleteItemEPv  twidget.o
    0x080096ea   0x080096ea   0x00000010   Code   RO        12710    t._ZN5TListIP11TConnectionE10deleteItemEPv  tobject.o
    0x080096fa   0x080096fa   0x0000002c   Code   RO         8567    t._ZN5TListIP11TConnectionE4nextEv  tconnectlist.o
    0x08009726   0x08009726   0x00000056   Code   RO        12642    t._ZN5TListIP11TConnectionE5clearEv  tobject.o
    0x0800977c   0x0800977c   0x00000016   Code   RO         8561    t._ZN5TListIP11TConnectionE5firstEv  tconnectlist.o
    0x08009792   0x08009792   0x00000040   Code   RO        12659    t._ZN5TListIP11TConnectionE6appendES1_  tobject.o
    0x080097d2   0x080097d2   0x00000094   Code   RO        12665    t._ZN5TListIP11TConnectionE6locateEm  tobject.o
    0x08009866   0x08009866   0x00000002   PAD
    0x08009868   0x08009868   0x0000002c   Code   RO        12636    t._ZN5TListIP11TConnectionEC1Ev  tobject.o
    0x08009894   0x08009894   0x00000010   Code   RO        12345    t._ZN5TListIP7TObjectE10deleteItemEPv  tconnection.o
    0x080098a4   0x080098a4   0x0000003a   Code   RO        12580    t._ZN5TListIP7TObjectE10relinkNodeEP6tLNodeIS1_E  tobject.o
    0x080098de   0x080098de   0x0000000e   Code   RO        12330    t._ZN5TListIP7TObjectE12compareItemsES1_S1_  tconnection.o
    0x080098ec   0x080098ec   0x00000046   Code   RO        12586    t._ZN5TListIP7TObjectE4findES1_b  tobject.o
    0x08009932   0x08009932   0x00000018   Code   RO        12600    t._ZN5TListIP7TObjectE4lastEv  tobject.o
    0x0800994a   0x0800994a   0x0000002c   Code   RO        10600    t._ZN5TListIP7TObjectE4nextEv  tdialog.o
    0x08009976   0x08009976   0x00000056   Code   RO        12301    t._ZN5TListIP7TObjectE5clearEv  tconnection.o
    0x080099cc   0x080099cc   0x00000016   Code   RO        10594    t._ZN5TListIP7TObjectE5firstEv  tdialog.o
    0x080099e2   0x080099e2   0x00000040   Code   RO        12318    t._ZN5TListIP7TObjectE6appendES1_  tconnection.o
    0x08009a22   0x08009a22   0x00000094   Code   RO        12324    t._ZN5TListIP7TObjectE6locateEm  tconnection.o
    0x08009ab6   0x08009ab6   0x0000004e   Code   RO        12593    t._ZN5TListIP7TObjectE6removeES1_  tobject.o
    0x08009b04   0x08009b04   0x00000094   Code   RO        12574    t._ZN5TListIP7TObjectE6unlinkEv  tobject.o
    0x08009b98   0x08009b98   0x00000034   Code   RO        12606    t._ZN5TListIP7TObjectE7findRefES1_b  tobject.o
    0x08009bcc   0x08009bcc   0x0000002c   Code   RO        12295    t._ZN5TListIP7TObjectEC1Ev  tconnection.o
    0x08009bf8   0x08009bf8   0x00000012   Code   RO        12315    t._ZN5TListIP7TObjectED0Ev  tconnection.o
    0x08009c0a   0x08009c0a   0x00000002   PAD
    0x08009c0c   0x08009c0c   0x00000048   Code   RO        12308    t._ZN5TListIP7TObjectED1Ev  tconnection.o
    0x08009c54   0x08009c54   0x00000010   Code   RO        11981    t._ZN5TListIP7TWidgetE10deleteItemEPv  twidget.o
    0x08009c64   0x08009c64   0x0000000e   Code   RO        11969    t._ZN5TListIP7TWidgetE12compareItemsES1_S1_  twidget.o
    0x08009c72   0x08009c72   0x00000046   Code   RO        10612    t._ZN5TListIP7TWidgetE4findES1_b  tdialog.o
    0x08009cb8   0x08009cb8   0x0000002c   Code   RO         9328    t._ZN5TListIP7TWidgetE4nextEv  tpainter.o
    0x08009ce4   0x08009ce4   0x00000056   Code   RO        11877    t._ZN5TListIP7TWidgetE5clearEv  twidget.o
    0x08009d3a   0x08009d3a   0x00000016   Code   RO         9322    t._ZN5TListIP7TWidgetE5firstEv  tpainter.o
    0x08009d50   0x08009d50   0x00000040   Code   RO        11894    t._ZN5TListIP7TWidgetE6appendES1_  twidget.o
    0x08009d90   0x08009d90   0x0000004e   Code   RO        10619    t._ZN5TListIP7TWidgetE6removeES1_  tdialog.o
    0x08009dde   0x08009dde   0x00000094   Code   RO        10606    t._ZN5TListIP7TWidgetE6unlinkEv  tdialog.o
    0x08009e72   0x08009e72   0x00000034   Code   RO        11900    t._ZN5TListIP7TWidgetE7findRefES1_b  twidget.o
    0x08009ea6   0x08009ea6   0x00000002   PAD
    0x08009ea8   0x08009ea8   0x0000002c   Code   RO        11871    t._ZN5TListIP7TWidgetEC1Ev  twidget.o
    0x08009ed4   0x08009ed4   0x00000012   Code   RO        11891    t._ZN5TListIP7TWidgetED0Ev  twidget.o
    0x08009ee6   0x08009ee6   0x00000002   PAD
    0x08009ee8   0x08009ee8   0x00000048   Code   RO        11884    t._ZN5TListIP7TWidgetED1Ev  twidget.o
    0x08009f30   0x08009f30   0x000029d0   Data   RO         7020    .constdata          fonts_1.o
    0x0800c900   0x0800c900   0x000000fc   Data   RO         8036    .constdata          gt9xx.o
    0x0800c9fc   0x0800c9fc   0x00000020   Data   RO         9541    .constdata          tguimain.o
    0x0800ca1c   0x0800ca1c   0x00000010   Data   RO        10333    .constdata          tcheckbox.o
    0x0800ca2c   0x0800ca2c   0x00000010   Data   RO        11231    .constdata          tpushbutton.o
    0x0800ca3c   0x0800ca3c   0x00000010   Data   RO        11331    .constdata          tradiobutton.o
    0x0800ca4c   0x0800ca4c   0x00000020   Data   RO        11529    .constdata          tslider.o
    0x0800ca6c   0x0800ca6c   0x00000008   Data   RO        12242    .constdata          tconnection.o
    0x0800ca74   0x0800ca74   0x00000070   Data   RO        11266    .constdata__ZTV11TPushButton  tpushbutton.o
    0x0800cae4   0x0800cae4   0x00000010   Data   RO        13322    .constdata__ZTV11TTouchEvent  tapplication.o
    0x0800caf4   0x0800caf4   0x00000020   Data   RO        12569    .constdata__ZTV11tCollectionIP11TConnectionE  tobject.o
    0x0800cb14   0x0800cb14   0x00000020   Data   RO        12268    .constdata__ZTV11tCollectionIP7TObjectE  tconnection.o
    0x0800cb34   0x0800cb34   0x00000020   Data   RO        11842    .constdata__ZTV11tCollectionIP7TWidgetE  twidget.o
    0x0800cb54   0x0800cb54   0x00000028   Data   RO        12007    .constdata__ZTV11tWidgetList  twidget.o
    0x0800cb7c   0x0800cb7c   0x00000028   Data   RO        12723    .constdata__ZTV12TConnectList  tobject.o
    0x0800cba4   0x0800cba4   0x00000070   Data   RO        11379    .constdata__ZTV12TRadioButton  tradiobutton.o
    0x0800cc14   0x0800cc14   0x00000014   Data   RO        13144    .constdata__ZTV12TTouchDirver  tdirver.o
    0x0800cc28   0x0800cc28   0x00000070   Data   RO         9938    .constdata__ZTV15TAbstractButton  tabstractbutton.o
    0x0800cc98   0x0800cc98   0x00000074   Data   RO        10167    .constdata__ZTV15TAbstractSlider  tabstractslider.o
    0x0800cd0c   0x0800cd0c   0x00000064   Data   RO         9725    .constdata__ZTV4User  user.o
    0x0800cd70   0x0800cd70   0x00000024   Data   RO        12571    .constdata__ZTV5TListIP11TConnectionE  tobject.o
    0x0800cd94   0x0800cd94   0x00000024   Data   RO        12270    .constdata__ZTV5TListIP7TObjectE  tconnection.o
    0x0800cdb8   0x0800cdb8   0x00000024   Data   RO        11844    .constdata__ZTV5TListIP7TWidgetE  twidget.o
    0x0800cddc   0x0800cddc   0x0000001c   Data   RO         8456    .constdata__ZTV6TArray  tarray.o
    0x0800cdf8   0x0800cdf8   0x00000010   Data   RO        13320    .constdata__ZTV6TEvent  tapplication.o
    0x0800ce08   0x0800ce08   0x00000064   Data   RO        10931    .constdata__ZTV6TFrame  tframe.o
    0x0800ce6c   0x0800ce6c   0x00000064   Data   RO        11089    .constdata__ZTV6TLabel  tlabel.o
    0x0800ced0   0x0800ced0   0x00000064   Data   RO        10593    .constdata__ZTV7TDialog  tdialog.o
    0x0800cf34   0x0800cf34   0x00000014   Data   RO         9591    .constdata__ZTV7TDirver  tguimain.o
    0x0800cf48   0x0800cf48   0x00000014   Data   RO        12573    .constdata__ZTV7TObject  tobject.o
    0x0800cf5c   0x0800cf5c   0x00000078   Data   RO        11589    .constdata__ZTV7TSlider  tslider.o
    0x0800cfd4   0x0800cfd4   0x0000001c   Data   RO         8933    .constdata__ZTV7TString  tstring.o
    0x0800cff0   0x0800cff0   0x00000064   Data   RO        11846    .constdata__ZTV7TWidget  twidget.o
    0x0800d054   0x0800d054   0x00000028   Data   RO        12355    .constdata__ZTV8TObjList  tconnection.o
    0x0800d07c   0x0800d07c   0x00000070   Data   RO        10368    .constdata__ZTV9TCheckBox  tcheckbox.o
    0x0800d0ec   0x0800d0ec   0x000000a1   Data   RO         8037    .conststring        gt9xx.o
    0x0800d18d   0x0800d18d   0x00000003   PAD
    0x0800d190   0x0800d190   0x00000030   Data   RO        14406    Region$$Table       anon$$obj.o


    Execution Region RW_IRAM1 (Exec base: 0x20000000, Load base: 0x0800d1c0, Size: 0x000154c0, Max: 0x00030000, ABSOLUTE, COMPRESSED[0x00000114])

    Exec Addr    Load Addr    Size         Type   Attr      Idx    E Section Name        Object

    0x20000000   COMPRESSED   0x00000014   Data   RW           16    .data               system_stm32f4xx.o
    0x20000014   COMPRESSED   0x00000010   Data   RW         3013    .data               stm32f4xx_rcc.o
    0x20000024   COMPRESSED   0x00000014   Data   RW         5453    .data               lcd_conf.o
    0x20000038   COMPRESSED   0x00000004   Data   RW         5990    .data               main.o
    0x2000003c   COMPRESSED   0x00000021   Data   RW         7021    .data               fonts_1.o
    0x2000005d   COMPRESSED   0x00000003   PAD
    0x20000060   COMPRESSED   0x0000003c   Data   RW         7478    .data               tasks.o
    0x2000009c   COMPRESSED   0x00000014   Data   RW         7780    .data               timers.o
    0x200000b0   COMPRESSED   0x0000000c   Data   RW         7900    .data               port.o
    0x200000bc   COMPRESSED   0x00000018   Data   RW         7975    .data               heap_4.o
    0x200000d4   COMPRESSED   0x00000283   Data   RW         8038    .data               gt9xx.o
    0x20000357   COMPRESSED   0x00000001   PAD
    0x20000358   COMPRESSED   0x00000004   Data   RW         8261    .data               touch_i2c.o
    0x2000035c   COMPRESSED   0x00000015   Data   RW         8995    .data               tgui_conf.o
    0x20000371   COMPRESSED   0x00000003   PAD
    0x20000374   COMPRESSED   0x00000004   Data   RW        14321    .data               mc_w.l(stdout.o)
    0x20000378   COMPRESSED   0x00000004   Data   RW        14340    .data               mc_w.l(mvars.o)
    0x2000037c   COMPRESSED   0x00000004   Data   RW        14341    .data               mc_w.l(mvars.o)
    0x20000380   COMPRESSED   0x0000000c   Data   RW        14344    .data               mc_w.l(cpp_memory.o)
    0x2000038c        -       0x00000040   Zero   RW         7253    .bss                queue.o
    0x200003cc        -       0x000000c8   Zero   RW         7477    .bss                tasks.o
    0x20000494        -       0x00000028   Zero   RW         7779    .bss                timers.o
    0x200004bc        -       0x00014000   Zero   RW         7974    .bss                heap_4.o
    0x200144bc   COMPRESSED   0x00000004   PAD
    0x200144c0        -       0x00001000   Zero   RW            1    STACK               startup_stm32f429_439xx.o


    Execution Region RW_ERAM1 (Exec base: 0xd0000000, Load base: 0x0800d2d4, Size: 0x00400008, Max: 0x00800000, ABSOLUTE)

    Exec Addr    Load Addr    Size         Type   Attr      Idx    E Section Name        Object

    0xd0000000        -       0x00000001   Zero   RW         6541    .ARM.__AT_0xD0000000  sdramtest.o
    0xd0000001   0x0800d2d4   0x00000007   PAD
    0xd0000008        -       0x00400000   Zero   RW            2    HEAP                startup_stm32f429_439xx.o


==============================================================================

Image component sizes


      Code (inc. data)   RO Data    RW Data    ZI Data      Debug   Object Name

         0          0          0          0          0       7184   croutine.o
        18          0          0          0          0        764   delay_conf.o
         0          0          0          0          0      11744   event_groups.o
       220         10          0          0          0        678   flash_conf.o
         0          0      10704         33          0       2070   fonts_1.o
      1890        466        413        643          0      15310   gt9xx.o
       692         62          0         24      81920       4279   heap_4.o
      1352        102          0         20          0       6024   lcd_conf.o
       220         30          0          0          0       2526   led_conf.o
       148          0          0          0          0       3102   list.o
       224         62          0          4          0      38029   main.o
       140         24          0          0          0       1695   misc.o
       954         92          0         12          0      11181   port.o
      1872         22          0          0         64      15669   queue.o
      1244         28          0          0          0       3030   sdram_conf.o
         0          0          0          0          1        204   sdramtest.o
        44         12        428          0    4198400        960   startup_stm32f429_439xx.o
       294         20          0          0          0       3060   stm32f4xx_dma2d.o
       184         16          0          0          0       2296   stm32f4xx_exti.o
       452         20          0          0          0       3735   stm32f4xx_fmc.o
       240          0          0          0          0       4361   stm32f4xx_gpio.o
       456         14          0          0          0       7172   stm32f4xx_i2c.o
        92          8          0          0          0       5378   stm32f4xx_it.o
       742         26          0          0          0       4498   stm32f4xx_ltdc.o
       516         70          0         16          0       8711   stm32f4xx_rcc.o
        84          0          0          0          0       1889   stm32f4xx_spi.o
        64          4          0          0          0        692   stm32f4xx_syscfg.o
       220         28          0          0          0       4554   stm32f4xx_tim.o
       344          8          0          0          0       4409   stm32f4xx_usart.o
       392         32          0         20          0     341629   system_stm32f4xx.o
       326          6        112          0          0      52358   tabstractbutton.o
       136          4        116          0          0      20524   tabstractslider.o
       588         38         32          0          0      49846   tapplication.o
       390         10         28          0          0       9596   tarray.o
      2742        358          0         60        200      21088   tasks.o
        96          0          0          0          0       2192   tbuffer.o
      3554        114          0          0          0      54742   tbufpainter.o
       694         14        128          0          0      52106   tcheckbox.o
       880         48        116          0          0      43690   tconnection.o
       200          0          0          0          0      32866   tconnectlist.o
      1844         10        100          0          0      71958   tdialog.o
       176          0         20          0          0      15020   tdirver.o
        36         24          0          0          0        484   teven.o
       124          4        100          0          0      11548   tframe.o
       332          0          0          0          0       4672   tfunclist.o
       244         42          0         21          0       4437   tgui_conf.o
       888        110         52          0          0      30602   tguimain.o
       118          6          0          0          0       1463   tim_conf.o
      1142        118          0         20         40      17007   timers.o
       368         12        100          0          0      47550   tlabel.o
      1548         30        128          0          0      52658   tobject.o
      1110        116          0          4          0       6003   touch_i2c.o
       192          0          0          0          0      49014   tpainter.o
       528         14        128          0          0      13424   tpushbutton.o
       744         18        128          0          0      49494   tradiobutton.o
       226          0          0          0          0       9834   trect.o
         0          0          0          0          0       1954   tsize.o
      1514         22        152          0          0      49654   tslider.o
       238          4         28          0          0       6752   tstring.o
      3516         88        208          0          0      77514   twidget.o
       244         14          0          0          0       1735   usart_conf.o
       192         10        100          0          0      23180   user.o

    ----------------------------------------------------------------------
     38094       2390      13372        884    4280636    1401798   Object Totals
         0          0         48          0          0          0   (incl. Generated)
        66          0          3          7         11          0   (incl. Padding)

    ----------------------------------------------------------------------

      Code (inc. data)   RO Data    RW Data    ZI Data      Debug   Library Member Name

        80         12          0          0          0        104   arm_exceptions_globs.o
        60          0          0          0          0        108   arm_exceptions_mem.o
        26          0          0          0          0         76   arm_exceptions_terminate.o
         4          0          0          0          0         68   arm_newhandler_noexceptions.o
         8          0          0          0          0         76   array_del.o
         8          0          0          0          0         76   array_new.o
         8          0          0          0          0         76   delete.o
        40          6          0          0          0         76   new.o
         6          0          0          0          0         68   pure_virt.o
        86          0          0          0          0          0   __dczerorl2.o
        20          4          0         12          0        136   cpp_memory.o
         2          0          0          0          0         68   cpp_signal.o
         0          0          0          0          0          0   entry.o
         0          0          0          0          0          0   entry10a.o
         0          0          0          0          0          0   entry11a.o
         8          4          0          0          0          0   entry2.o
         4          0          0          0          0          0   entry5.o
         0          0          0          0          0          0   entry7b.o
         0          0          0          0          0          0   entry8b.o
         8          4          0          0          0          0   entry9a.o
        30          0          0          0          0          0   handlers.o
        36          8          0          0          0         68   init.o
        30          0          0          0          0         68   llshl.o
        32          0          0          0          0         68   llushr.o
       360         30          0          0          0        356   mallocr.o
        64          0          0          0          0         76   memmovea.o
        36          0          0          0          0        108   memseta.o
         0          0          0          8          0          0   mvars.o
      1154         54          0          0          0        352   printf8.o
         0          0          0          4          0          0   stdout.o
        14          0          0          0          0         68   strlen.o
        98          0          0          0          0         92   uldiv.o

    ----------------------------------------------------------------------
      2230        122          0         24          0       2188   Library Totals
         8          0          0          0          0          0   (incl. Padding)

    ----------------------------------------------------------------------

      Code (inc. data)   RO Data    RW Data    ZI Data      Debug   Library Name

       240         18          0          0          0        728   cpprt_w.l
      1982        104          0         24          0       1460   mc_w.l

    ----------------------------------------------------------------------
      2230        122          0         24          0       2188   Library Totals

    ----------------------------------------------------------------------

==============================================================================


      Code (inc. data)   RO Data    RW Data    ZI Data      Debug   

     40324       2512      13372        908    4280636    1349778   Grand Totals
     40324       2512      13372        276    4280636    1349778   ELF Image Totals (compressed)
     40324       2512      13372        276          0          0   ROM Totals

==============================================================================

    Total RO  Size (Code + RO Data)                53696 (  52.44kB)
    Total RW  Size (RW Data + ZI Data)           4281544 (4181.20kB)
    Total ROM Size (Code + RO Data + RW Data)      53972 (  52.71kB)

==============================================================================

